Archive member included because of file (symbol)

C:\Users\fengk\AppData\Local\Arduino15\packages\arduino\hardware\sam\1.6.12\variants\arduino_due_x/libsam_sam3x8e_gcc_rel.a(pio.o)
                              C:\Users\fengk\AppData\Local\Temp\arduino\sketches\165FB370B6E400B4B5279F3BA1A9661A\core\variant.cpp.o (PIO_Configure)
C:\Users\fengk\AppData\Local\Arduino15\packages\arduino\hardware\sam\1.6.12\variants\arduino_due_x/libsam_sam3x8e_gcc_rel.a(pmc.o)
                              C:\Users\fengk\AppData\Local\Temp\arduino\sketches\165FB370B6E400B4B5279F3BA1A9661A\core\variant.cpp.o (pmc_enable_periph_clk)
C:\Users\fengk\AppData\Local\Arduino15\packages\arduino\hardware\sam\1.6.12\variants\arduino_due_x/libsam_sam3x8e_gcc_rel.a(system_sam3xa.o)
                              C:\Users\fengk\AppData\Local\Temp\arduino\sketches\165FB370B6E400B4B5279F3BA1A9661A\core\variant.cpp.o (SystemInit)
C:\Users\fengk\AppData\Local\Arduino15\packages\arduino\hardware\sam\1.6.12\variants\arduino_due_x/libsam_sam3x8e_gcc_rel.a(startup_sam3xa.o)
                              (Reset_Handler)
C:\Users\fengk\AppData\Local\Arduino15\packages\arduino\hardware\sam\1.6.12\variants\arduino_due_x/libsam_sam3x8e_gcc_rel.a(adc.o)
                              C:\Users\fengk\AppData\Local\Temp\arduino\sketches\165FB370B6E400B4B5279F3BA1A9661A\core\variant.cpp.o (adc_init)
C:\Users\fengk\AppData\Local\Arduino15\packages\arduino\hardware\sam\1.6.12\variants\arduino_due_x/libsam_sam3x8e_gcc_rel.a(uotghs.o)
                              C:\Users\fengk\AppData\Local\Arduino15\packages\arduino\hardware\sam\1.6.12\variants\arduino_due_x/libsam_sam3x8e_gcc_rel.a(startup_sam3xa.o) (UOTGHS_Handler)
C:\Users\fengk\AppData\Local\Temp\arduino\sketches\165FB370B6E400B4B5279F3BA1A9661A/..\..\cores\arduino_sam_arduino_due_x_dbg_d966708a8223791f764d24633d687861\core.a(Print.cpp.o)
                              C:\Users\fengk\AppData\Local\Temp\arduino\sketches\165FB370B6E400B4B5279F3BA1A9661A\libraries\FreeRTOS_ARM\assertMsg.cpp.o (Print::print(char const*))
C:\Users\fengk\AppData\Local\Temp\arduino\sketches\165FB370B6E400B4B5279F3BA1A9661A/..\..\cores\arduino_sam_arduino_due_x_dbg_d966708a8223791f764d24633d687861\core.a(RingBuffer.cpp.o)
                              C:\Users\fengk\AppData\Local\Temp\arduino\sketches\165FB370B6E400B4B5279F3BA1A9661A\core\variant.cpp.o (RingBuffer::RingBuffer())
C:\Users\fengk\AppData\Local\Temp\arduino\sketches\165FB370B6E400B4B5279F3BA1A9661A/..\..\cores\arduino_sam_arduino_due_x_dbg_d966708a8223791f764d24633d687861\core.a(UARTClass.cpp.o)
                              C:\Users\fengk\AppData\Local\Temp\arduino\sketches\165FB370B6E400B4B5279F3BA1A9661A\sketch\rots_consile.ino.cpp.o (UARTClass::available())
C:\Users\fengk\AppData\Local\Temp\arduino\sketches\165FB370B6E400B4B5279F3BA1A9661A/..\..\cores\arduino_sam_arduino_due_x_dbg_d966708a8223791f764d24633d687861\core.a(USARTClass.cpp.o)
                              C:\Users\fengk\AppData\Local\Temp\arduino\sketches\165FB370B6E400B4B5279F3BA1A9661A\core\variant.cpp.o (USARTClass::USARTClass(Usart*, IRQn, unsigned long, RingBuffer*, RingBuffer*))
C:\Users\fengk\AppData\Local\Temp\arduino\sketches\165FB370B6E400B4B5279F3BA1A9661A/..\..\cores\arduino_sam_arduino_due_x_dbg_d966708a8223791f764d24633d687861\core.a(WInterrupts.c.o)
                              C:\Users\fengk\AppData\Local\Arduino15\packages\arduino\hardware\sam\1.6.12\variants\arduino_due_x/libsam_sam3x8e_gcc_rel.a(startup_sam3xa.o) (PIOA_Handler)
C:\Users\fengk\AppData\Local\Temp\arduino\sketches\165FB370B6E400B4B5279F3BA1A9661A/..\..\cores\arduino_sam_arduino_due_x_dbg_d966708a8223791f764d24633d687861\core.a(abi.cpp.o)
                              C:\Users\fengk\AppData\Local\Temp\arduino\sketches\165FB370B6E400B4B5279F3BA1A9661A/..\..\cores\arduino_sam_arduino_due_x_dbg_d966708a8223791f764d24633d687861\core.a(Print.cpp.o) (__cxa_pure_virtual)
C:\Users\fengk\AppData\Local\Temp\arduino\sketches\165FB370B6E400B4B5279F3BA1A9661A/..\..\cores\arduino_sam_arduino_due_x_dbg_d966708a8223791f764d24633d687861\core.a(cortex_handlers.c.o)
                              C:\Users\fengk\AppData\Local\Arduino15\packages\arduino\hardware\sam\1.6.12\variants\arduino_due_x/libsam_sam3x8e_gcc_rel.a(startup_sam3xa.o) (NMI_Handler)
C:\Users\fengk\AppData\Local\Temp\arduino\sketches\165FB370B6E400B4B5279F3BA1A9661A/..\..\cores\arduino_sam_arduino_due_x_dbg_d966708a8223791f764d24633d687861\core.a(main.cpp.o)
                              c:/users/fengk/appdata/local/arduino15/packages/arduino/tools/arm-none-eabi-gcc/4.8.3-2014q1/bin/../lib/gcc/arm-none-eabi/4.8.3/../../../../arm-none-eabi/lib/armv7-m/crt0.o (main)
C:\Users\fengk\AppData\Local\Temp\arduino\sketches\165FB370B6E400B4B5279F3BA1A9661A/..\..\cores\arduino_sam_arduino_due_x_dbg_d966708a8223791f764d24633d687861\core.a(syscalls_sam3.c.o)
                              (_sbrk)
[...]
Memory Configuration

Name             Origin             Length             Attributes
rom              0x00080000         0x00080000         xr
sram0            0x20000000         0x00010000         xrw
sram1            0x20080000         0x00008000         xrw
ram              0x20070000         0x00018000         xrw
*default*        0x00000000         0xffffffff

Linker script and memory map

LOAD c:/users/fengk/appdata/local/arduino15/packages/arduino/tools/arm-none-eabi-gcc/4.8.3-2014q1/bin/../lib/gcc/arm-none-eabi/4.8.3/armv7-m/crti.o
LOAD c:/users/fengk/appdata/local/arduino15/packages/arduino/tools/arm-none-eabi-gcc/4.8.3-2014q1/bin/../lib/gcc/arm-none-eabi/4.8.3/armv7-m/crtbegin.o
LOAD c:/users/fengk/appdata/local/arduino15/packages/arduino/tools/arm-none-eabi-gcc/4.8.3-2014q1/bin/../lib/gcc/arm-none-eabi/4.8.3/../../../../arm-none-eabi/lib/armv7-m/crt0.o
START GROUP
LOAD C:\Users\fengk\AppData\Local\Temp\arduino\sketches\165FB370B6E400B4B5279F3BA1A9661A\sketch\rots_consile.ino.cpp.o
LOAD C:\Users\fengk\AppData\Local\Temp\arduino\sketches\165FB370B6E400B4B5279F3BA1A9661A\libraries\FreeRTOS_ARM\FreeRTOS_ARM.c.o
LOAD C:\Users\fengk\AppData\Local\Temp\arduino\sketches\165FB370B6E400B4B5279F3BA1A9661A\libraries\FreeRTOS_ARM\assertMsg.cpp.o
LOAD C:\Users\fengk\AppData\Local\Temp\arduino\sketches\165FB370B6E400B4B5279F3BA1A9661A\libraries\FreeRTOS_ARM\basic_io_arm.cpp.o
LOAD C:\Users\fengk\AppData\Local\Temp\arduino\sketches\165FB370B6E400B4B5279F3BA1A9661A\libraries\FreeRTOS_ARM\utility\croutine.c.o
LOAD C:\Users\fengk\AppData\Local\Temp\arduino\sketches\165FB370B6E400B4B5279F3BA1A9661A\libraries\FreeRTOS_ARM\utility\event_groups.c.o
LOAD C:\Users\fengk\AppData\Local\Temp\arduino\sketches\165FB370B6E400B4B5279F3BA1A9661A\libraries\FreeRTOS_ARM\utility\heap_3.c.o
LOAD C:\Users\fengk\AppData\Local\Temp\arduino\sketches\165FB370B6E400B4B5279F3BA1A9661A\libraries\FreeRTOS_ARM\utility\list.c.o
LOAD C:\Users\fengk\AppData\Local\Temp\arduino\sketches\165FB370B6E400B4B5279F3BA1A9661A\libraries\FreeRTOS_ARM\utility\port.c.o
LOAD C:\Users\fengk\AppData\Local\Temp\arduino\sketches\165FB370B6E400B4B5279F3BA1A9661A\libraries\FreeRTOS_ARM\utility\queue.c.o
LOAD C:\Users\fengk\AppData\Local\Temp\arduino\sketches\165FB370B6E400B4B5279F3BA1A9661A\libraries\FreeRTOS_ARM\utility\tasks.c.o
LOAD C:\Users\fengk\AppData\Local\Temp\arduino\sketches\165FB370B6E400B4B5279F3BA1A9661A\libraries\FreeRTOS_ARM\utility\timers.c.o
LOAD C:\Users\fengk\AppData\Local\Temp\arduino\sketches\165FB370B6E400B4B5279F3BA1A9661A\core\variant.cpp.o
LOAD C:\Users\fengk\AppData\Local\Arduino15\packages\arduino\hardware\sam\1.6.12\variants\arduino_due_x/libsam_sam3x8e_gcc_rel.a
LOAD C:\Users\fengk\AppData\Local\Temp\arduino\sketches\165FB370B6E400B4B5279F3BA1A9661A/..\..\cores\arduino_sam_arduino_due_x_dbg_d966708a8223791f764d24633d687861\core.a
END GROUP
LOAD c:/users/fengk/appdata/local/arduino15/packages/arduino/tools/arm-none-eabi-gcc/4.8.3-2014q1/bin/../lib/gcc/arm-none-eabi/4.8.3/../../../../arm-none-eabi/lib/armv7-m\libm.a
LOAD c:/users/fengk/appdata/local/arduino15/packages/arduino/tools/arm-none-eabi-gcc/4.8.3-2014q1/bin/../lib/gcc/arm-none-eabi/4.8.3/armv7-m\libgcc.a
START GROUP
LOAD c:/users/fengk/appdata/local/arduino15/packages/arduino/tools/arm-none-eabi-gcc/4.8.3-2014q1/bin/../lib/gcc/arm-none-eabi/4.8.3/armv7-m\libgcc.a
LOAD c:/users/fengk/appdata/local/arduino15/packages/arduino/tools/arm-none-eabi-gcc/4.8.3-2014q1/bin/../lib/gcc/arm-none-eabi/4.8.3/../../../../arm-none-eabi/lib/armv7-m\libc.a
END GROUP
LOAD c:/users/fengk/appdata/local/arduino15/packages/arduino/tools/arm-none-eabi-gcc/4.8.3-2014q1/bin/../lib/gcc/arm-none-eabi/4.8.3/armv7-m/crtend.o
LOAD c:/users/fengk/appdata/local/arduino15/packages/arduino/tools/arm-none-eabi-gcc/4.8.3-2014q1/bin/../lib/gcc/arm-none-eabi/4.8.3/armv7-m/crtn.o

.text           0x00080000     0x7704
                0x00080000                . = ALIGN (0x4)
                0x00080000                _sfixed = .
 *(.vectors .vectors.*)
 .vectors       0x00080000       0xf4 C:\Users\fengk\AppData\Local\Arduino15\packages\arduino\hardware\sam\1.6.12\variants\arduino_due_x/libsam_sam3x8e_gcc_rel.a(startup_sam3xa.o)
                0x00080000                exception_table
 *(.text .text.* .gnu.linkonce.t.*)
 .text          0x000800f4       0x54 c:/users/fengk/appdata/local/arduino15/packages/arduino/tools/arm-none-eabi-gcc/4.8.3-2014q1/bin/../lib/gcc/arm-none-eabi/4.8.3/armv7-m/crtbegin.o
 .text._ZN11ArduinoJson8V720PB226detail16DefaultAllocator8allocateEj
                0x00080148        0x6 C:\Users\fengk\AppData\Local\Temp\arduino\sketches\165FB370B6E400B4B5279F3BA1A9661A\sketch\rots_consile.ino.cpp.o
                0x00080148                ArduinoJson::V720PB22::detail::DefaultAllocator::allocate(unsigned int)
 .text._ZN11ArduinoJson8V720PB226detail16DefaultAllocator10deallocateEPv
                0x0008014e        0x6 C:\Users\fengk\AppData\Local\Temp\arduino\sketches\165FB370B6E400B4B5279F3BA1A9661A\sketch\rots_consile.ino.cpp.o
                0x0008014e                ArduinoJson::V720PB22::detail::DefaultAllocator::deallocate(void*)
 .text._ZN11ArduinoJson8V720PB226detail16DefaultAllocator10reallocateEPvj
                0x00080154        0x8 C:\Users\fengk\AppData\Local\Temp\arduino\sketches\165FB370B6E400B4B5279F3BA1A9661A\sketch\rots_consile.ino.cpp.o
                0x00080154                ArduinoJson::V720PB22::detail::DefaultAllocator::reallocate(void*, unsigned int)
 .text._Z7TaskLEDPv
                0x0008015c       0x2c C:\Users\fengk\AppData\Local\Temp\arduino\sketches\165FB370B6E400B4B5279F3BA1A9661A\sketch\rots_consile.ino.cpp.o
                0x0008015c                TaskLED(void*)
 .text._ZNK11ArduinoJson8V720PB226detail14MemoryPoolListINS1_15ResourceManager8SlotDataEE7getSlotEt.isra.41
                0x00080188       0x20 C:\Users\fengk\AppData\Local\Temp\arduino\sketches\165FB370B6E400B4B5279F3BA1A9661A\sketch\rots_consile.ino.cpp.o
 .text._ZN11ArduinoJson8V720PB226detail10StringNode6resizeEPS2_jPNS0_9AllocatorE
                0x000801a8       0x30 C:\Users\fengk\AppData\Local\Temp\arduino\sketches\165FB370B6E400B4B5279F3BA1A9661A\sketch\rots_consile.ino.cpp.o
                0x000801a8                ArduinoJson::V720PB22::detail::StringNode::resize(ArduinoJson::V720PB22::detail::StringNode*, unsigned int, ArduinoJson::V720PB22::Allocator*)
 .text._ZN11ArduinoJson8V720PB226detail10StringNode7destroyEPS2_PNS0_9AllocatorE
                0x000801d8       0x10 C:\Users\fengk\AppData\Local\Temp\arduino\sketches\165FB370B6E400B4B5279F3BA1A9661A\sketch\rots_consile.ino.cpp.o
                0x000801d8                ArduinoJson::V720PB22::detail::StringNode::destroy(ArduinoJson::V720PB22::detail::StringNode*, ArduinoJson::V720PB22::Allocator*)
 .text._ZN11ArduinoJson8V720PB226detail18CollectionIterator4nextEPKNS1_15ResourceManagerE
                0x000801e8       0x1c C:\Users\fengk\AppData\Local\Temp\arduino\sketches\165FB370B6E400B4B5279F3BA1A9661A\sketch\rots_consile.ino.cpp.o
                0x000801e8                ArduinoJson::V720PB22::detail::CollectionIterator::next(ArduinoJson::V720PB22::detail::ResourceManager const*)
 .text._ZN11ArduinoJson8V720PB226detail13StringBuilder11startStringEv
                0x00080204       0x2c C:\Users\fengk\AppData\Local\Temp\arduino\sketches\165FB370B6E400B4B5279F3BA1A9661A\sketch\rots_consile.ino.cpp.o
                0x00080204                ArduinoJson::V720PB22::detail::StringBuilder::startString()
 .text._ZN11ArduinoJson8V720PB226detail13StringBuilder4saveEv
                0x00080230       0x62 C:\Users\fengk\AppData\Local\Temp\arduino\sketches\165FB370B6E400B4B5279F3BA1A9661A\sketch\rots_consile.ino.cpp.o
                0x00080230                ArduinoJson::V720PB22::detail::StringBuilder::save()
 .text._ZN11ArduinoJson8V720PB226detail13StringBuilder6appendEc
                0x00080292       0x36 C:\Users\fengk\AppData\Local\Temp\arduino\sketches\165FB370B6E400B4B5279F3BA1A9661A\sketch\rots_consile.ino.cpp.o
                0x00080292                ArduinoJson::V720PB22::detail::StringBuilder::append(char)
 .text._ZN11ArduinoJson8V720PB226detail11VariantData5clearEPNS1_15ResourceManagerE
                0x000802c8       0x92 C:\Users\fengk\AppData\Local\Temp\arduino\sketches\165FB370B6E400B4B5279F3BA1A9661A\sketch\rots_consile.ino.cpp.o
                0x000802c8                ArduinoJson::V720PB22::detail::VariantData::clear(ArduinoJson::V720PB22::detail::ResourceManager*)
 .text.loop     0x0008035a        0x2 C:\Users\fengk\AppData\Local\Temp\arduino\sketches\165FB370B6E400B4B5279F3BA1A9661A\sketch\rots_consile.ino.cpp.o
                0x0008035a                loop
 .text._ZN11ArduinoJson8V720PB226detail14MemoryPoolListINS1_15ResourceManager8SlotDataEE5clearEPNS0_9AllocatorE
                0x0008035c       0x60 C:\Users\fengk\AppData\Local\Temp\arduino\sketches\165FB370B6E400B4B5279F3BA1A9661A\sketch\rots_consile.ino.cpp.o
                0x0008035c                ArduinoJson::V720PB22::detail::MemoryPoolList<ArduinoJson::V720PB22::detail::ResourceManager::SlotData>::clear(ArduinoJson::V720PB22::Allocator*)
 .text._ZN11ArduinoJson8V720PB226detail14MemoryPoolListINS1_15ResourceManager8SlotDataEE17allocFromLastPoolEv
                0x000803bc       0x3a C:\Users\fengk\AppData\Local\Temp\arduino\sketches\165FB370B6E400B4B5279F3BA1A9661A\sketch\rots_consile.ino.cpp.o
                0x000803bc                ArduinoJson::V720PB22::detail::MemoryPoolList<ArduinoJson::V720PB22::detail::ResourceManager::SlotData>::allocFromLastPool()
 .text._ZN11ArduinoJson8V720PB226detail14MemoryPoolListINS1_15ResourceManager8SlotDataEE9allocSlotEPNS0_9AllocatorE
                0x000803f6       0xe8 C:\Users\fengk\AppData\Local\Temp\arduino\sketches\165FB370B6E400B4B5279F3BA1A9661A\sketch\rots_consile.ino.cpp.o
                0x000803f6                ArduinoJson::V720PB22::detail::MemoryPoolList<ArduinoJson::V720PB22::detail::ResourceManager::SlotData>::allocSlot(ArduinoJson::V720PB22::Allocator*)
 .text._ZN11ArduinoJson8V720PB226detail15ResourceManager12allocVariantEv
                0x000804de       0x32 C:\Users\fengk\AppData\Local\Temp\arduino\sketches\165FB370B6E400B4B5279F3BA1A9661A\sketch\rots_consile.ino.cpp.o
                0x000804de                ArduinoJson::V720PB22::detail::ResourceManager::allocVariant()
 .text._ZN11ArduinoJson8V720PB226detail15ResourceManager14allocExtensionEv
                0x00080510       0x30 C:\Users\fengk\AppData\Local\Temp\arduino\sketches\165FB370B6E400B4B5279F3BA1A9661A\sketch\rots_consile.ino.cpp.o
                0x00080510                ArduinoJson::V720PB22::detail::ResourceManager::allocExtension()
 .text._ZNK11ArduinoJson8V720PB226detail7pgm_ptrIdEixEi
                0x00080540       0x18 C:\Users\fengk\AppData\Local\Temp\arduino\sketches\165FB370B6E400B4B5279F3BA1A9661A\sketch\rots_consile.ino.cpp.o
                0x00080540                ArduinoJson::V720PB22::detail::pgm_ptr<double>::operator[](int) const
 .text._ZN11ArduinoJson8V720PB226detail11parseNumberEPKc
                0x00080558      0x290 C:\Users\fengk\AppData\Local\Temp\arduino\sketches\165FB370B6E400B4B5279F3BA1A9661A\sketch\rots_consile.ino.cpp.o
                0x00080558                ArduinoJson::V720PB22::detail::parseNumber(char const*)
 .text._ZN11ArduinoJson8V720PB226detail17CountingDecoratorINS1_18StaticStringWriterEE5writeEPKhj
                0x000807e8       0x28 C:\Users\fengk\AppData\Local\Temp\arduino\sketches\165FB370B6E400B4B5279F3BA1A9661A\sketch\rots_consile.ino.cpp.o
                0x000807e8                ArduinoJson::V720PB22::detail::CountingDecorator<ArduinoJson::V720PB22::detail::StaticStringWriter>::write(unsigned char const*, unsigned int)
 .text._ZN11ArduinoJson8V720PB226detail13TextFormatterINS1_18StaticStringWriterEE8writeRawEPKc
                0x00080810       0x18 C:\Users\fengk\AppData\Local\Temp\arduino\sketches\165FB370B6E400B4B5279F3BA1A9661A\sketch\rots_consile.ino.cpp.o
                0x00080810                ArduinoJson::V720PB22::detail::TextFormatter<ArduinoJson::V720PB22::detail::StaticStringWriter>::writeRaw(char const*)
 .text._ZN11ArduinoJson8V720PB226detail13TextFormatterINS1_18StaticStringWriterEE12writeIntegerIyEENS1_9enable_ifIXsrNS1_11is_unsignedIT_EE5valueEvE4typeES8_
                0x00080828       0x4e C:\Users\fengk\AppData\Local\Temp\arduino\sketches\165FB370B6E400B4B5279F3BA1A9661A\sketch\rots_consile.ino.cpp.o
                0x00080828                ArduinoJson::V720PB22::detail::enable_if<ArduinoJson::V720PB22::detail::is_unsigned<unsigned long long>::value, void>::type ArduinoJson::V720PB22::detail::TextFormatter<ArduinoJson::V720PB22::detail::StaticStringWriter>::writeInteger<unsigned long long>(unsigned long long)
 .text._ZN11ArduinoJson8V720PB226detail17CountingDecoratorINS1_18StaticStringWriterEE5writeEh
                0x00080876       0x1c C:\Users\fengk\AppData\Local\Temp\arduino\sketches\165FB370B6E400B4B5279F3BA1A9661A\sketch\rots_consile.ino.cpp.o
                0x00080876                ArduinoJson::V720PB22::detail::CountingDecorator<ArduinoJson::V720PB22::detail::StaticStringWriter>::write(unsigned char)
 *fill*         0x00080892        0x2 
 .text._ZN11ArduinoJson8V720PB226detail13TextFormatterINS1_18StaticStringWriterEE11writeStringEPKcj
                0x00080894       0x60 C:\Users\fengk\AppData\Local\Temp\arduino\sketches\165FB370B6E400B4B5279F3BA1A9661A\sketch\rots_consile.ino.cpp.o
                0x00080894                ArduinoJson::V720PB22::detail::TextFormatter<ArduinoJson::V720PB22::detail::StaticStringWriter>::writeString(char const*, unsigned int)
 .text._ZN11ArduinoJson8V720PB226detail13TextFormatterINS1_18StaticStringWriterEE12writeIntegerIxEENS1_9enable_ifIXsrNS1_9is_signedIT_EE5valueEvE4typeES8_
                0x000808f4       0x28 C:\Users\fengk\AppData\Local\Temp\arduino\sketches\165FB370B6E400B4B5279F3BA1A9661A\sketch\rots_consile.ino.cpp.o
                0x000808f4                ArduinoJson::V720PB22::detail::enable_if<ArduinoJson::V720PB22::detail::is_signed<long long>::value, void>::type ArduinoJson::V720PB22::detail::TextFormatter<ArduinoJson::V720PB22::detail::StaticStringWriter>::writeInteger<long long>(long long)
 .text._ZN11ArduinoJson8V720PB226detail16JsonDeserializerINS1_13BoundedReaderIPhvEEE7currentEv
                0x0008091c       0x24 C:\Users\fengk\AppData\Local\Temp\arduino\sketches\165FB370B6E400B4B5279F3BA1A9661A\sketch\rots_consile.ino.cpp.o
                0x0008091c                ArduinoJson::V720PB22::detail::JsonDeserializer<ArduinoJson::V720PB22::detail::BoundedReader<unsigned char*, void> >::current()
 .text._ZN11ArduinoJson8V720PB226detail16JsonDeserializerINS1_13BoundedReaderIPhvEEE21skipSpacesAndCommentsEv
                0x00080940       0x36 C:\Users\fengk\AppData\Local\Temp\arduino\sketches\165FB370B6E400B4B5279F3BA1A9661A\sketch\rots_consile.ino.cpp.o
                0x00080940                ArduinoJson::V720PB22::detail::JsonDeserializer<ArduinoJson::V720PB22::detail::BoundedReader<unsigned char*, void> >::skipSpacesAndComments()
 .text._ZN11ArduinoJson8V720PB226detail16JsonDeserializerINS1_13BoundedReaderIPhvEEE11skipKeywordEPKc
                0x00080976       0x2c C:\Users\fengk\AppData\Local\Temp\arduino\sketches\165FB370B6E400B4B5279F3BA1A9661A\sketch\rots_consile.ino.cpp.o
                0x00080976                ArduinoJson::V720PB22::detail::JsonDeserializer<ArduinoJson::V720PB22::detail::BoundedReader<unsigned char*, void> >::skipKeyword(char const*)
 .text._ZN11ArduinoJson8V720PB226detail16JsonDeserializerINS1_13BoundedReaderIPhvEEE17parseNumericValueERNS1_11VariantDataE
                0x000809a2      0x126 C:\Users\fengk\AppData\Local\Temp\arduino\sketches\165FB370B6E400B4B5279F3BA1A9661A\sketch\rots_consile.ino.cpp.o
                0x000809a2                ArduinoJson::V720PB22::detail::JsonDeserializer<ArduinoJson::V720PB22::detail::BoundedReader<unsigned char*, void> >::parseNumericValue(ArduinoJson::V720PB22::detail::VariantData&)
 .text._ZN11ArduinoJson8V720PB226detail13TextFormatterINS1_18StaticStringWriterEE10writeFloatEda
                0x00080ac8      0x2e0 C:\Users\fengk\AppData\Local\Temp\arduino\sketches\165FB370B6E400B4B5279F3BA1A9661A\sketch\rots_consile.ino.cpp.o
                0x00080ac8                ArduinoJson::V720PB22::detail::TextFormatter<ArduinoJson::V720PB22::detail::StaticStringWriter>::writeFloat(double, signed char)
 .text._ZNK11ArduinoJson8V720PB226detail11VariantData6acceptINS1_14JsonSerializerINS1_18StaticStringWriterEEEEENT_11result_typeERS7_PKNS1_15ResourceManagerE
                0x00080da8      0x1a4 C:\Users\fengk\AppData\Local\Temp\arduino\sketches\165FB370B6E400B4B5279F3BA1A9661A\sketch\rots_consile.ino.cpp.o
                0x00080da8                ArduinoJson::V720PB22::detail::JsonSerializer<ArduinoJson::V720PB22::detail::StaticStringWriter>::result_type ArduinoJson::V720PB22::detail::VariantData::accept<ArduinoJson::V720PB22::detail::JsonSerializer<ArduinoJson::V720PB22::detail::StaticStringWriter> >(ArduinoJson::V720PB22::detail::JsonSerializer<ArduinoJson::V720PB22::detail::StaticStringWriter>&, ArduinoJson::V720PB22::detail::ResourceManager const*) const
 .text._ZN11ArduinoJson8V720PB226detail16JsonDeserializerINS1_13BoundedReaderIPhvEEE3eatEc
                0x00080f4c       0x18 C:\Users\fengk\AppData\Local\Temp\arduino\sketches\165FB370B6E400B4B5279F3BA1A9661A\sketch\rots_consile.ino.cpp.o
                0x00080f4c                ArduinoJson::V720PB22::detail::JsonDeserializer<ArduinoJson::V720PB22::detail::BoundedReader<unsigned char*, void> >::eat(char)
 .text._ZNK11ArduinoJson8V720PB226detail10ObjectData7findKeyINS1_19StaticStringAdapterEEENS1_18CollectionIteratorET_PKNS1_15ResourceManagerE
                0x00080f64       0xb0 C:\Users\fengk\AppData\Local\Temp\arduino\sketches\165FB370B6E400B4B5279F3BA1A9661A\sketch\rots_consile.ino.cpp.o
                0x00080f64                ArduinoJson::V720PB22::detail::CollectionIterator ArduinoJson::V720PB22::detail::ObjectData::findKey<ArduinoJson::V720PB22::detail::StaticStringAdapter>(ArduinoJson::V720PB22::detail::StaticStringAdapter, ArduinoJson::V720PB22::detail::ResourceManager const*) const
 .text._ZN11ArduinoJson8V720PB226detail4Utf815encodeCodepointINS1_13StringBuilderEEEvmRT_
                0x00081014       0x8a C:\Users\fengk\AppData\Local\Temp\arduino\sketches\165FB370B6E400B4B5279F3BA1A9661A\sketch\rots_consile.ino.cpp.o
                0x00081014                void ArduinoJson::V720PB22::detail::Utf8::encodeCodepoint<ArduinoJson::V720PB22::detail::StringBuilder>(unsigned long, ArduinoJson::V720PB22::detail::StringBuilder&)
 *fill*         0x0008109e        0x2 
 .text._ZN11ArduinoJson8V720PB226detail16JsonDeserializerINS1_13BoundedReaderIPhvEEE17parseQuotedStringEv
                0x000810a0       0xe4 C:\Users\fengk\AppData\Local\Temp\arduino\sketches\165FB370B6E400B4B5279F3BA1A9661A\sketch\rots_consile.ino.cpp.o
                0x000810a0                ArduinoJson::V720PB22::detail::JsonDeserializer<ArduinoJson::V720PB22::detail::BoundedReader<unsigned char*, void> >::parseQuotedString()
 .text._ZN11ArduinoJson8V720PB226detail16JsonDeserializerINS1_13BoundedReaderIPhvEEE22canBeInNonQuotedStringEc
                0x00081184       0x26 C:\Users\fengk\AppData\Local\Temp\arduino\sketches\165FB370B6E400B4B5279F3BA1A9661A\sketch\rots_consile.ino.cpp.o
                0x00081184                ArduinoJson::V720PB22::detail::JsonDeserializer<ArduinoJson::V720PB22::detail::BoundedReader<unsigned char*, void> >::canBeInNonQuotedString(char)
 .text._ZN11ArduinoJson8V720PB226detail16JsonDeserializerINS1_13BoundedReaderIPhvEEE8parseKeyEv
                0x000811aa       0x58 C:\Users\fengk\AppData\Local\Temp\arduino\sketches\165FB370B6E400B4B5279F3BA1A9661A\sketch\rots_consile.ino.cpp.o
                0x000811aa                ArduinoJson::V720PB22::detail::JsonDeserializer<ArduinoJson::V720PB22::detail::BoundedReader<unsigned char*, void> >::parseKey()
 .text._ZN11ArduinoJson8V720PB226detail16JsonDeserializerINS1_13BoundedReaderIPhvEEE11parseObjectINS1_14AllowAllFilterEEENS0_20DeserializationError4CodeERNS1_10ObjectDataET_NS0_21DeserializationOption12NestingLimitE
                0x00081202      0x136 C:\Users\fengk\AppData\Local\Temp\arduino\sketches\165FB370B6E400B4B5279F3BA1A9661A\sketch\rots_consile.ino.cpp.o
                0x00081202                ArduinoJson::V720PB22::DeserializationError::Code ArduinoJson::V720PB22::detail::JsonDeserializer<ArduinoJson::V720PB22::detail::BoundedReader<unsigned char*, void> >::parseObject<ArduinoJson::V720PB22::detail::AllowAllFilter>(ArduinoJson::V720PB22::detail::ObjectData&, ArduinoJson::V720PB22::detail::AllowAllFilter, ArduinoJson::V720PB22::DeserializationOption::NestingLimit)
 .text._ZN11ArduinoJson8V720PB226detail16JsonDeserializerINS1_13BoundedReaderIPhvEEE12parseVariantINS1_14AllowAllFilterEEENS0_20DeserializationError4CodeERNS1_11VariantDataET_NS0_21DeserializationOption12NestingLimitE
                0x00081338       0xcc C:\Users\fengk\AppData\Local\Temp\arduino\sketches\165FB370B6E400B4B5279F3BA1A9661A\sketch\rots_consile.ino.cpp.o
                0x00081338                ArduinoJson::V720PB22::DeserializationError::Code ArduinoJson::V720PB22::detail::JsonDeserializer<ArduinoJson::V720PB22::detail::BoundedReader<unsigned char*, void> >::parseVariant<ArduinoJson::V720PB22::detail::AllowAllFilter>(ArduinoJson::V720PB22::detail::VariantData&, ArduinoJson::V720PB22::detail::AllowAllFilter, ArduinoJson::V720PB22::DeserializationOption::NestingLimit)
 .text._ZN11ArduinoJson8V720PB226detail16JsonDeserializerINS1_13BoundedReaderIPhvEEE10parseArrayINS1_14AllowAllFilterEEENS0_20DeserializationError4CodeERNS1_9ArrayDataET_NS0_21DeserializationOption12NestingLimitE
                0x00081404       0x9e C:\Users\fengk\AppData\Local\Temp\arduino\sketches\165FB370B6E400B4B5279F3BA1A9661A\sketch\rots_consile.ino.cpp.o
                0x00081404                ArduinoJson::V720PB22::DeserializationError::Code ArduinoJson::V720PB22::detail::JsonDeserializer<ArduinoJson::V720PB22::detail::BoundedReader<unsigned char*, void> >::parseArray<ArduinoJson::V720PB22::detail::AllowAllFilter>(ArduinoJson::V720PB22::detail::ArrayData&, ArduinoJson::V720PB22::detail::AllowAllFilter, ArduinoJson::V720PB22::DeserializationOption::NestingLimit)
 *fill*         0x000814a2        0x2 
 .text.setup    0x000814a4       0x98 C:\Users\fengk\AppData\Local\Temp\arduino\sketches\165FB370B6E400B4B5279F3BA1A9661A\sketch\rots_consile.ino.cpp.o
                0x000814a4                setup
 .text._Z6parserPhj
                0x0008153c      0x128 C:\Users\fengk\AppData\Local\Temp\arduino\sketches\165FB370B6E400B4B5279F3BA1A9661A\sketch\rots_consile.ino.cpp.o
                0x0008153c                parser(unsigned char*, unsigned int)
 .text._Z17serial_read_bytesPhj
                0x00081664       0x2c C:\Users\fengk\AppData\Local\Temp\arduino\sketches\165FB370B6E400B4B5279F3BA1A9661A\sketch\rots_consile.ino.cpp.o
                0x00081664                serial_read_bytes(unsigned char*, unsigned int)
 .text._Z17TaskCommunicationPv
                0x00081690       0x44 C:\Users\fengk\AppData\Local\Temp\arduino\sketches\165FB370B6E400B4B5279F3BA1A9661A\sketch\rots_consile.ino.cpp.o
                0x00081690                TaskCommunication(void*)
 .text.errorBlink
                0x000816d4       0x48 C:\Users\fengk\AppData\Local\Temp\arduino\sketches\165FB370B6E400B4B5279F3BA1A9661A\libraries\FreeRTOS_ARM\FreeRTOS_ARM.c.o
 .text.assertBlink
                0x0008171c        0x8 C:\Users\fengk\AppData\Local\Temp\arduino\sketches\165FB370B6E400B4B5279F3BA1A9661A\libraries\FreeRTOS_ARM\FreeRTOS_ARM.c.o
                0x0008171c                assertBlink
 .text.vApplicationMallocFailedHook
                0x00081724        0x8 C:\Users\fengk\AppData\Local\Temp\arduino\sketches\165FB370B6E400B4B5279F3BA1A9661A\libraries\FreeRTOS_ARM\FreeRTOS_ARM.c.o
                0x00081724                vApplicationMallocFailedHook
 .text.vApplicationIdleHook
                0x0008172c        0x4 C:\Users\fengk\AppData\Local\Temp\arduino\sketches\165FB370B6E400B4B5279F3BA1A9661A\libraries\FreeRTOS_ARM\FreeRTOS_ARM.c.o
                0x0008172c                vApplicationIdleHook
 .text.vApplicationStackOverflowHook
                0x00081730        0x8 C:\Users\fengk\AppData\Local\Temp\arduino\sketches\165FB370B6E400B4B5279F3BA1A9661A\libraries\FreeRTOS_ARM\FreeRTOS_ARM.c.o
                0x00081730                vApplicationStackOverflowHook
 .text.HardFault_Handler
                0x00081738        0x8 C:\Users\fengk\AppData\Local\Temp\arduino\sketches\165FB370B6E400B4B5279F3BA1A9661A\libraries\FreeRTOS_ARM\FreeRTOS_ARM.c.o
                0x00081738                HardFault_Handler
 .text.BusFault_Handler
                0x00081740        0x8 C:\Users\fengk\AppData\Local\Temp\arduino\sketches\165FB370B6E400B4B5279F3BA1A9661A\libraries\FreeRTOS_ARM\FreeRTOS_ARM.c.o
                0x00081740                BusFault_Handler
 .text.UsageFault_Handler
                0x00081748        0x8 C:\Users\fengk\AppData\Local\Temp\arduino\sketches\165FB370B6E400B4B5279F3BA1A9661A\libraries\FreeRTOS_ARM\FreeRTOS_ARM.c.o
                0x00081748                UsageFault_Handler
 .text.vApplicationTickHook
                0x00081750        0x2 C:\Users\fengk\AppData\Local\Temp\arduino\sketches\165FB370B6E400B4B5279F3BA1A9661A\libraries\FreeRTOS_ARM\FreeRTOS_ARM.c.o
                0x00081750                vApplicationTickHook
 .text.pvPortMalloc
                0x00081752       0x1e C:\Users\fengk\AppData\Local\Temp\arduino\sketches\165FB370B6E400B4B5279F3BA1A9661A\libraries\FreeRTOS_ARM\utility\heap_3.c.o
                0x00081752                pvPortMalloc
 .text.vPortFree
                0x00081770       0x1a C:\Users\fengk\AppData\Local\Temp\arduino\sketches\165FB370B6E400B4B5279F3BA1A9661A\libraries\FreeRTOS_ARM\utility\heap_3.c.o
                0x00081770                vPortFree
 .text.vListInitialise
                0x0008178a       0x16 C:\Users\fengk\AppData\Local\Temp\arduino\sketches\165FB370B6E400B4B5279F3BA1A9661A\libraries\FreeRTOS_ARM\utility\list.c.o
                0x0008178a                vListInitialise
 .text.vListInitialiseItem
                0x000817a0        0x6 C:\Users\fengk\AppData\Local\Temp\arduino\sketches\165FB370B6E400B4B5279F3BA1A9661A\libraries\FreeRTOS_ARM\utility\list.c.o
                0x000817a0                vListInitialiseItem
 .text.vListInsertEnd
                0x000817a6       0x18 C:\Users\fengk\AppData\Local\Temp\arduino\sketches\165FB370B6E400B4B5279F3BA1A9661A\libraries\FreeRTOS_ARM\utility\list.c.o
                0x000817a6                vListInsertEnd
 .text.vListInsert
                0x000817be       0x30 C:\Users\fengk\AppData\Local\Temp\arduino\sketches\165FB370B6E400B4B5279F3BA1A9661A\libraries\FreeRTOS_ARM\utility\list.c.o
                0x000817be                vListInsert
 .text.uxListRemove
                0x000817ee       0x20 C:\Users\fengk\AppData\Local\Temp\arduino\sketches\165FB370B6E400B4B5279F3BA1A9661A\libraries\FreeRTOS_ARM\utility\list.c.o
                0x000817ee                uxListRemove
 *fill*         0x0008180e        0x2 
 .text.prvPortStartFirstTask
                0x00081810       0x20 C:\Users\fengk\AppData\Local\Temp\arduino\sketches\165FB370B6E400B4B5279F3BA1A9661A\libraries\FreeRTOS_ARM\utility\port.c.o
 .text.pxPortInitialiseStack
                0x00081830       0x1c C:\Users\fengk\AppData\Local\Temp\arduino\sketches\165FB370B6E400B4B5279F3BA1A9661A\libraries\FreeRTOS_ARM\utility\port.c.o
                0x00081830                pxPortInitialiseStack
 .text.svcHook  0x0008184c       0x28 C:\Users\fengk\AppData\Local\Temp\arduino\sketches\165FB370B6E400B4B5279F3BA1A9661A\libraries\FreeRTOS_ARM\utility\port.c.o
                0x0008184c                svcHook
 .text.vPortYield
                0x00081874       0x18 C:\Users\fengk\AppData\Local\Temp\arduino\sketches\165FB370B6E400B4B5279F3BA1A9661A\libraries\FreeRTOS_ARM\utility\port.c.o
                0x00081874                vPortYield
 .text.ulPortSetInterruptMask
                0x0008188c       0x10 C:\Users\fengk\AppData\Local\Temp\arduino\sketches\165FB370B6E400B4B5279F3BA1A9661A\libraries\FreeRTOS_ARM\utility\port.c.o
                0x0008188c                ulPortSetInterruptMask
 .text.prvTaskExitError
                0x0008189c       0x18 C:\Users\fengk\AppData\Local\Temp\arduino\sketches\165FB370B6E400B4B5279F3BA1A9661A\libraries\FreeRTOS_ARM\utility\port.c.o
 .text.vPortEnterCritical
                0x000818b4       0x38 C:\Users\fengk\AppData\Local\Temp\arduino\sketches\165FB370B6E400B4B5279F3BA1A9661A\libraries\FreeRTOS_ARM\utility\port.c.o
                0x000818b4                vPortEnterCritical
 .text.vPortClearInterruptMask
                0x000818ec        0x6 C:\Users\fengk\AppData\Local\Temp\arduino\sketches\165FB370B6E400B4B5279F3BA1A9661A\libraries\FreeRTOS_ARM\utility\port.c.o
                0x000818ec                vPortClearInterruptMask
 *fill*         0x000818f2        0x2 
 .text.vPortExitCritical
                0x000818f4       0x24 C:\Users\fengk\AppData\Local\Temp\arduino\sketches\165FB370B6E400B4B5279F3BA1A9661A\libraries\FreeRTOS_ARM\utility\port.c.o
                0x000818f4                vPortExitCritical
 .text.pendSVHook
                0x00081918       0x48 C:\Users\fengk\AppData\Local\Temp\arduino\sketches\165FB370B6E400B4B5279F3BA1A9661A\libraries\FreeRTOS_ARM\utility\port.c.o
                0x00081918                pendSVHook
 .text.xPortSysTickHandler
                0x00081960       0x24 C:\Users\fengk\AppData\Local\Temp\arduino\sketches\165FB370B6E400B4B5279F3BA1A9661A\libraries\FreeRTOS_ARM\utility\port.c.o
                0x00081960                xPortSysTickHandler
 .text.sysTickHook
                0x00081984       0x14 C:\Users\fengk\AppData\Local\Temp\arduino\sketches\165FB370B6E400B4B5279F3BA1A9661A\libraries\FreeRTOS_ARM\utility\port.c.o
                0x00081984                sysTickHook
 .text.vPortSetupTimerInterrupt
                0x00081998        0xc C:\Users\fengk\AppData\Local\Temp\arduino\sketches\165FB370B6E400B4B5279F3BA1A9661A\libraries\FreeRTOS_ARM\utility\port.c.o
                0x00081998                vPortSetupTimerInterrupt
 .text.xPortStartScheduler
                0x000819a4       0x8c C:\Users\fengk\AppData\Local\Temp\arduino\sketches\165FB370B6E400B4B5279F3BA1A9661A\libraries\FreeRTOS_ARM\utility\port.c.o
                0x000819a4                xPortStartScheduler
 .text.vPortValidateInterruptPriority
                0x00081a30        0x2 C:\Users\fengk\AppData\Local\Temp\arduino\sketches\165FB370B6E400B4B5279F3BA1A9661A\libraries\FreeRTOS_ARM\utility\port.c.o
                0x00081a30                vPortValidateInterruptPriority
 .text.prvCopyDataToQueue
                0x00081a32       0x6a C:\Users\fengk\AppData\Local\Temp\arduino\sketches\165FB370B6E400B4B5279F3BA1A9661A\libraries\FreeRTOS_ARM\utility\queue.c.o
 .text.prvNotifyQueueSetContainer
                0x00081a9c       0x58 C:\Users\fengk\AppData\Local\Temp\arduino\sketches\165FB370B6E400B4B5279F3BA1A9661A\libraries\FreeRTOS_ARM\utility\queue.c.o
 .text.prvCopyDataFromQueue
                0x00081af4       0x26 C:\Users\fengk\AppData\Local\Temp\arduino\sketches\165FB370B6E400B4B5279F3BA1A9661A\libraries\FreeRTOS_ARM\utility\queue.c.o
 .text.prvUnlockQueue
                0x00081b1a       0x78 C:\Users\fengk\AppData\Local\Temp\arduino\sketches\165FB370B6E400B4B5279F3BA1A9661A\libraries\FreeRTOS_ARM\utility\queue.c.o
 .text.xQueueGenericReset
                0x00081b92       0x60 C:\Users\fengk\AppData\Local\Temp\arduino\sketches\165FB370B6E400B4B5279F3BA1A9661A\libraries\FreeRTOS_ARM\utility\queue.c.o
                0x00081b92                xQueueGenericReset
 .text.xQueueGenericCreate
                0x00081bf2       0x48 C:\Users\fengk\AppData\Local\Temp\arduino\sketches\165FB370B6E400B4B5279F3BA1A9661A\libraries\FreeRTOS_ARM\utility\queue.c.o
                0x00081bf2                xQueueGenericCreate
 .text.xQueueGenericSend
                0x00081c3a      0x126 C:\Users\fengk\AppData\Local\Temp\arduino\sketches\165FB370B6E400B4B5279F3BA1A9661A\libraries\FreeRTOS_ARM\utility\queue.c.o
                0x00081c3a                xQueueGenericSend
 .text.xQueueGenericSendFromISR
                0x00081d60       0x9c C:\Users\fengk\AppData\Local\Temp\arduino\sketches\165FB370B6E400B4B5279F3BA1A9661A\libraries\FreeRTOS_ARM\utility\queue.c.o
                0x00081d60                xQueueGenericSendFromISR
 .text.xQueueGenericReceive
                0x00081dfc      0x12a C:\Users\fengk\AppData\Local\Temp\arduino\sketches\165FB370B6E400B4B5279F3BA1A9661A\libraries\FreeRTOS_ARM\utility\queue.c.o
                0x00081dfc                xQueueGenericReceive
 .text.vQueueWaitForMessageRestricted
                0x00081f26       0x3e C:\Users\fengk\AppData\Local\Temp\arduino\sketches\165FB370B6E400B4B5279F3BA1A9661A\libraries\FreeRTOS_ARM\utility\queue.c.o
                0x00081f26                vQueueWaitForMessageRestricted
 .text.prvResetNextTaskUnblockTime
                0x00081f64       0x24 C:\Users\fengk\AppData\Local\Temp\arduino\sketches\165FB370B6E400B4B5279F3BA1A9661A\libraries\FreeRTOS_ARM\utility\tasks.c.o
 .text.prvAddCurrentTaskToDelayedList
                0x00081f88       0x50 C:\Users\fengk\AppData\Local\Temp\arduino\sketches\165FB370B6E400B4B5279F3BA1A9661A\libraries\FreeRTOS_ARM\utility\tasks.c.o
 .text.xTaskGenericCreate
                0x00081fd8      0x1b0 C:\Users\fengk\AppData\Local\Temp\arduino\sketches\165FB370B6E400B4B5279F3BA1A9661A\libraries\FreeRTOS_ARM\utility\tasks.c.o
                0x00081fd8                xTaskGenericCreate
 .text.vTaskStartScheduler
                0x00082188       0x74 C:\Users\fengk\AppData\Local\Temp\arduino\sketches\165FB370B6E400B4B5279F3BA1A9661A\libraries\FreeRTOS_ARM\utility\tasks.c.o
                0x00082188                vTaskStartScheduler
 .text.vTaskSuspendAll
                0x000821fc       0x10 C:\Users\fengk\AppData\Local\Temp\arduino\sketches\165FB370B6E400B4B5279F3BA1A9661A\libraries\FreeRTOS_ARM\utility\tasks.c.o
                0x000821fc                vTaskSuspendAll
 .text.xTaskGetTickCount
                0x0008220c        0xc C:\Users\fengk\AppData\Local\Temp\arduino\sketches\165FB370B6E400B4B5279F3BA1A9661A\libraries\FreeRTOS_ARM\utility\tasks.c.o
                0x0008220c                xTaskGetTickCount
 .text.xTaskIncrementTick
                0x00082218      0x114 C:\Users\fengk\AppData\Local\Temp\arduino\sketches\165FB370B6E400B4B5279F3BA1A9661A\libraries\FreeRTOS_ARM\utility\tasks.c.o
                0x00082218                xTaskIncrementTick
 .text.xTaskResumeAll
                0x0008232c       0xc8 C:\Users\fengk\AppData\Local\Temp\arduino\sketches\165FB370B6E400B4B5279F3BA1A9661A\libraries\FreeRTOS_ARM\utility\tasks.c.o
                0x0008232c                xTaskResumeAll
 .text.vTaskDelay
                0x000823f4       0x64 C:\Users\fengk\AppData\Local\Temp\arduino\sketches\165FB370B6E400B4B5279F3BA1A9661A\libraries\FreeRTOS_ARM\utility\tasks.c.o
                0x000823f4                vTaskDelay
 .text.prvIdleTask
                0x00082458       0x68 C:\Users\fengk\AppData\Local\Temp\arduino\sketches\165FB370B6E400B4B5279F3BA1A9661A\libraries\FreeRTOS_ARM\utility\tasks.c.o
 .text.vTaskSwitchContext
                0x000824c0       0x98 C:\Users\fengk\AppData\Local\Temp\arduino\sketches\165FB370B6E400B4B5279F3BA1A9661A\libraries\FreeRTOS_ARM\utility\tasks.c.o
                0x000824c0                vTaskSwitchContext
 .text.vTaskPlaceOnEventList
                0x00082558       0x68 C:\Users\fengk\AppData\Local\Temp\arduino\sketches\165FB370B6E400B4B5279F3BA1A9661A\libraries\FreeRTOS_ARM\utility\tasks.c.o
                0x00082558                vTaskPlaceOnEventList
 .text.vTaskPlaceOnEventListRestricted
                0x000825c0       0x68 C:\Users\fengk\AppData\Local\Temp\arduino\sketches\165FB370B6E400B4B5279F3BA1A9661A\libraries\FreeRTOS_ARM\utility\tasks.c.o
                0x000825c0                vTaskPlaceOnEventListRestricted
 .text.xTaskRemoveFromEventList
                0x00082628       0x74 C:\Users\fengk\AppData\Local\Temp\arduino\sketches\165FB370B6E400B4B5279F3BA1A9661A\libraries\FreeRTOS_ARM\utility\tasks.c.o
                0x00082628                xTaskRemoveFromEventList
 .text.vTaskSetTimeOutState
                0x0008269c       0x20 C:\Users\fengk\AppData\Local\Temp\arduino\sketches\165FB370B6E400B4B5279F3BA1A9661A\libraries\FreeRTOS_ARM\utility\tasks.c.o
                0x0008269c                vTaskSetTimeOutState
 .text.xTaskCheckForTimeOut
                0x000826bc       0x58 C:\Users\fengk\AppData\Local\Temp\arduino\sketches\165FB370B6E400B4B5279F3BA1A9661A\libraries\FreeRTOS_ARM\utility\tasks.c.o
                0x000826bc                xTaskCheckForTimeOut
 .text.vTaskMissedYield
                0x00082714        0xc C:\Users\fengk\AppData\Local\Temp\arduino\sketches\165FB370B6E400B4B5279F3BA1A9661A\libraries\FreeRTOS_ARM\utility\tasks.c.o
                0x00082714                vTaskMissedYield
 .text.xTaskGetSchedulerState
                0x00082720       0x20 C:\Users\fengk\AppData\Local\Temp\arduino\sketches\165FB370B6E400B4B5279F3BA1A9661A\libraries\FreeRTOS_ARM\utility\tasks.c.o
                0x00082720                xTaskGetSchedulerState
 .text.vTaskPriorityInherit
                0x00082740       0x94 C:\Users\fengk\AppData\Local\Temp\arduino\sketches\165FB370B6E400B4B5279F3BA1A9661A\libraries\FreeRTOS_ARM\utility\tasks.c.o
                0x00082740                vTaskPriorityInherit
 .text.xTaskPriorityDisinherit
                0x000827d4       0x88 C:\Users\fengk\AppData\Local\Temp\arduino\sketches\165FB370B6E400B4B5279F3BA1A9661A\libraries\FreeRTOS_ARM\utility\tasks.c.o
                0x000827d4                xTaskPriorityDisinherit
 .text.pvTaskIncrementMutexHeldCount
                0x0008285c       0x18 C:\Users\fengk\AppData\Local\Temp\arduino\sketches\165FB370B6E400B4B5279F3BA1A9661A\libraries\FreeRTOS_ARM\utility\tasks.c.o
                0x0008285c                pvTaskIncrementMutexHeldCount
 .text.prvCheckForValidListAndQueue
                0x00082874       0x54 C:\Users\fengk\AppData\Local\Temp\arduino\sketches\165FB370B6E400B4B5279F3BA1A9661A\libraries\FreeRTOS_ARM\utility\timers.c.o
 .text.prvInsertTimerInActiveList
                0x000828c8       0x3c C:\Users\fengk\AppData\Local\Temp\arduino\sketches\165FB370B6E400B4B5279F3BA1A9661A\libraries\FreeRTOS_ARM\utility\timers.c.o
 .text.xTimerCreateTimerTask
                0x00082904       0x40 C:\Users\fengk\AppData\Local\Temp\arduino\sketches\165FB370B6E400B4B5279F3BA1A9661A\libraries\FreeRTOS_ARM\utility\timers.c.o
                0x00082904                xTimerCreateTimerTask
 .text.xTimerGenericCommand
                0x00082944       0x54 C:\Users\fengk\AppData\Local\Temp\arduino\sketches\165FB370B6E400B4B5279F3BA1A9661A\libraries\FreeRTOS_ARM\utility\timers.c.o
                0x00082944                xTimerGenericCommand
 .text.prvSwitchTimerLists
                0x00082998       0x68 C:\Users\fengk\AppData\Local\Temp\arduino\sketches\165FB370B6E400B4B5279F3BA1A9661A\libraries\FreeRTOS_ARM\utility\timers.c.o
 .text.prvTimerTask
                0x00082a00      0x194 C:\Users\fengk\AppData\Local\Temp\arduino\sketches\165FB370B6E400B4B5279F3BA1A9661A\libraries\FreeRTOS_ARM\utility\timers.c.o
 .text._Z11serialEventv
                0x00082b94        0x2 C:\Users\fengk\AppData\Local\Temp\arduino\sketches\165FB370B6E400B4B5279F3BA1A9661A\core\variant.cpp.o
                0x00082b94                serialEvent()
 *fill*         0x00082b96        0x2 
 .text.UART_Handler
                0x00082b98        0xc C:\Users\fengk\AppData\Local\Temp\arduino\sketches\165FB370B6E400B4B5279F3BA1A9661A\core\variant.cpp.o
                0x00082b98                UART_Handler
 .text._Z12serialEvent1v
                0x00082ba4        0x2 C:\Users\fengk\AppData\Local\Temp\arduino\sketches\165FB370B6E400B4B5279F3BA1A9661A\core\variant.cpp.o
                0x00082ba4                serialEvent1()
 .text._Z12serialEvent2v
                0x00082ba6        0x2 C:\Users\fengk\AppData\Local\Temp\arduino\sketches\165FB370B6E400B4B5279F3BA1A9661A\core\variant.cpp.o
                0x00082ba6                serialEvent2()
 .text._Z12serialEvent3v
                0x00082ba8        0x2 C:\Users\fengk\AppData\Local\Temp\arduino\sketches\165FB370B6E400B4B5279F3BA1A9661A\core\variant.cpp.o
                0x00082ba8                serialEvent3()
 *fill*         0x00082baa        0x2 
 .text.USART0_Handler
                0x00082bac        0xc C:\Users\fengk\AppData\Local\Temp\arduino\sketches\165FB370B6E400B4B5279F3BA1A9661A\core\variant.cpp.o
                0x00082bac                USART0_Handler
 .text.USART1_Handler
                0x00082bb8        0xc C:\Users\fengk\AppData\Local\Temp\arduino\sketches\165FB370B6E400B4B5279F3BA1A9661A\core\variant.cpp.o
                0x00082bb8                USART1_Handler
 .text.USART3_Handler
                0x00082bc4        0xc C:\Users\fengk\AppData\Local\Temp\arduino\sketches\165FB370B6E400B4B5279F3BA1A9661A\core\variant.cpp.o
                0x00082bc4                USART3_Handler
 .text.init     0x00082bd0      0x128 C:\Users\fengk\AppData\Local\Temp\arduino\sketches\165FB370B6E400B4B5279F3BA1A9661A\core\variant.cpp.o
                0x00082bd0                init
 .text.startup._GLOBAL__sub_I_g_APinDescription
                0x00082cf8       0xd4 C:\Users\fengk\AppData\Local\Temp\arduino\sketches\165FB370B6E400B4B5279F3BA1A9661A\core\variant.cpp.o
 .text._Z14serialEventRunv
                0x00082dcc       0x44 C:\Users\fengk\AppData\Local\Temp\arduino\sketches\165FB370B6E400B4B5279F3BA1A9661A\core\variant.cpp.o
                0x00082dcc                serialEventRun()
 .text.PIO_PullUp
                0x00082e10        0xa C:\Users\fengk\AppData\Local\Arduino15\packages\arduino\hardware\sam\1.6.12\variants\arduino_due_x/libsam_sam3x8e_gcc_rel.a(pio.o)
                0x00082e10                PIO_PullUp
 .text.PIO_SetPeripheral
                0x00082e1a       0x26 C:\Users\fengk\AppData\Local\Arduino15\packages\arduino\hardware\sam\1.6.12\variants\arduino_due_x/libsam_sam3x8e_gcc_rel.a(pio.o)
                0x00082e1a                PIO_SetPeripheral
 .text.PIO_SetInput
                0x00082e40       0x26 C:\Users\fengk\AppData\Local\Arduino15\packages\arduino\hardware\sam\1.6.12\variants\arduino_due_x/libsam_sam3x8e_gcc_rel.a(pio.o)
                0x00082e40                PIO_SetInput
 .text.PIO_SetOutput
                0x00082e66       0x24 C:\Users\fengk\AppData\Local\Arduino15\packages\arduino\hardware\sam\1.6.12\variants\arduino_due_x/libsam_sam3x8e_gcc_rel.a(pio.o)
                0x00082e66                PIO_SetOutput
 *fill*         0x00082e8a        0x2 
 .text.PIO_Configure
                0x00082e8c       0x64 C:\Users\fengk\AppData\Local\Arduino15\packages\arduino\hardware\sam\1.6.12\variants\arduino_due_x/libsam_sam3x8e_gcc_rel.a(pio.o)
                0x00082e8c                PIO_Configure
 .text.PIO_GetOutputDataStatus
                0x00082ef0       0x14 C:\Users\fengk\AppData\Local\Arduino15\packages\arduino\hardware\sam\1.6.12\variants\arduino_due_x/libsam_sam3x8e_gcc_rel.a(pio.o)
                0x00082ef0                PIO_GetOutputDataStatus
 .text.pmc_enable_upll_clock
                0x00082f04       0x14 C:\Users\fengk\AppData\Local\Arduino15\packages\arduino\hardware\sam\1.6.12\variants\arduino_due_x/libsam_sam3x8e_gcc_rel.a(pmc.o)
                0x00082f04                pmc_enable_upll_clock
 .text.pmc_enable_periph_clk
                0x00082f18       0x44 C:\Users\fengk\AppData\Local\Arduino15\packages\arduino\hardware\sam\1.6.12\variants\arduino_due_x/libsam_sam3x8e_gcc_rel.a(pmc.o)
                0x00082f18                pmc_enable_periph_clk
 .text.pmc_disable_periph_clk
                0x00082f5c       0x40 C:\Users\fengk\AppData\Local\Arduino15\packages\arduino\hardware\sam\1.6.12\variants\arduino_due_x/libsam_sam3x8e_gcc_rel.a(pmc.o)
                0x00082f5c                pmc_disable_periph_clk
 .text.pmc_switch_udpck_to_upllck
                0x00082f9c       0x14 C:\Users\fengk\AppData\Local\Arduino15\packages\arduino\hardware\sam\1.6.12\variants\arduino_due_x/libsam_sam3x8e_gcc_rel.a(pmc.o)
                0x00082f9c                pmc_switch_udpck_to_upllck
 .text.pmc_enable_udpck
                0x00082fb0        0xc C:\Users\fengk\AppData\Local\Arduino15\packages\arduino\hardware\sam\1.6.12\variants\arduino_due_x/libsam_sam3x8e_gcc_rel.a(pmc.o)
                0x00082fb0                pmc_enable_udpck
 .text.SystemInit
                0x00082fbc       0x88 C:\Users\fengk\AppData\Local\Arduino15\packages\arduino\hardware\sam\1.6.12\variants\arduino_due_x/libsam_sam3x8e_gcc_rel.a(system_sam3xa.o)
                0x00082fbc                SystemInit
 .text.Reset_Handler
                0x00083044       0x78 C:\Users\fengk\AppData\Local\Arduino15\packages\arduino\hardware\sam\1.6.12\variants\arduino_due_x/libsam_sam3x8e_gcc_rel.a(startup_sam3xa.o)
                0x00083044                Reset_Handler
 .text.adc_init
                0x000830bc       0x98 C:\Users\fengk\AppData\Local\Arduino15\packages\arduino\hardware\sam\1.6.12\variants\arduino_due_x/libsam_sam3x8e_gcc_rel.a(adc.o)
                0x000830bc                adc_init
 .text.adc_configure_trigger
                0x00083154        0xe C:\Users\fengk\AppData\Local\Arduino15\packages\arduino\hardware\sam\1.6.12\variants\arduino_due_x/libsam_sam3x8e_gcc_rel.a(adc.o)
                0x00083154                adc_configure_trigger
 .text.adc_configure_timing
                0x00083162       0x1a C:\Users\fengk\AppData\Local\Arduino15\packages\arduino\hardware\sam\1.6.12\variants\arduino_due_x/libsam_sam3x8e_gcc_rel.a(adc.o)
                0x00083162                adc_configure_timing
 .text.adc_disable_channel
                0x0008317c        0xa C:\Users\fengk\AppData\Local\Arduino15\packages\arduino\hardware\sam\1.6.12\variants\arduino_due_x/libsam_sam3x8e_gcc_rel.a(adc.o)
                0x0008317c                adc_disable_channel
 .text.adc_disable_all_channel
                0x00083186        0x8 C:\Users\fengk\AppData\Local\Arduino15\packages\arduino\hardware\sam\1.6.12\variants\arduino_due_x/libsam_sam3x8e_gcc_rel.a(adc.o)
                0x00083186                adc_disable_all_channel
 .text.adc_disable_interrupt
                0x0008318e        0x4 C:\Users\fengk\AppData\Local\Arduino15\packages\arduino\hardware\sam\1.6.12\variants\arduino_due_x/libsam_sam3x8e_gcc_rel.a(adc.o)
                0x0008318e                adc_disable_interrupt
 *fill*         0x00083192        0x2 
 .text.UOTGHS_Handler
                0x00083194       0x10 C:\Users\fengk\AppData\Local\Arduino15\packages\arduino\hardware\sam\1.6.12\variants\arduino_due_x/libsam_sam3x8e_gcc_rel.a(uotghs.o)
                0x00083194                UOTGHS_Handler
 .text._ZN5Print5writeEPKhj
                0x000831a4       0x22 C:\Users\fengk\AppData\Local\Temp\arduino\sketches\165FB370B6E400B4B5279F3BA1A9661A/..\..\cores\arduino_sam_arduino_due_x_dbg_d966708a8223791f764d24633d687861\core.a(Print.cpp.o)
                0x000831a4                Print::write(unsigned char const*, unsigned int)
 .text._ZN10RingBufferC2Ev
                0x000831c6       0x1a C:\Users\fengk\AppData\Local\Temp\arduino\sketches\165FB370B6E400B4B5279F3BA1A9661A/..\..\cores\arduino_sam_arduino_due_x_dbg_d966708a8223791f764d24633d687861\core.a(RingBuffer.cpp.o)
                0x000831c6                RingBuffer::RingBuffer()
                0x000831c6                RingBuffer::RingBuffer()
 .text._ZN10RingBuffer10store_charEh
                0x000831e0       0x1e C:\Users\fengk\AppData\Local\Temp\arduino\sketches\165FB370B6E400B4B5279F3BA1A9661A/..\..\cores\arduino_sam_arduino_due_x_dbg_d966708a8223791f764d24633d687861\core.a(RingBuffer.cpp.o)
                0x000831e0                RingBuffer::store_char(unsigned char)
 .text._ZN9UARTClasscvbEv
                0x000831fe        0x4 C:\Users\fengk\AppData\Local\Temp\arduino\sketches\165FB370B6E400B4B5279F3BA1A9661A/..\..\cores\arduino_sam_arduino_due_x_dbg_d966708a8223791f764d24633d687861\core.a(UARTClass.cpp.o)
                0x000831fe                UARTClass::operator bool()
 .text._ZN9UARTClass9availableEv
                0x00083202       0x12 C:\Users\fengk\AppData\Local\Temp\arduino\sketches\165FB370B6E400B4B5279F3BA1A9661A/..\..\cores\arduino_sam_arduino_due_x_dbg_d966708a8223791f764d24633d687861\core.a(UARTClass.cpp.o)
                0x00083202                UARTClass::available()
 .text._ZN9UARTClass4peekEv
                0x00083214       0x1c C:\Users\fengk\AppData\Local\Temp\arduino\sketches\165FB370B6E400B4B5279F3BA1A9661A/..\..\cores\arduino_sam_arduino_due_x_dbg_d966708a8223791f764d24633d687861\core.a(UARTClass.cpp.o)
                0x00083214                UARTClass::peek()
 .text._ZN9UARTClass4readEv
                0x00083230       0x2a C:\Users\fengk\AppData\Local\Temp\arduino\sketches\165FB370B6E400B4B5279F3BA1A9661A/..\..\cores\arduino_sam_arduino_due_x_dbg_d966708a8223791f764d24633d687861\core.a(UARTClass.cpp.o)
                0x00083230                UARTClass::read()
 .text._ZN9UARTClass5flushEv
                0x0008325a       0x18 C:\Users\fengk\AppData\Local\Temp\arduino\sketches\165FB370B6E400B4B5279F3BA1A9661A/..\..\cores\arduino_sam_arduino_due_x_dbg_d966708a8223791f764d24633d687861\core.a(UARTClass.cpp.o)
                0x0008325a                UARTClass::flush()
 *fill*         0x00083272        0x2 
 .text._ZN9UARTClass5writeEh
                0x00083274       0x54 C:\Users\fengk\AppData\Local\Temp\arduino\sketches\165FB370B6E400B4B5279F3BA1A9661A/..\..\cores\arduino_sam_arduino_due_x_dbg_d966708a8223791f764d24633d687861\core.a(UARTClass.cpp.o)
                0x00083274                UARTClass::write(unsigned char)
 .text._ZN9UARTClass3endEv
                0x000832c8       0x3c C:\Users\fengk\AppData\Local\Temp\arduino\sketches\165FB370B6E400B4B5279F3BA1A9661A/..\..\cores\arduino_sam_arduino_due_x_dbg_d966708a8223791f764d24633d687861\core.a(UARTClass.cpp.o)
                0x000832c8                UARTClass::end()
 .text._ZN9UARTClassC2EP4Uart4IRQnmP10RingBufferS4_
                0x00083304       0x24 C:\Users\fengk\AppData\Local\Temp\arduino\sketches\165FB370B6E400B4B5279F3BA1A9661A/..\..\cores\arduino_sam_arduino_due_x_dbg_d966708a8223791f764d24633d687861\core.a(UARTClass.cpp.o)
                0x00083304                UARTClass::UARTClass(Uart*, IRQn, unsigned long, RingBuffer*, RingBuffer*)
                0x00083304                UARTClass::UARTClass(Uart*, IRQn, unsigned long, RingBuffer*, RingBuffer*)
 .text._ZN9UARTClass4initEmm
                0x00083328       0x70 C:\Users\fengk\AppData\Local\Temp\arduino\sketches\165FB370B6E400B4B5279F3BA1A9661A/..\..\cores\arduino_sam_arduino_due_x_dbg_d966708a8223791f764d24633d687861\core.a(UARTClass.cpp.o)
                0x00083328                UARTClass::init(unsigned long, unsigned long)
 .text._ZN9UARTClass5beginEm
                0x00083398        0x8 C:\Users\fengk\AppData\Local\Temp\arduino\sketches\165FB370B6E400B4B5279F3BA1A9661A/..\..\cores\arduino_sam_arduino_due_x_dbg_d966708a8223791f764d24633d687861\core.a(UARTClass.cpp.o)
                0x00083398                UARTClass::begin(unsigned long)
 .text._ZN9UARTClass10IrqHandlerEv
                0x000833a0       0x5a C:\Users\fengk\AppData\Local\Temp\arduino\sketches\165FB370B6E400B4B5279F3BA1A9661A/..\..\cores\arduino_sam_arduino_due_x_dbg_d966708a8223791f764d24633d687861\core.a(UARTClass.cpp.o)
                0x000833a0                UARTClass::IrqHandler()
 .text._ZN10USARTClass5beginEm
                0x000833fa        0x8 C:\Users\fengk\AppData\Local\Temp\arduino\sketches\165FB370B6E400B4B5279F3BA1A9661A/..\..\cores\arduino_sam_arduino_due_x_dbg_d966708a8223791f764d24633d687861\core.a(USARTClass.cpp.o)
                0x000833fa                USARTClass::begin(unsigned long)
 *fill*         0x00083402        0x2 
 .text._ZN10USARTClassC2EP5Usart4IRQnmP10RingBufferS4_
                0x00083404       0x24 C:\Users\fengk\AppData\Local\Temp\arduino\sketches\165FB370B6E400B4B5279F3BA1A9661A/..\..\cores\arduino_sam_arduino_due_x_dbg_d966708a8223791f764d24633d687861\core.a(USARTClass.cpp.o)
                0x00083404                USARTClass::USARTClass(Usart*, IRQn, unsigned long, RingBuffer*, RingBuffer*)
                0x00083404                USARTClass::USARTClass(Usart*, IRQn, unsigned long, RingBuffer*, RingBuffer*)
 .text.PIOA_Handler
                0x00083428       0x38 C:\Users\fengk\AppData\Local\Temp\arduino\sketches\165FB370B6E400B4B5279F3BA1A9661A/..\..\cores\arduino_sam_arduino_due_x_dbg_d966708a8223791f764d24633d687861\core.a(WInterrupts.c.o)
                0x00083428                PIOA_Handler
 .text.PIOB_Handler
                0x00083460       0x38 C:\Users\fengk\AppData\Local\Temp\arduino\sketches\165FB370B6E400B4B5279F3BA1A9661A/..\..\cores\arduino_sam_arduino_due_x_dbg_d966708a8223791f764d24633d687861\core.a(WInterrupts.c.o)
                0x00083460                PIOB_Handler
 .text.PIOC_Handler
                0x00083498       0x38 C:\Users\fengk\AppData\Local\Temp\arduino\sketches\165FB370B6E400B4B5279F3BA1A9661A/..\..\cores\arduino_sam_arduino_due_x_dbg_d966708a8223791f764d24633d687861\core.a(WInterrupts.c.o)
                0x00083498                PIOC_Handler
 .text.PIOD_Handler
                0x000834d0       0x38 C:\Users\fengk\AppData\Local\Temp\arduino\sketches\165FB370B6E400B4B5279F3BA1A9661A/..\..\cores\arduino_sam_arduino_due_x_dbg_d966708a8223791f764d24633d687861\core.a(WInterrupts.c.o)
                0x000834d0                PIOD_Handler
 .text.__halt   0x00083508        0x2 C:\Users\fengk\AppData\Local\Temp\arduino\sketches\165FB370B6E400B4B5279F3BA1A9661A/..\..\cores\arduino_sam_arduino_due_x_dbg_d966708a8223791f764d24633d687861\core.a(cortex_handlers.c.o)
                0x00083508                DACC_Handler
                0x00083508                DebugMon_Handler
                0x00083508                DMAC_Handler
                0x00083508                TRNG_Handler
                0x00083508                TC2_Handler
                0x00083508                TWI1_Handler
                0x00083508                NMI_Handler
                0x00083508                TC7_Handler
                0x00083508                ADC_Handler
                0x00083508                SMC_Handler
                0x00083508                RTT_Handler
                0x00083508                EFC1_Handler
                0x00083508                RTC_Handler
                0x00083508                TC6_Handler
                0x00083508                WDT_Handler
                0x00083508                CAN0_Handler
                0x00083508                TC4_Handler
                0x00083508                TC1_Handler
                0x00083508                HSMCI_Handler
                0x00083508                TC3_Handler
                0x00083508                TWI0_Handler
                0x00083508                SSC_Handler
                0x00083508                EFC0_Handler
                0x00083508                PMC_Handler
                0x00083508                PWM_Handler
                0x00083508                CAN1_Handler
                0x00083508                MemManage_Handler
                0x00083508                SUPC_Handler
                0x00083508                TC8_Handler
                0x00083508                USART2_Handler
                0x00083508                EMAC_Handler
                0x00083508                RSTC_Handler
                0x00083508                TC0_Handler
                0x00083508                TC5_Handler
                0x00083508                SPI0_Handler
 .text.SVC_Handler
                0x0008350a        0x4 C:\Users\fengk\AppData\Local\Temp\arduino\sketches\165FB370B6E400B4B5279F3BA1A9661A/..\..\cores\arduino_sam_arduino_due_x_dbg_d966708a8223791f764d24633d687861\core.a(cortex_handlers.c.o)
                0x0008350a                SVC_Handler
 .text.PendSV_Handler
                0x0008350e        0x4 C:\Users\fengk\AppData\Local\Temp\arduino\sketches\165FB370B6E400B4B5279F3BA1A9661A/..\..\cores\arduino_sam_arduino_due_x_dbg_d966708a8223791f764d24633d687861\core.a(cortex_handlers.c.o)
                0x0008350e                PendSV_Handler
 .text.SysTick_Handler
                0x00083512       0x16 C:\Users\fengk\AppData\Local\Temp\arduino\sketches\165FB370B6E400B4B5279F3BA1A9661A/..\..\cores\arduino_sam_arduino_due_x_dbg_d966708a8223791f764d24633d687861\core.a(cortex_handlers.c.o)
                0x00083512                SysTick_Handler
 .text.initVariant
                0x00083528        0x2 C:\Users\fengk\AppData\Local\Temp\arduino\sketches\165FB370B6E400B4B5279F3BA1A9661A/..\..\cores\arduino_sam_arduino_due_x_dbg_d966708a8223791f764d24633d687861\core.a(main.cpp.o)
                0x00083528                initVariant
 *fill*         0x0008352a        0x2 
 .text.startup.main
                0x0008352c       0x38 C:\Users\fengk\AppData\Local\Temp\arduino\sketches\165FB370B6E400B4B5279F3BA1A9661A/..\..\cores\arduino_sam_arduino_due_x_dbg_d966708a8223791f764d24633d687861\core.a(main.cpp.o)
                0x0008352c                main
 .text._sbrk    0x00083564       0x1c C:\Users\fengk\AppData\Local\Temp\arduino\sketches\165FB370B6E400B4B5279F3BA1A9661A/..\..\cores\arduino_sam_arduino_due_x_dbg_d966708a8223791f764d24633d687861\core.a(syscalls_sam3.c.o)
                0x00083564                _sbrk
 .text.link     0x00083580        0x6 C:\Users\fengk\AppData\Local\Temp\arduino\sketches\165FB370B6E400B4B5279F3BA1A9661A/..\..\cores\arduino_sam_arduino_due_x_dbg_d966708a8223791f764d24633d687861\core.a(syscalls_sam3.c.o)
                0x00083580                link
 .text._close   0x00083586        0x6 C:\Users\fengk\AppData\Local\Temp\arduino\sketches\165FB370B6E400B4B5279F3BA1A9661A/..\..\cores\arduino_sam_arduino_due_x_dbg_d966708a8223791f764d24633d687861\core.a(syscalls_sam3.c.o)
                0x00083586                _close
 .text._fstat   0x0008358c        0xa C:\Users\fengk\AppData\Local\Temp\arduino\sketches\165FB370B6E400B4B5279F3BA1A9661A/..\..\cores\arduino_sam_arduino_due_x_dbg_d966708a8223791f764d24633d687861\core.a(syscalls_sam3.c.o)
                0x0008358c                _fstat
 .text._isatty  0x00083596        0x4 C:\Users\fengk\AppData\Local\Temp\arduino\sketches\165FB370B6E400B4B5279F3BA1A9661A/..\..\cores\arduino_sam_arduino_due_x_dbg_d966708a8223791f764d24633d687861\core.a(syscalls_sam3.c.o)
                0x00083596                _isatty
 .text._lseek   0x0008359a        0x4 C:\Users\fengk\AppData\Local\Temp\arduino\sketches\165FB370B6E400B4B5279F3BA1A9661A/..\..\cores\arduino_sam_arduino_due_x_dbg_d966708a8223791f764d24633d687861\core.a(syscalls_sam3.c.o)
                0x0008359a                _lseek
 .text._read    0x0008359e        0x4 C:\Users\fengk\AppData\Local\Temp\arduino\sketches\165FB370B6E400B4B5279F3BA1A9661A/..\..\cores\arduino_sam_arduino_due_x_dbg_d966708a8223791f764d24633d687861\core.a(syscalls_sam3.c.o)
                0x0008359e                _read
 *fill*         0x000835a2        0x2 
 .text._write   0x000835a4       0x24 C:\Users\fengk\AppData\Local\Temp\arduino\sketches\165FB370B6E400B4B5279F3BA1A9661A/..\..\cores\arduino_sam_arduino_due_x_dbg_d966708a8223791f764d24633d687861\core.a(syscalls_sam3.c.o)
                0x000835a4                _write
 .text._exit    0x000835c8        0x2 C:\Users\fengk\AppData\Local\Temp\arduino\sketches\165FB370B6E400B4B5279F3BA1A9661A/..\..\cores\arduino_sam_arduino_due_x_dbg_d966708a8223791f764d24633d687861\core.a(syscalls_sam3.c.o)
                0x000835c8                _exit
 .text._kill    0x000835ca        0x2 C:\Users\fengk\AppData\Local\Temp\arduino\sketches\165FB370B6E400B4B5279F3BA1A9661A/..\..\cores\arduino_sam_arduino_due_x_dbg_d966708a8223791f764d24633d687861\core.a(syscalls_sam3.c.o)
                0x000835ca                _kill
 .text._getpid  0x000835cc        0x6 C:\Users\fengk\AppData\Local\Temp\arduino\sketches\165FB370B6E400B4B5279F3BA1A9661A/..\..\cores\arduino_sam_arduino_due_x_dbg_d966708a8223791f764d24633d687861\core.a(syscalls_sam3.c.o)
                0x000835cc                _getpid
 *fill*         0x000835d2        0x2 
 .text._watchdogDefaultSetup
                0x000835d4        0xc C:\Users\fengk\AppData\Local\Temp\arduino\sketches\165FB370B6E400B4B5279F3BA1A9661A/..\..\cores\arduino_sam_arduino_due_x_dbg_d966708a8223791f764d24633d687861\core.a(watchdog.cpp.o)
                0x000835d4                _watchdogDefaultSetup
                0x000835d4                watchdogSetup()
 .text.delay    0x000835e0       0x1c C:\Users\fengk\AppData\Local\Temp\arduino\sketches\165FB370B6E400B4B5279F3BA1A9661A/..\..\cores\arduino_sam_arduino_due_x_dbg_d966708a8223791f764d24633d687861\core.a(wiring.c.o)
                0x000835e0                delay
 .text.analogOutputInit
                0x000835fc        0x2 C:\Users\fengk\AppData\Local\Temp\arduino\sketches\165FB370B6E400B4B5279F3BA1A9661A/..\..\cores\arduino_sam_arduino_due_x_dbg_d966708a8223791f764d24633d687861\core.a(wiring_analog.c.o)
                0x000835fc                analogOutputInit
 *fill*         0x000835fe        0x2 
 .text.pinMode  0x00083600      0x108 C:\Users\fengk\AppData\Local\Temp\arduino\sketches\165FB370B6E400B4B5279F3BA1A9661A/..\..\cores\arduino_sam_arduino_due_x_dbg_d966708a8223791f764d24633d687861\core.a(wiring_digital.c.o)
                0x00083600                pinMode
 .text.digitalWrite
                0x00083708       0x70 C:\Users\fengk\AppData\Local\Temp\arduino\sketches\165FB370B6E400B4B5279F3BA1A9661A/..\..\cores\arduino_sam_arduino_due_x_dbg_d966708a8223791f764d24633d687861\core.a(wiring_digital.c.o)
                0x00083708                digitalWrite
 .text.initiateReset
                0x00083778        0xc C:\Users\fengk\AppData\Local\Temp\arduino\sketches\165FB370B6E400B4B5279F3BA1A9661A/..\..\cores\arduino_sam_arduino_due_x_dbg_d966708a8223791f764d24633d687861\core.a(Reset.cpp.o)
                0x00083778                initiateReset
 .text.cancelReset
                0x00083784       0x10 C:\Users\fengk\AppData\Local\Temp\arduino\sketches\165FB370B6E400B4B5279F3BA1A9661A/..\..\cores\arduino_sam_arduino_due_x_dbg_d966708a8223791f764d24633d687861\core.a(Reset.cpp.o)
                0x00083784                cancelReset
 .text.tickReset
                0x00083794       0x20 C:\Users\fengk\AppData\Local\Temp\arduino\sketches\165FB370B6E400B4B5279F3BA1A9661A/..\..\cores\arduino_sam_arduino_due_x_dbg_d966708a8223791f764d24633d687861\core.a(Reset.cpp.o)
                0x00083794                tickReset
 .text.unlikely._ZL11USB_SendZlpv
                0x000837b4       0x20 C:\Users\fengk\AppData\Local\Temp\arduino\sketches\165FB370B6E400B4B5279F3BA1A9661A/..\..\cores\arduino_sam_arduino_due_x_dbg_d966708a8223791f764d24633d687861\core.a(USBCore.cpp.o)
 .text._Z14USBD_Availablem
                0x000837d4       0x2c C:\Users\fengk\AppData\Local\Temp\arduino\sketches\165FB370B6E400B4B5279F3BA1A9661A/..\..\cores\arduino_sam_arduino_due_x_dbg_d966708a8223791f764d24633d687861\core.a(USBCore.cpp.o)
                0x000837d4                USBD_Available(unsigned long)
 .text._Z9USBD_RecvmPvm
                0x00083800       0x7c C:\Users\fengk\AppData\Local\Temp\arduino\sketches\165FB370B6E400B4B5279F3BA1A9661A/..\..\cores\arduino_sam_arduino_due_x_dbg_d966708a8223791f764d24633d687861\core.a(USBCore.cpp.o)
                0x00083800                USBD_Recv(unsigned long, void*, unsigned long)
 .text._Z9USBD_Recvm
                0x0008387c       0x22 C:\Users\fengk\AppData\Local\Temp\arduino\sketches\165FB370B6E400B4B5279F3BA1A9661A/..\..\cores\arduino_sam_arduino_due_x_dbg_d966708a8223791f764d24633d687861\core.a(USBCore.cpp.o)
                0x0008387c                USBD_Recv(unsigned long)
 *fill*         0x0008389e        0x2 
 .text._Z9USBD_SendmPKvm
                0x000838a0       0x4c C:\Users\fengk\AppData\Local\Temp\arduino\sketches\165FB370B6E400B4B5279F3BA1A9661A/..\..\cores\arduino_sam_arduino_due_x_dbg_d966708a8223791f764d24633d687861\core.a(USBCore.cpp.o)
                0x000838a0                USBD_Send(unsigned long, void const*, unsigned long)
 .text._Z16USBD_SendControlhPKvm
                0x000838ec       0x40 C:\Users\fengk\AppData\Local\Temp\arduino\sketches\165FB370B6E400B4B5279F3BA1A9661A/..\..\cores\arduino_sam_arduino_due_x_dbg_d966708a8223791f764d24633d687861\core.a(USBCore.cpp.o)
                0x000838ec                USBD_SendControl(unsigned char, void const*, unsigned long)
 .text.unlikely._ZL24USB_SendStringDescriptorPKhi
                0x0008392c       0x64 C:\Users\fengk\AppData\Local\Temp\arduino\sketches\165FB370B6E400B4B5279F3BA1A9661A/..\..\cores\arduino_sam_arduino_due_x_dbg_d966708a8223791f764d24633d687861\core.a(USBCore.cpp.o)
 .text._Z16USBD_RecvControlPvm
                0x00083990       0x1c C:\Users\fengk\AppData\Local\Temp\arduino\sketches\165FB370B6E400B4B5279F3BA1A9661A/..\..\cores\arduino_sam_arduino_due_x_dbg_d966708a8223791f764d24633d687861\core.a(USBCore.cpp.o)
                0x00083990                USBD_RecvControl(void*, unsigned long)
 .text._Z26USBD_ClassInterfaceRequestR8USBSetup
                0x000839ac       0x1e C:\Users\fengk\AppData\Local\Temp\arduino\sketches\165FB370B6E400B4B5279F3BA1A9661A/..\..\cores\arduino_sam_arduino_due_x_dbg_d966708a8223791f764d24633d687861\core.a(USBCore.cpp.o)
                0x000839ac                USBD_ClassInterfaceRequest(USBSetup&)
 .text._Z19USBD_SendInterfacesv
                0x000839ca       0x22 C:\Users\fengk\AppData\Local\Temp\arduino\sketches\165FB370B6E400B4B5279F3BA1A9661A/..\..\cores\arduino_sam_arduino_due_x_dbg_d966708a8223791f764d24633d687861\core.a(USBCore.cpp.o)
                0x000839ca                USBD_SendInterfaces()
 .text._Z24USBD_SendOtherInterfacesv
                0x000839ec       0x22 C:\Users\fengk\AppData\Local\Temp\arduino\sketches\165FB370B6E400B4B5279F3BA1A9661A/..\..\cores\arduino_sam_arduino_due_x_dbg_d966708a8223791f764d24633d687861\core.a(USBCore.cpp.o)
                0x000839ec                USBD_SendOtherInterfaces()
 .text._Z10USBD_Flushm
                0x00083a0e       0x16 C:\Users\fengk\AppData\Local\Temp\arduino\sketches\165FB370B6E400B4B5279F3BA1A9661A/..\..\cores\arduino_sam_arduino_due_x_dbg_d966708a8223791f764d24633d687861\core.a(USBCore.cpp.o)
                0x00083a0e                USBD_Flush(unsigned long)
 .text._ZN10USBDevice_C2Ev
                0x00083a24       0x24 C:\Users\fengk\AppData\Local\Temp\arduino\sketches\165FB370B6E400B4B5279F3BA1A9661A/..\..\cores\arduino_sam_arduino_due_x_dbg_d966708a8223791f764d24633d687861\core.a(USBCore.cpp.o)
                0x00083a24                USBDevice_::USBDevice_()
                0x00083a24                USBDevice_::USBDevice_()
 .text._ZN10USBDevice_6attachEv
                0x00083a48       0x20 C:\Users\fengk\AppData\Local\Temp\arduino\sketches\165FB370B6E400B4B5279F3BA1A9661A/..\..\cores\arduino_sam_arduino_due_x_dbg_d966708a8223791f764d24633d687861\core.a(USBCore.cpp.o)
                0x00083a48                USBDevice_::attach()
 .text.startup._GLOBAL__sub_I_EndPoints
                0x00083a68        0xc C:\Users\fengk\AppData\Local\Temp\arduino\sketches\165FB370B6E400B4B5279F3BA1A9661A/..\..\cores\arduino_sam_arduino_due_x_dbg_d966708a8223791f764d24633d687861\core.a(USBCore.cpp.o)
 .text._ZL7USB_ISRv
                0x00083a74      0x454 C:\Users\fengk\AppData\Local\Temp\arduino\sketches\165FB370B6E400B4B5279F3BA1A9661A/..\..\cores\arduino_sam_arduino_due_x_dbg_d966708a8223791f764d24633d687861\core.a(USBCore.cpp.o)
 .text.__empty  0x00083ec8        0x2 C:\Users\fengk\AppData\Local\Temp\arduino\sketches\165FB370B6E400B4B5279F3BA1A9661A/..\..\cores\arduino_sam_arduino_due_x_dbg_d966708a8223791f764d24633d687861\core.a(hooks.c.o)
                0x00083ec8                yield
 *fill*         0x00083eca        0x2 
 .text._ZN7Serial_9availableEv
                0x00083ecc       0x18 C:\Users\fengk\AppData\Local\Temp\arduino\sketches\165FB370B6E400B4B5279F3BA1A9661A/..\..\cores\arduino_sam_arduino_due_x_dbg_d966708a8223791f764d24633d687861\core.a(CDC.cpp.o)
                0x00083ecc                Serial_::available()
 .text._ZN7Serial_17availableForWriteEv
                0x00083ee4        0x6 C:\Users\fengk\AppData\Local\Temp\arduino\sketches\165FB370B6E400B4B5279F3BA1A9661A/..\..\cores\arduino_sam_arduino_due_x_dbg_d966708a8223791f764d24633d687861\core.a(CDC.cpp.o)
                0x00083ee4                Serial_::availableForWrite()
 *fill*         0x00083eea        0x2 
 .text._ZN7Serial_4peekEv
                0x00083eec       0x20 C:\Users\fengk\AppData\Local\Temp\arduino\sketches\165FB370B6E400B4B5279F3BA1A9661A/..\..\cores\arduino_sam_arduino_due_x_dbg_d966708a8223791f764d24633d687861\core.a(CDC.cpp.o)
                0x00083eec                Serial_::peek()
 .text._ZN7Serial_5writeEh
                0x00083f0c       0x16 C:\Users\fengk\AppData\Local\Temp\arduino\sketches\165FB370B6E400B4B5279F3BA1A9661A/..\..\cores\arduino_sam_arduino_due_x_dbg_d966708a8223791f764d24633d687861\core.a(CDC.cpp.o)
                0x00083f0c                Serial_::write(unsigned char)
 *fill*         0x00083f22        0x2 
 .text._ZN7Serial_4readEv
                0x00083f24       0x44 C:\Users\fengk\AppData\Local\Temp\arduino\sketches\165FB370B6E400B4B5279F3BA1A9661A/..\..\cores\arduino_sam_arduino_due_x_dbg_d966708a8223791f764d24633d687861\core.a(CDC.cpp.o)
                0x00083f24                Serial_::read()
 .text._ZN7Serial_5flushEv
                0x00083f68        0x6 C:\Users\fengk\AppData\Local\Temp\arduino\sketches\165FB370B6E400B4B5279F3BA1A9661A/..\..\cores\arduino_sam_arduino_due_x_dbg_d966708a8223791f764d24633d687861\core.a(CDC.cpp.o)
                0x00083f68                Serial_::flush()
 *fill*         0x00083f6e        0x2 
 .text._ZN7Serial_6acceptEv
                0x00083f70       0x70 C:\Users\fengk\AppData\Local\Temp\arduino\sketches\165FB370B6E400B4B5279F3BA1A9661A/..\..\cores\arduino_sam_arduino_due_x_dbg_d966708a8223791f764d24633d687861\core.a(CDC.cpp.o)
                0x00083f70                Serial_::accept()
 .text._ZN7Serial_5writeEPKhj
                0x00083fe0       0x2c C:\Users\fengk\AppData\Local\Temp\arduino\sketches\165FB370B6E400B4B5279F3BA1A9661A/..\..\cores\arduino_sam_arduino_due_x_dbg_d966708a8223791f764d24633d687861\core.a(CDC.cpp.o)
                0x00083fe0                Serial_::write(unsigned char const*, unsigned int)
 .text._Z16CDC_GetInterfacePh
                0x0008400c       0x14 C:\Users\fengk\AppData\Local\Temp\arduino\sketches\165FB370B6E400B4B5279F3BA1A9661A/..\..\cores\arduino_sam_arduino_due_x_dbg_d966708a8223791f764d24633d687861\core.a(CDC.cpp.o)
                0x0008400c                CDC_GetInterface(unsigned char*)
 .text._Z21CDC_GetOtherInterfacePh
                0x00084020       0x14 C:\Users\fengk\AppData\Local\Temp\arduino\sketches\165FB370B6E400B4B5279F3BA1A9661A/..\..\cores\arduino_sam_arduino_due_x_dbg_d966708a8223791f764d24633d687861\core.a(CDC.cpp.o)
                0x00084020                CDC_GetOtherInterface(unsigned char*)
 .text._Z9CDC_SetupR8USBSetup
                0x00084034       0x78 C:\Users\fengk\AppData\Local\Temp\arduino\sketches\165FB370B6E400B4B5279F3BA1A9661A/..\..\cores\arduino_sam_arduino_due_x_dbg_d966708a8223791f764d24633d687861\core.a(CDC.cpp.o)
                0x00084034                CDC_Setup(USBSetup&)
 .text.startup._GLOBAL__sub_I_cdc_rx_buffer
                0x000840ac       0x1c C:\Users\fengk\AppData\Local\Temp\arduino\sketches\165FB370B6E400B4B5279F3BA1A9661A/..\..\cores\arduino_sam_arduino_due_x_dbg_d966708a8223791f764d24633d687861\core.a(CDC.cpp.o)
 .text._ZN13PluggableUSB_12getInterfaceEPh
                0x000840c8       0x28 C:\Users\fengk\AppData\Local\Temp\arduino\sketches\165FB370B6E400B4B5279F3BA1A9661A/..\..\cores\arduino_sam_arduino_due_x_dbg_d966708a8223791f764d24633d687861\core.a(PluggableUSB.cpp.o)
                0x000840c8                PluggableUSB_::getInterface(unsigned char*)
 .text._ZN13PluggableUSB_13getDescriptorER8USBSetup
                0x000840f0       0x1c C:\Users\fengk\AppData\Local\Temp\arduino\sketches\165FB370B6E400B4B5279F3BA1A9661A/..\..\cores\arduino_sam_arduino_due_x_dbg_d966708a8223791f764d24633d687861\core.a(PluggableUSB.cpp.o)
                0x000840f0                PluggableUSB_::getDescriptor(USBSetup&)
 .text._ZN13PluggableUSB_12getShortNameEPc
                0x0008410c       0x1c C:\Users\fengk\AppData\Local\Temp\arduino\sketches\165FB370B6E400B4B5279F3BA1A9661A/..\..\cores\arduino_sam_arduino_due_x_dbg_d966708a8223791f764d24633d687861\core.a(PluggableUSB.cpp.o)
                0x0008410c                PluggableUSB_::getShortName(char*)
 .text._ZN13PluggableUSB_5setupER8USBSetup
                0x00084128       0x20 C:\Users\fengk\AppData\Local\Temp\arduino\sketches\165FB370B6E400B4B5279F3BA1A9661A/..\..\cores\arduino_sam_arduino_due_x_dbg_d966708a8223791f764d24633d687861\core.a(PluggableUSB.cpp.o)
                0x00084128                PluggableUSB_::setup(USBSetup&)
 .text._Z12PluggableUSBv
                0x00084148       0x28 C:\Users\fengk\AppData\Local\Temp\arduino\sketches\165FB370B6E400B4B5279F3BA1A9661A/..\..\cores\arduino_sam_arduino_due_x_dbg_d966708a8223791f764d24633d687861\core.a(PluggableUSB.cpp.o)
                0x00084148                PluggableUSB()
 .text.TimeTick_Increment
                0x00084170       0x10 C:\Users\fengk\AppData\Local\Arduino15\packages\arduino\hardware\sam\1.6.12\variants\arduino_due_x/libsam_sam3x8e_gcc_rel.a(timetick.o)
                0x00084170                TimeTick_Increment
 .text.GetTickCount
                0x00084180        0xc C:\Users\fengk\AppData\Local\Arduino15\packages\arduino\hardware\sam\1.6.12\variants\arduino_due_x/libsam_sam3x8e_gcc_rel.a(timetick.o)
                0x00084180                GetTickCount
 .text.WDT_Disable
                0x0008418c        0x8 C:\Users\fengk\AppData\Local\Arduino15\packages\arduino\hardware\sam\1.6.12\variants\arduino_due_x/libsam_sam3x8e_gcc_rel.a(wdt.o)
                0x0008418c                WDT_Disable
 .text.UDD_SetStack
                0x00084194        0xc C:\Users\fengk\AppData\Local\Arduino15\packages\arduino\hardware\sam\1.6.12\variants\arduino_due_x/libsam_sam3x8e_gcc_rel.a(uotghs_device.o)
                0x00084194                UDD_SetStack
 .text.UDD_Init
                0x000841a0       0xd0 C:\Users\fengk\AppData\Local\Arduino15\packages\arduino\hardware\sam\1.6.12\variants\arduino_due_x/libsam_sam3x8e_gcc_rel.a(uotghs_device.o)
                0x000841a0                UDD_Init
 .text.UDD_Attach
                0x00084270       0x50 C:\Users\fengk\AppData\Local\Arduino15\packages\arduino\hardware\sam\1.6.12\variants\arduino_due_x/libsam_sam3x8e_gcc_rel.a(uotghs_device.o)
                0x00084270                UDD_Attach
 .text.UDD_InitEP
                0x000842c0       0x2c C:\Users\fengk\AppData\Local\Arduino15\packages\arduino\hardware\sam\1.6.12\variants\arduino_due_x/libsam_sam3x8e_gcc_rel.a(uotghs_device.o)
                0x000842c0                UDD_InitEP
 .text.UDD_InitEndpoints
                0x000842ec       0x3c C:\Users\fengk\AppData\Local\Arduino15\packages\arduino\hardware\sam\1.6.12\variants\arduino_due_x/libsam_sam3x8e_gcc_rel.a(uotghs_device.o)
                0x000842ec                UDD_InitEndpoints
 .text.UDD_WaitIN
                0x00084328       0x10 C:\Users\fengk\AppData\Local\Arduino15\packages\arduino\hardware\sam\1.6.12\variants\arduino_due_x/libsam_sam3x8e_gcc_rel.a(uotghs_device.o)
                0x00084328                UDD_WaitIN
 .text.UDD_WaitOUT
                0x00084338       0x10 C:\Users\fengk\AppData\Local\Arduino15\packages\arduino\hardware\sam\1.6.12\variants\arduino_due_x/libsam_sam3x8e_gcc_rel.a(uotghs_device.o)
                0x00084338                UDD_WaitOUT
 .text.UDD_ClearIN
                0x00084348       0x18 C:\Users\fengk\AppData\Local\Arduino15\packages\arduino\hardware\sam\1.6.12\variants\arduino_due_x/libsam_sam3x8e_gcc_rel.a(uotghs_device.o)
                0x00084348                UDD_ClearIN
 .text.UDD_ClearOUT
                0x00084360       0x18 C:\Users\fengk\AppData\Local\Arduino15\packages\arduino\hardware\sam\1.6.12\variants\arduino_due_x/libsam_sam3x8e_gcc_rel.a(uotghs_device.o)
                0x00084360                UDD_ClearOUT
 .text.UDD_ReceivedSetupInt
                0x00084378       0x10 C:\Users\fengk\AppData\Local\Arduino15\packages\arduino\hardware\sam\1.6.12\variants\arduino_due_x/libsam_sam3x8e_gcc_rel.a(uotghs_device.o)
                0x00084378                UDD_ReceivedSetupInt
 .text.UDD_ClearSetupInt
                0x00084388       0x10 C:\Users\fengk\AppData\Local\Arduino15\packages\arduino\hardware\sam\1.6.12\variants\arduino_due_x/libsam_sam3x8e_gcc_rel.a(uotghs_device.o)
                0x00084388                UDD_ClearSetupInt
 .text.UDD_Send
                0x00084398       0x88 C:\Users\fengk\AppData\Local\Arduino15\packages\arduino\hardware\sam\1.6.12\variants\arduino_due_x/libsam_sam3x8e_gcc_rel.a(uotghs_device.o)
                0x00084398                UDD_Send
 .text.UDD_Send8
                0x00084420       0x24 C:\Users\fengk\AppData\Local\Arduino15\packages\arduino\hardware\sam\1.6.12\variants\arduino_due_x/libsam_sam3x8e_gcc_rel.a(uotghs_device.o)
                0x00084420                UDD_Send8
 .text.UDD_Recv8
                0x00084444       0x28 C:\Users\fengk\AppData\Local\Arduino15\packages\arduino\hardware\sam\1.6.12\variants\arduino_due_x/libsam_sam3x8e_gcc_rel.a(uotghs_device.o)
                0x00084444                UDD_Recv8
 .text.UDD_Recv
                0x0008446c       0x34 C:\Users\fengk\AppData\Local\Arduino15\packages\arduino\hardware\sam\1.6.12\variants\arduino_due_x/libsam_sam3x8e_gcc_rel.a(uotghs_device.o)
                0x0008446c                UDD_Recv
 .text.UDD_Stall
                0x000844a0       0x14 C:\Users\fengk\AppData\Local\Arduino15\packages\arduino\hardware\sam\1.6.12\variants\arduino_due_x/libsam_sam3x8e_gcc_rel.a(uotghs_device.o)
                0x000844a0                UDD_Stall
 .text.UDD_FifoByteCount
                0x000844b4       0x14 C:\Users\fengk\AppData\Local\Arduino15\packages\arduino\hardware\sam\1.6.12\variants\arduino_due_x/libsam_sam3x8e_gcc_rel.a(uotghs_device.o)
                0x000844b4                UDD_FifoByteCount
 .text.UDD_ReleaseRX
                0x000844c8       0x28 C:\Users\fengk\AppData\Local\Arduino15\packages\arduino\hardware\sam\1.6.12\variants\arduino_due_x/libsam_sam3x8e_gcc_rel.a(uotghs_device.o)
                0x000844c8                UDD_ReleaseRX
 .text.UDD_ReleaseTX
                0x000844f0       0x28 C:\Users\fengk\AppData\Local\Arduino15\packages\arduino\hardware\sam\1.6.12\variants\arduino_due_x/libsam_sam3x8e_gcc_rel.a(uotghs_device.o)
                0x000844f0                UDD_ReleaseTX
 .text.UDD_SetAddress
                0x00084518       0x20 C:\Users\fengk\AppData\Local\Arduino15\packages\arduino\hardware\sam\1.6.12\variants\arduino_due_x/libsam_sam3x8e_gcc_rel.a(uotghs_device.o)
                0x00084518                UDD_SetAddress
 .text.__fpclassifyd
                0x00084538       0x50 c:/users/fengk/appdata/local/arduino15/packages/arduino/tools/arm-none-eabi-gcc/4.8.3-2014q1/bin/../lib/gcc/arm-none-eabi/4.8.3/../../../../arm-none-eabi/lib/armv7-m\libm.a(lib_a-s_fpclassify.o)
                0x00084538                __fpclassifyd
 .text          0x00084588      0x370 c:/users/fengk/appdata/local/arduino15/packages/arduino/tools/arm-none-eabi-gcc/4.8.3-2014q1/bin/../lib/gcc/arm-none-eabi/4.8.3/armv7-m\libgcc.a(_arm_addsubdf3.o)
                0x00084588                __aeabi_drsub
                0x00084590                __aeabi_dsub
                0x00084590                __subdf3
                0x00084594                __aeabi_dadd
                0x00084594                __adddf3
                0x0008480c                __floatunsidf
                0x0008480c                __aeabi_ui2d
                0x0008482c                __floatsidf
                0x0008482c                __aeabi_i2d
                0x00084850                __aeabi_f2d
                0x00084850                __extendsfdf2
                0x0008488c                __floatundidf
                0x0008488c                __aeabi_ul2d
                0x0008489c                __floatdidf
                0x0008489c                __aeabi_l2d
 .text          0x000848f8      0x424 c:/users/fengk/appdata/local/arduino15/packages/arduino/tools/arm-none-eabi-gcc/4.8.3-2014q1/bin/../lib/gcc/arm-none-eabi/4.8.3/armv7-m\libgcc.a(_arm_muldivdf3.o)
                0x000848f8                __aeabi_dmul
                0x000848f8                __muldf3
                0x00084b4c                __divdf3
                0x00084b4c                __aeabi_ddiv
 .text          0x00084d1c      0x110 c:/users/fengk/appdata/local/arduino15/packages/arduino/tools/arm-none-eabi-gcc/4.8.3-2014q1/bin/../lib/gcc/arm-none-eabi/4.8.3/armv7-m\libgcc.a(_arm_cmpdf2.o)
                0x00084d1c                __gtdf2
                0x00084d1c                __gedf2
                0x00084d24                __ltdf2
                0x00084d24                __ledf2
                0x00084d2c                __nedf2
                0x00084d2c                __eqdf2
                0x00084d2c                __cmpdf2
                0x00084da8                __aeabi_cdrcmple
                0x00084db8                __aeabi_cdcmpeq
                0x00084db8                __aeabi_cdcmple
                0x00084dc8                __aeabi_dcmpeq
                0x00084ddc                __aeabi_dcmplt
                0x00084df0                __aeabi_dcmple
                0x00084e04                __aeabi_dcmpge
                0x00084e18                __aeabi_dcmpgt
 .text          0x00084e2c       0x40 c:/users/fengk/appdata/local/arduino15/packages/arduino/tools/arm-none-eabi-gcc/4.8.3-2014q1/bin/../lib/gcc/arm-none-eabi/4.8.3/armv7-m\libgcc.a(_arm_fixunsdfsi.o)
                0x00084e2c                __aeabi_d2uiz
                0x00084e2c                __fixunsdfsi
 .text          0x00084e6c       0xa0 c:/users/fengk/appdata/local/arduino15/packages/arduino/tools/arm-none-eabi-gcc/4.8.3-2014q1/bin/../lib/gcc/arm-none-eabi/4.8.3/armv7-m\libgcc.a(_arm_truncdfsf2.o)
                0x00084e6c                __truncdfsf2
                0x00084e6c                __aeabi_d2f
 .text          0x00084f0c      0x21c c:/users/fengk/appdata/local/arduino15/packages/arduino/tools/arm-none-eabi-gcc/4.8.3-2014q1/bin/../lib/gcc/arm-none-eabi/4.8.3/armv7-m\libgcc.a(_arm_addsubsf3.o)
                0x00084f0c                __aeabi_frsub
                0x00084f14                __subsf3
                0x00084f14                __aeabi_fsub
                0x00084f18                __aeabi_fadd
                0x00084f18                __addsf3
                0x00085078                __aeabi_ui2f
                0x00085078                __floatunsisf
                0x00085080                __aeabi_i2f
                0x00085080                __floatsisf
                0x0008509c                __aeabi_ul2f
                0x0008509c                __floatundisf
                0x000850ac                __aeabi_l2f
                0x000850ac                __floatdisf
 .text          0x00085128      0x2a0 c:/users/fengk/appdata/local/arduino15/packages/arduino/tools/arm-none-eabi-gcc/4.8.3-2014q1/bin/../lib/gcc/arm-none-eabi/4.8.3/armv7-m\libgcc.a(_arm_muldivsf3.o)
                0x00085128                __mulsf3
                0x00085128                __aeabi_fmul
                0x00085290                __aeabi_fdiv
                0x00085290                __divsf3
 .text          0x000853c8       0x2c c:/users/fengk/appdata/local/arduino15/packages/arduino/tools/arm-none-eabi-gcc/4.8.3-2014q1/bin/../lib/gcc/arm-none-eabi/4.8.3/armv7-m\libgcc.a(_aeabi_uldivmod.o)
                0x000853c8                __aeabi_uldivmod
 .text          0x000853f4       0x60 c:/users/fengk/appdata/local/arduino15/packages/arduino/tools/arm-none-eabi-gcc/4.8.3-2014q1/bin/../lib/gcc/arm-none-eabi/4.8.3/armv7-m\libgcc.a(bpabi.o)
                0x000853f4                __gnu_ldivmod_helper
                0x00085424                __gnu_uldivmod_helper
 .text          0x00085454        0x4 c:/users/fengk/appdata/local/arduino15/packages/arduino/tools/arm-none-eabi-gcc/4.8.3-2014q1/bin/../lib/gcc/arm-none-eabi/4.8.3/armv7-m\libgcc.a(_dvmd_tls.o)
                0x00085454                __aeabi_idiv0
                0x00085454                __aeabi_ldiv0
 .text          0x00085458      0x2a0 c:/users/fengk/appdata/local/arduino15/packages/arduino/tools/arm-none-eabi-gcc/4.8.3-2014q1/bin/../lib/gcc/arm-none-eabi/4.8.3/armv7-m\libgcc.a(_divdi3.o)
                0x00085458                __divdi3
 .text          0x000856f8      0x290 c:/users/fengk/appdata/local/arduino15/packages/arduino/tools/arm-none-eabi-gcc/4.8.3-2014q1/bin/../lib/gcc/arm-none-eabi/4.8.3/armv7-m\libgcc.a(_udivdi3.o)
                0x000856f8                __udivdi3
 .text.calloc   0x00085988       0x10 c:/users/fengk/appdata/local/arduino15/packages/arduino/tools/arm-none-eabi-gcc/4.8.3-2014q1/bin/../lib/gcc/arm-none-eabi/4.8.3/../../../../arm-none-eabi/lib/armv7-m\libc.a(lib_a-calloc.o)
                0x00085988                calloc
 .text._calloc_r
                0x00085998       0x60 c:/users/fengk/appdata/local/arduino15/packages/arduino/tools/arm-none-eabi-gcc/4.8.3-2014q1/bin/../lib/gcc/arm-none-eabi/4.8.3/../../../../arm-none-eabi/lib/armv7-m\libc.a(lib_a-callocr.o)
                0x00085998                _calloc_r
 .text.__libc_init_array
                0x000859f8       0x50 c:/users/fengk/appdata/local/arduino15/packages/arduino/tools/arm-none-eabi-gcc/4.8.3-2014q1/bin/../lib/gcc/arm-none-eabi/4.8.3/../../../../arm-none-eabi/lib/armv7-m\libc.a(lib_a-init.o)
                0x000859f8                __libc_init_array
 .text.malloc   0x00085a48       0x10 c:/users/fengk/appdata/local/arduino15/packages/arduino/tools/arm-none-eabi-gcc/4.8.3-2014q1/bin/../lib/gcc/arm-none-eabi/4.8.3/../../../../arm-none-eabi/lib/armv7-m\libc.a(lib_a-malloc.o)
                0x00085a48                malloc
 .text.free     0x00085a58       0x10 c:/users/fengk/appdata/local/arduino15/packages/arduino/tools/arm-none-eabi-gcc/4.8.3-2014q1/bin/../lib/gcc/arm-none-eabi/4.8.3/../../../../arm-none-eabi/lib/armv7-m\libc.a(lib_a-malloc.o)
                0x00085a58                free
 .text._malloc_r
                0x00085a68      0x538 c:/users/fengk/appdata/local/arduino15/packages/arduino/tools/arm-none-eabi-gcc/4.8.3-2014q1/bin/../lib/gcc/arm-none-eabi/4.8.3/../../../../arm-none-eabi/lib/armv7-m\libc.a(lib_a-mallocr.o)
                0x00085a68                _malloc_r
 .text          0x00085fa0       0xec c:/users/fengk/appdata/local/arduino15/packages/arduino/tools/arm-none-eabi-gcc/4.8.3-2014q1/bin/../lib/gcc/arm-none-eabi/4.8.3/../../../../arm-none-eabi/lib/armv7-m\libc.a(lib_a-memcpy.o)
                0x00085fa0                memcpy
 .text.memset   0x0008608c       0x94 c:/users/fengk/appdata/local/arduino15/packages/arduino/tools/arm-none-eabi-gcc/4.8.3-2014q1/bin/../lib/gcc/arm-none-eabi/4.8.3/../../../../arm-none-eabi/lib/armv7-m\libc.a(lib_a-memset.o)
                0x0008608c                memset
 .text.__malloc_lock
                0x00086120        0x4 c:/users/fengk/appdata/local/arduino15/packages/arduino/tools/arm-none-eabi-gcc/4.8.3-2014q1/bin/../lib/gcc/arm-none-eabi/4.8.3/../../../../arm-none-eabi/lib/armv7-m\libc.a(lib_a-mlock.o)
                0x00086120                __malloc_lock
 .text.__malloc_unlock
                0x00086124        0x4 c:/users/fengk/appdata/local/arduino15/packages/arduino/tools/arm-none-eabi-gcc/4.8.3-2014q1/bin/../lib/gcc/arm-none-eabi/4.8.3/../../../../arm-none-eabi/lib/armv7-m\libc.a(lib_a-mlock.o)
                0x00086124                __malloc_unlock
 .text.realloc  0x00086128       0x10 c:/users/fengk/appdata/local/arduino15/packages/arduino/tools/arm-none-eabi-gcc/4.8.3-2014q1/bin/../lib/gcc/arm-none-eabi/4.8.3/../../../../arm-none-eabi/lib/armv7-m\libc.a(lib_a-realloc.o)
                0x00086128                realloc
 .text._realloc_r
                0x00086138      0x3c0 c:/users/fengk/appdata/local/arduino15/packages/arduino/tools/arm-none-eabi-gcc/4.8.3-2014q1/bin/../lib/gcc/arm-none-eabi/4.8.3/../../../../arm-none-eabi/lib/armv7-m\libc.a(lib_a-reallocr.o)
                0x00086138                _realloc_r
 .text._sbrk_r  0x000864f8       0x24 c:/users/fengk/appdata/local/arduino15/packages/arduino/tools/arm-none-eabi-gcc/4.8.3-2014q1/bin/../lib/gcc/arm-none-eabi/4.8.3/../../../../arm-none-eabi/lib/armv7-m\libc.a(lib_a-sbrkr.o)
                0x000864f8                _sbrk_r
 .text.strlen   0x0008651c       0x60 c:/users/fengk/appdata/local/arduino15/packages/arduino/tools/arm-none-eabi-gcc/4.8.3-2014q1/bin/../lib/gcc/arm-none-eabi/4.8.3/../../../../arm-none-eabi/lib/armv7-m\libc.a(lib_a-strlen.o)
                0x0008651c                strlen
 .text.kill     0x0008657c       0x10 c:/users/fengk/appdata/local/arduino15/packages/arduino/tools/arm-none-eabi-gcc/4.8.3-2014q1/bin/../lib/gcc/arm-none-eabi/4.8.3/../../../../arm-none-eabi/lib/armv7-m\libc.a(lib_a-syskill.o)
                0x0008657c                kill
 .text.startup.register_fini
                0x0008658c       0x14 c:/users/fengk/appdata/local/arduino15/packages/arduino/tools/arm-none-eabi-gcc/4.8.3-2014q1/bin/../lib/gcc/arm-none-eabi/4.8.3/../../../../arm-none-eabi/lib/armv7-m\libc.a(lib_a-__call_atexit.o)
 .text.atexit   0x000865a0        0xc c:/users/fengk/appdata/local/arduino15/packages/arduino/tools/arm-none-eabi-gcc/4.8.3-2014q1/bin/../lib/gcc/arm-none-eabi/4.8.3/../../../../arm-none-eabi/lib/armv7-m\libc.a(lib_a-atexit.o)
                0x000865a0                atexit
 .text.__libc_fini_array
                0x000865ac       0x30 c:/users/fengk/appdata/local/arduino15/packages/arduino/tools/arm-none-eabi-gcc/4.8.3-2014q1/bin/../lib/gcc/arm-none-eabi/4.8.3/../../../../arm-none-eabi/lib/armv7-m\libc.a(lib_a-fini.o)
                0x000865ac                __libc_fini_array
 .text._malloc_trim_r
                0x000865dc       0x9c c:/users/fengk/appdata/local/arduino15/packages/arduino/tools/arm-none-eabi-gcc/4.8.3-2014q1/bin/../lib/gcc/arm-none-eabi/4.8.3/../../../../arm-none-eabi/lib/armv7-m\libc.a(lib_a-freer.o)
                0x000865dc                _malloc_trim_r
 .text._free_r  0x00086678      0x198 c:/users/fengk/appdata/local/arduino15/packages/arduino/tools/arm-none-eabi-gcc/4.8.3-2014q1/bin/../lib/gcc/arm-none-eabi/4.8.3/../../../../arm-none-eabi/lib/armv7-m\libc.a(lib_a-freer.o)
                0x00086678                _free_r
 .text.memmove  0x00086810       0xcc c:/users/fengk/appdata/local/arduino15/packages/arduino/tools/arm-none-eabi-gcc/4.8.3-2014q1/bin/../lib/gcc/arm-none-eabi/4.8.3/../../../../arm-none-eabi/lib/armv7-m\libc.a(lib_a-memmove.o)
                0x00086810                memmove
 .text._kill_r  0x000868dc       0x28 c:/users/fengk/appdata/local/arduino15/packages/arduino/tools/arm-none-eabi-gcc/4.8.3-2014q1/bin/../lib/gcc/arm-none-eabi/4.8.3/../../../../arm-none-eabi/lib/armv7-m\libc.a(lib_a-signalr.o)
                0x000868dc                _kill_r
 .text.__register_exitproc
                0x00086904       0xa8 c:/users/fengk/appdata/local/arduino15/packages/arduino/tools/arm-none-eabi-gcc/4.8.3-2014q1/bin/../lib/gcc/arm-none-eabi/4.8.3/../../../../arm-none-eabi/lib/armv7-m\libc.a(lib_a-__atexit.o)
                0x00086904                __register_exitproc
 *(.glue_7t)
 .glue_7t       0x00000000        0x0 linker stubs
 *(.glue_7)
 .glue_7        0x00000000        0x0 linker stubs
 *(.rodata .rodata* .gnu.linkonce.r.*)
 .rodata._ZZN11ArduinoJson8V720PB226detail11FloatTraitsIfLj4EE25negativeBinaryPowersOfTenEvE7factors
                0x000869ac       0x18 C:\Users\fengk\AppData\Local\Temp\arduino\sketches\165FB370B6E400B4B5279F3BA1A9661A\sketch\rots_consile.ino.cpp.o
                0x000869ac                ArduinoJson::V720PB22::detail::FloatTraits<float, 4u>::negativeBinaryPowersOfTen()::factors
 .rodata._ZZN11ArduinoJson8V720PB226detail11FloatTraitsIfLj4EE25positiveBinaryPowersOfTenEvE7factors
                0x000869c4       0x18 C:\Users\fengk\AppData\Local\Temp\arduino\sketches\165FB370B6E400B4B5279F3BA1A9661A\sketch\rots_consile.ino.cpp.o
                0x000869c4                ArduinoJson::V720PB22::detail::FloatTraits<float, 4u>::positiveBinaryPowersOfTen()::factors
 *fill*         0x000869dc        0x4 
 .rodata._ZZN11ArduinoJson8V720PB226detail11FloatTraitsIdLj8EE25negativeBinaryPowersOfTenEvE7factors
                0x000869e0       0x48 C:\Users\fengk\AppData\Local\Temp\arduino\sketches\165FB370B6E400B4B5279F3BA1A9661A\sketch\rots_consile.ino.cpp.o