Archive member included because of file (symbol)

/home/kai/.arduino15/packages/arduino/hardware/sam/1.6.12/variants/arduino_due_x/libsam_sam3x8e_gcc_rel.a(pio.o)
                              /home/kai/.cache/arduino/sketches/91995AF81130EF872320639892B853FC/core/variant.cpp.o (PIO_Configure)
/home/kai/.arduino15/packages/arduino/hardware/sam/1.6.12/variants/arduino_due_x/libsam_sam3x8e_gcc_rel.a(pmc.o)
                              /home/kai/.cache/arduino/sketches/91995AF81130EF872320639892B853FC/core/variant.cpp.o (pmc_enable_periph_clk)
/home/kai/.arduino15/packages/arduino/hardware/sam/1.6.12/variants/arduino_due_x/libsam_sam3x8e_gcc_rel.a(system_sam3xa.o)
                              /home/kai/.cache/arduino/sketches/91995AF81130EF872320639892B853FC/core/variant.cpp.o (SystemInit)
/home/kai/.arduino15/packages/arduino/hardware/sam/1.6.12/variants/arduino_due_x/libsam_sam3x8e_gcc_rel.a(startup_sam3xa.o)
                              (Reset_Handler)
/home/kai/.arduino15/packages/arduino/hardware/sam/1.6.12/variants/arduino_due_x/libsam_sam3x8e_gcc_rel.a(adc.o)
                              /home/kai/.cache/arduino/sketches/91995AF81130EF872320639892B853FC/core/variant.cpp.o (adc_init)
/home/kai/.arduino15/packages/arduino/hardware/sam/1.6.12/variants/arduino_due_x/libsam_sam3x8e_gcc_rel.a(uotghs.o)
                              /home/kai/.arduino15/packages/arduino/hardware/sam/1.6.12/variants/arduino_due_x/libsam_sam3x8e_gcc_rel.a(startup_sam3xa.o) (UOTGHS_Handler)
/home/kai/.cache/arduino/sketches/91995AF81130EF872320639892B853FC/../../cores/arduino_sam_arduino_due_x_dbg_963ca06a163693ab16a1c670a7c94728/core.a(Print.cpp.o)
                              /home/kai/.cache/arduino/sketches/91995AF81130EF872320639892B853FC/sketch/sketch_nov5a.ino.cpp.o (Print::print(char const*))
/home/kai/.cache/arduino/sketches/91995AF81130EF872320639892B853FC/../../cores/arduino_sam_arduino_due_x_dbg_963ca06a163693ab16a1c670a7c94728/core.a(RingBuffer.cpp.o)
                              /home/kai/.cache/arduino/sketches/91995AF81130EF872320639892B853FC/core/variant.cpp.o (RingBuffer::RingBuffer())
/home/kai/.cache/arduino/sketches/91995AF81130EF872320639892B853FC/../../cores/arduino_sam_arduino_due_x_dbg_963ca06a163693ab16a1c670a7c94728/core.a(UARTClass.cpp.o)
                              /home/kai/.cache/arduino/sketches/91995AF81130EF872320639892B853FC/sketch/sketch_nov5a.ino.cpp.o (UARTClass::available())
/home/kai/.cache/arduino/sketches/91995AF81130EF872320639892B853FC/../../cores/arduino_sam_arduino_due_x_dbg_963ca06a163693ab16a1c670a7c94728/core.a(USARTClass.cpp.o)
                              /home/kai/.cache/arduino/sketches/91995AF81130EF872320639892B853FC/core/variant.cpp.o (USARTClass::USARTClass(Usart*, IRQn, unsigned long, RingBuffer*, RingBuffer*))
/home/kai/.cache/arduino/sketches/91995AF81130EF872320639892B853FC/../../cores/arduino_sam_arduino_due_x_dbg_963ca06a163693ab16a1c670a7c94728/core.a(WInterrupts.c.o)
                              /home/kai/.arduino15/packages/arduino/hardware/sam/1.6.12/variants/arduino_due_x/libsam_sam3x8e_gcc_rel.a(startup_sam3xa.o) (PIOA_Handler)
/home/kai/.cache/arduino/sketches/91995AF81130EF872320639892B853FC/../../cores/arduino_sam_arduino_due_x_dbg_963ca06a163693ab16a1c670a7c94728/core.a(abi.cpp.o)
                              /home/kai/.cache/arduino/sketches/91995AF81130EF872320639892B853FC/../../cores/arduino_sam_arduino_due_x_dbg_963ca06a163693ab16a1c670a7c94728/core.a(Print.cpp.o) (__cxa_pure_virtual)
/home/kai/.cache/arduino/sketches/91995AF81130EF872320639892B853FC/../../cores/arduino_sam_arduino_due_x_dbg_963ca06a163693ab16a1c670a7c94728/core.a(cortex_handlers.c.o)
                              /home/kai/.arduino15/packages/arduino/hardware/sam/1.6.12/variants/arduino_due_x/libsam_sam3x8e_gcc_rel.a(startup_sam3xa.o) (NMI_Handler)
/home/kai/.cache/arduino/sketches/91995AF81130EF872320639892B853FC/../../cores/arduino_sam_arduino_due_x_dbg_963ca06a163693ab16a1c670a7c94728/core.a(main.cpp.o)
                              /home/kai/.arduino15/packages/arduino/tools/arm-none-eabi-gcc/4.8.3-2014q1/bin/../lib/gcc/arm-none-eabi/4.8.3/../../../../arm-none-eabi/lib/armv7-m/crt0.o (main)
/home/kai/.cache/arduino/sketches/91995AF81130EF872320639892B853FC/../../cores/arduino_sam_arduino_due_x_dbg_963ca06a163693ab16a1c670a7c94728/core.a(syscalls_sam3.c.o)
                              (_sbrk)
/home/kai/.cache/arduino/sketches/91995AF81130EF872320639892B853FC/../../cores/arduino_sam_arduino_due_x_dbg_963ca06a163693ab16a1c670a7c94728/core.a(watchdog.cpp.o)
                              /home/kai/.cache/arduino/sketches/91995AF81130EF872320639892B853FC/../../cores/arduino_sam_arduino_due_x_dbg_963ca06a163693ab16a1c670a7c94728/core.a(main.cpp.o) (watchdogSetup())
/home/kai/.cache/arduino/sketches/91995AF81130EF872320639892B853FC/../../cores/arduino_sam_arduino_due_x_dbg_963ca06a163693ab16a1c670a7c94728/core.a(wiring.c.o)
[...]
Memory Configuration

Name             Origin             Length             Attributes
rom              0x0000000000080000 0x0000000000080000 xr
sram0            0x0000000020000000 0x0000000000010000 xrw
sram1            0x0000000020080000 0x0000000000008000 xrw
ram              0x0000000020070000 0x0000000000018000 xrw
*default*        0x0000000000000000 0xffffffffffffffff

Linker script and memory map

LOAD /home/kai/.arduino15/packages/arduino/tools/arm-none-eabi-gcc/4.8.3-2014q1/bin/../lib/gcc/arm-none-eabi/4.8.3/armv7-m/crti.o
LOAD /home/kai/.arduino15/packages/arduino/tools/arm-none-eabi-gcc/4.8.3-2014q1/bin/../lib/gcc/arm-none-eabi/4.8.3/armv7-m/crtbegin.o
LOAD /home/kai/.arduino15/packages/arduino/tools/arm-none-eabi-gcc/4.8.3-2014q1/bin/../lib/gcc/arm-none-eabi/4.8.3/../../../../arm-none-eabi/lib/armv7-m/crt0.o
START GROUP
LOAD /home/kai/.cache/arduino/sketches/91995AF81130EF872320639892B853FC/sketch/sketch_nov5a.ino.cpp.o
LOAD /home/kai/.cache/arduino/sketches/91995AF81130EF872320639892B853FC/libraries/FreeRTOS_ARM/FreeRTOS_ARM.c.o
LOAD /home/kai/.cache/arduino/sketches/91995AF81130EF872320639892B853FC/libraries/FreeRTOS_ARM/assertMsg.cpp.o
LOAD /home/kai/.cache/arduino/sketches/91995AF81130EF872320639892B853FC/libraries/FreeRTOS_ARM/basic_io_arm.cpp.o
LOAD /home/kai/.cache/arduino/sketches/91995AF81130EF872320639892B853FC/libraries/FreeRTOS_ARM/utility/croutine.c.o
LOAD /home/kai/.cache/arduino/sketches/91995AF81130EF872320639892B853FC/libraries/FreeRTOS_ARM/utility/event_groups.c.o
LOAD /home/kai/.cache/arduino/sketches/91995AF81130EF872320639892B853FC/libraries/FreeRTOS_ARM/utility/heap_3.c.o
LOAD /home/kai/.cache/arduino/sketches/91995AF81130EF872320639892B853FC/libraries/FreeRTOS_ARM/utility/list.c.o
LOAD /home/kai/.cache/arduino/sketches/91995AF81130EF872320639892B853FC/libraries/FreeRTOS_ARM/utility/port.c.o
LOAD /home/kai/.cache/arduino/sketches/91995AF81130EF872320639892B853FC/libraries/FreeRTOS_ARM/utility/queue.c.o
LOAD /home/kai/.cache/arduino/sketches/91995AF81130EF872320639892B853FC/libraries/FreeRTOS_ARM/utility/tasks.c.o
LOAD /home/kai/.cache/arduino/sketches/91995AF81130EF872320639892B853FC/libraries/FreeRTOS_ARM/utility/timers.c.o
LOAD /home/kai/.cache/arduino/sketches/91995AF81130EF872320639892B853FC/core/variant.cpp.o
LOAD /home/kai/.arduino15/packages/arduino/hardware/sam/1.6.12/variants/arduino_due_x/libsam_sam3x8e_gcc_rel.a
LOAD /home/kai/.cache/arduino/sketches/91995AF81130EF872320639892B853FC/../../cores/arduino_sam_arduino_due_x_dbg_963ca06a163693ab16a1c670a7c94728/core.a
END GROUP
LOAD /home/kai/.arduino15/packages/arduino/tools/arm-none-eabi-gcc/4.8.3-2014q1/bin/../lib/gcc/arm-none-eabi/4.8.3/../../../../arm-none-eabi/lib/armv7-m/libm.a
LOAD /home/kai/.arduino15/packages/arduino/tools/arm-none-eabi-gcc/4.8.3-2014q1/bin/../lib/gcc/arm-none-eabi/4.8.3/armv7-m/libgcc.a
START GROUP
LOAD /home/kai/.arduino15/packages/arduino/tools/arm-none-eabi-gcc/4.8.3-2014q1/bin/../lib/gcc/arm-none-eabi/4.8.3/armv7-m/libgcc.a
LOAD /home/kai/.arduino15/packages/arduino/tools/arm-none-eabi-gcc/4.8.3-2014q1/bin/../lib/gcc/arm-none-eabi/4.8.3/../../../../arm-none-eabi/lib/armv7-m/libc.a
END GROUP
LOAD /home/kai/.arduino15/packages/arduino/tools/arm-none-eabi-gcc/4.8.3-2014q1/bin/../lib/gcc/arm-none-eabi/4.8.3/armv7-m/crtend.o
LOAD /home/kai/.arduino15/packages/arduino/tools/arm-none-eabi-gcc/4.8.3-2014q1/bin/../lib/gcc/arm-none-eabi/4.8.3/armv7-m/crtn.o

.text           0x0000000000080000     0x78c4
                0x0000000000080000                . = ALIGN (0x4)
                0x0000000000080000                _sfixed = .
 *(.vectors .vectors.*)
 .vectors       0x0000000000080000       0xf4 /home/kai/.arduino15/packages/arduino/hardware/sam/1.6.12/variants/arduino_due_x/libsam_sam3x8e_gcc_rel.a(startup_sam3xa.o)
                0x0000000000080000                exception_table
 *(.text .text.* .gnu.linkonce.t.*)
 .text          0x00000000000800f4       0x54 /home/kai/.arduino15/packages/arduino/tools/arm-none-eabi-gcc/4.8.3-2014q1/bin/../lib/gcc/arm-none-eabi/4.8.3/armv7-m/crtbegin.o
 .text._ZN11ArduinoJson8V721PB226detail16DefaultAllocator8allocateEj
                0x0000000000080148        0x6 /home/kai/.cache/arduino/sketches/91995AF81130EF872320639892B853FC/sketch/sketch_nov5a.ino.cpp.o
                0x0000000000080148                ArduinoJson::V721PB22::detail::DefaultAllocator::allocate(unsigned int)
 .text._ZN11ArduinoJson8V721PB226detail16DefaultAllocator10deallocateEPv
                0x000000000008014e        0x6 /home/kai/.cache/arduino/sketches/91995AF81130EF872320639892B853FC/sketch/sketch_nov5a.ino.cpp.o
                0x000000000008014e                ArduinoJson::V721PB22::detail::DefaultAllocator::deallocate(void*)
 .text._ZN11ArduinoJson8V721PB226detail16DefaultAllocator10reallocateEPvj
                0x0000000000080154        0x8 /home/kai/.cache/arduino/sketches/91995AF81130EF872320639892B853FC/sketch/sketch_nov5a.ino.cpp.o
                0x0000000000080154                ArduinoJson::V721PB22::detail::DefaultAllocator::reallocate(void*, unsigned int)
 .text._Z7TaskLEDPv
                0x000000000008015c       0x24 /home/kai/.cache/arduino/sketches/91995AF81130EF872320639892B853FC/sketch/sketch_nov5a.ino.cpp.o
                0x000000000008015c                TaskLED(void*)
 .text._ZNK11ArduinoJson8V721PB226detail14MemoryPoolListINS1_15ResourceManager8SlotDataEE7getSlotEt.isra.41
                0x0000000000080180       0x20 /home/kai/.cache/arduino/sketches/91995AF81130EF872320639892B853FC/sketch/sketch_nov5a.ino.cpp.o
 .text._ZN11ArduinoJson8V721PB226detail10StringNode6resizeEPS2_jPNS0_9AllocatorE
                0x00000000000801a0       0x30 /home/kai/.cache/arduino/sketches/91995AF81130EF872320639892B853FC/sketch/sketch_nov5a.ino.cpp.o
                0x00000000000801a0                ArduinoJson::V721PB22::detail::StringNode::resize(ArduinoJson::V721PB22::detail::StringNode*, unsigned int, ArduinoJson::V721PB22::Allocator*)
 .text._ZN11ArduinoJson8V721PB226detail10StringNode7destroyEPS2_PNS0_9AllocatorE
                0x00000000000801d0       0x10 /home/kai/.cache/arduino/sketches/91995AF81130EF872320639892B853FC/sketch/sketch_nov5a.ino.cpp.o
                0x00000000000801d0                ArduinoJson::V721PB22::detail::StringNode::destroy(ArduinoJson::V721PB22::detail::StringNode*, ArduinoJson::V721PB22::Allocator*)
 .text._ZN11ArduinoJson8V721PB226detail18CollectionIterator4nextEPKNS1_15ResourceManagerE
                0x00000000000801e0       0x1c /home/kai/.cache/arduino/sketches/91995AF81130EF872320639892B853FC/sketch/sketch_nov5a.ino.cpp.o
                0x00000000000801e0                ArduinoJson::V721PB22::detail::CollectionIterator::next(ArduinoJson::V721PB22::detail::ResourceManager const*)
 .text._ZN11ArduinoJson8V721PB226detail13StringBuilder11startStringEv
                0x00000000000801fc       0x2c /home/kai/.cache/arduino/sketches/91995AF81130EF872320639892B853FC/sketch/sketch_nov5a.ino.cpp.o
                0x00000000000801fc                ArduinoJson::V721PB22::detail::StringBuilder::startString()
 .text._ZN11ArduinoJson8V721PB226detail13StringBuilder4saveEv
                0x0000000000080228       0x62 /home/kai/.cache/arduino/sketches/91995AF81130EF872320639892B853FC/sketch/sketch_nov5a.ino.cpp.o
                0x0000000000080228                ArduinoJson::V721PB22::detail::StringBuilder::save()
 .text._ZN11ArduinoJson8V721PB226detail13StringBuilder6appendEc
                0x000000000008028a       0x36 /home/kai/.cache/arduino/sketches/91995AF81130EF872320639892B853FC/sketch/sketch_nov5a.ino.cpp.o
                0x000000000008028a                ArduinoJson::V721PB22::detail::StringBuilder::append(char)
 .text._ZN11ArduinoJson8V721PB226detail11VariantData5clearEPNS1_15ResourceManagerE
                0x00000000000802c0       0x92 /home/kai/.cache/arduino/sketches/91995AF81130EF872320639892B853FC/sketch/sketch_nov5a.ino.cpp.o
                0x00000000000802c0                ArduinoJson::V721PB22::detail::VariantData::clear(ArduinoJson::V721PB22::detail::ResourceManager*)
 .text.loop     0x0000000000080352        0x2 /home/kai/.cache/arduino/sketches/91995AF81130EF872320639892B853FC/sketch/sketch_nov5a.ino.cpp.o
                0x0000000000080352                loop
 .text._ZN11ArduinoJson8V721PB226detail14MemoryPoolListINS1_15ResourceManager8SlotDataEE5clearEPNS0_9AllocatorE
                0x0000000000080354       0x60 /home/kai/.cache/arduino/sketches/91995AF81130EF872320639892B853FC/sketch/sketch_nov5a.ino.cpp.o
                0x0000000000080354                ArduinoJson::V721PB22::detail::MemoryPoolList<ArduinoJson::V721PB22::detail::ResourceManager::SlotData>::clear(ArduinoJson::V721PB22::Allocator*)
 .text._ZN11ArduinoJson8V721PB226detail14MemoryPoolListINS1_15ResourceManager8SlotDataEE17allocFromLastPoolEv
                0x00000000000803b4       0x3a /home/kai/.cache/arduino/sketches/91995AF81130EF872320639892B853FC/sketch/sketch_nov5a.ino.cpp.o
                0x00000000000803b4                ArduinoJson::V721PB22::detail::MemoryPoolList<ArduinoJson::V721PB22::detail::ResourceManager::SlotData>::allocFromLastPool()
 .text._ZN11ArduinoJson8V721PB226detail14MemoryPoolListINS1_15ResourceManager8SlotDataEE9allocSlotEPNS0_9AllocatorE
                0x00000000000803ee       0xe8 /home/kai/.cache/arduino/sketches/91995AF81130EF872320639892B853FC/sketch/sketch_nov5a.ino.cpp.o
                0x00000000000803ee                ArduinoJson::V721PB22::detail::MemoryPoolList<ArduinoJson::V721PB22::detail::ResourceManager::SlotData>::allocSlot(ArduinoJson::V721PB22::Allocator*)
 .text._ZN11ArduinoJson8V721PB226detail15ResourceManager12allocVariantEv
                0x00000000000804d6       0x32 /home/kai/.cache/arduino/sketches/91995AF81130EF872320639892B853FC/sketch/sketch_nov5a.ino.cpp.o
                0x00000000000804d6                ArduinoJson::V721PB22::detail::ResourceManager::allocVariant()
 .text._ZN11ArduinoJson8V721PB226detail15ResourceManager14allocExtensionEv
                0x0000000000080508       0x30 /home/kai/.cache/arduino/sketches/91995AF81130EF872320639892B853FC/sketch/sketch_nov5a.ino.cpp.o
                0x0000000000080508                ArduinoJson::V721PB22::detail::ResourceManager::allocExtension()
 .text._ZNK11ArduinoJson8V721PB226detail7pgm_ptrIdEixEi
                0x0000000000080538       0x18 /home/kai/.cache/arduino/sketches/91995AF81130EF872320639892B853FC/sketch/sketch_nov5a.ino.cpp.o
                0x0000000000080538                ArduinoJson::V721PB22::detail::pgm_ptr<double>::operator[](int) const
 .text._ZN11ArduinoJson8V721PB226detail11parseNumberEPKc
                0x0000000000080550      0x290 /home/kai/.cache/arduino/sketches/91995AF81130EF872320639892B853FC/sketch/sketch_nov5a.ino.cpp.o
                0x0000000000080550                ArduinoJson::V721PB22::detail::parseNumber(char const*)
 .text._ZN11ArduinoJson8V721PB226detail17CountingDecoratorINS1_18StaticStringWriterEE5writeEPKhj
                0x00000000000807e0       0x28 /home/kai/.cache/arduino/sketches/91995AF81130EF872320639892B853FC/sketch/sketch_nov5a.ino.cpp.o
                0x00000000000807e0                ArduinoJson::V721PB22::detail::CountingDecorator<ArduinoJson::V721PB22::detail::StaticStringWriter>::write(unsigned char const*, unsigned int)
 .text._ZN11ArduinoJson8V721PB226detail13TextFormatterINS1_18StaticStringWriterEE8writeRawEPKc
                0x0000000000080808       0x18 /home/kai/.cache/arduino/sketches/91995AF81130EF872320639892B853FC/sketch/sketch_nov5a.ino.cpp.o
                0x0000000000080808                ArduinoJson::V721PB22::detail::TextFormatter<ArduinoJson::V721PB22::detail::StaticStringWriter>::writeRaw(char const*)
 .text._ZN11ArduinoJson8V721PB226detail13TextFormatterINS1_18StaticStringWriterEE12writeIntegerIyEENS1_9enable_ifIXsrNS1_11is_unsignedIT_EE5valueEvE4typeES8_
                0x0000000000080820       0x4e /home/kai/.cache/arduino/sketches/91995AF81130EF872320639892B853FC/sketch/sketch_nov5a.ino.cpp.o
                0x0000000000080820                ArduinoJson::V721PB22::detail::enable_if<ArduinoJson::V721PB22::detail::is_unsigned<unsigned long long>::value, void>::type ArduinoJson::V721PB22::detail::TextFormatter<ArduinoJson::V721PB22::detail::StaticStringWriter>::writeInteger<unsigned long long>(unsigned long long)
 .text._ZN11ArduinoJson8V721PB226detail17CountingDecoratorINS1_18StaticStringWriterEE5writeEh
                0x000000000008086e       0x1c /home/kai/.cache/arduino/sketches/91995AF81130EF872320639892B853FC/sketch/sketch_nov5a.ino.cpp.o
                0x000000000008086e                ArduinoJson::V721PB22::detail::CountingDecorator<ArduinoJson::V721PB22::detail::StaticStringWriter>::write(unsigned char)
 *fill*         0x000000000008088a        0x2 
 .text._ZN11ArduinoJson8V721PB226detail13TextFormatterINS1_18StaticStringWriterEE11writeStringEPKcj
                0x000000000008088c       0x60 /home/kai/.cache/arduino/sketches/91995AF81130EF872320639892B853FC/sketch/sketch_nov5a.ino.cpp.o
                0x000000000008088c                ArduinoJson::V721PB22::detail::TextFormatter<ArduinoJson::V721PB22::detail::StaticStringWriter>::writeString(char const*, unsigned int)
 .text._ZN11ArduinoJson8V721PB226detail13TextFormatterINS1_18StaticStringWriterEE12writeIntegerIxEENS1_9enable_ifIXsrNS1_9is_signedIT_EE5valueEvE4typeES8_
                0x00000000000808ec       0x28 /home/kai/.cache/arduino/sketches/91995AF81130EF872320639892B853FC/sketch/sketch_nov5a.ino.cpp.o
                0x00000000000808ec                ArduinoJson::V721PB22::detail::enable_if<ArduinoJson::V721PB22::detail::is_signed<long long>::value, void>::type ArduinoJson::V721PB22::detail::TextFormatter<ArduinoJson::V721PB22::detail::StaticStringWriter>::writeInteger<long long>(long long)
 .text._ZN11ArduinoJson8V721PB226detail16JsonDeserializerINS1_13BoundedReaderIPhvEEE7currentEv
                0x0000000000080914       0x24 /home/kai/.cache/arduino/sketches/91995AF81130EF872320639892B853FC/sketch/sketch_nov5a.ino.cpp.o
                0x0000000000080914                ArduinoJson::V721PB22::detail::JsonDeserializer<ArduinoJson::V721PB22::detail::BoundedReader<unsigned char*, void> >::current()
 .text._ZN11ArduinoJson8V721PB226detail16JsonDeserializerINS1_13BoundedReaderIPhvEEE21skipSpacesAndCommentsEv
                0x0000000000080938       0x36 /home/kai/.cache/arduino/sketches/91995AF81130EF872320639892B853FC/sketch/sketch_nov5a.ino.cpp.o
                0x0000000000080938                ArduinoJson::V721PB22::detail::JsonDeserializer<ArduinoJson::V721PB22::detail::BoundedReader<unsigned char*, void> >::skipSpacesAndComments()
 .text._ZN11ArduinoJson8V721PB226detail16JsonDeserializerINS1_13BoundedReaderIPhvEEE11skipKeywordEPKc
                0x000000000008096e       0x2c /home/kai/.cache/arduino/sketches/91995AF81130EF872320639892B853FC/sketch/sketch_nov5a.ino.cpp.o
                0x000000000008096e                ArduinoJson::V721PB22::detail::JsonDeserializer<ArduinoJson::V721PB22::detail::BoundedReader<unsigned char*, void> >::skipKeyword(char const*)
 .text._ZN11ArduinoJson8V721PB226detail16JsonDeserializerINS1_13BoundedReaderIPhvEEE17parseNumericValueERNS1_11VariantDataE
                0x000000000008099a      0x126 /home/kai/.cache/arduino/sketches/91995AF81130EF872320639892B853FC/sketch/sketch_nov5a.ino.cpp.o
                0x000000000008099a                ArduinoJson::V721PB22::detail::JsonDeserializer<ArduinoJson::V721PB22::detail::BoundedReader<unsigned char*, void> >::parseNumericValue(ArduinoJson::V721PB22::detail::VariantData&)
 .text._ZN11ArduinoJson8V721PB226detail13TextFormatterINS1_18StaticStringWriterEE10writeFloatEda
                0x0000000000080ac0      0x2e0 /home/kai/.cache/arduino/sketches/91995AF81130EF872320639892B853FC/sketch/sketch_nov5a.ino.cpp.o
                0x0000000000080ac0                ArduinoJson::V721PB22::detail::TextFormatter<ArduinoJson::V721PB22::detail::StaticStringWriter>::writeFloat(double, signed char)
 .text._ZNK11ArduinoJson8V721PB226detail11VariantData6acceptINS1_14JsonSerializerINS1_18StaticStringWriterEEEEENT_11result_typeERS7_PKNS1_15ResourceManagerE
                0x0000000000080da0      0x1a4 /home/kai/.cache/arduino/sketches/91995AF81130EF872320639892B853FC/sketch/sketch_nov5a.ino.cpp.o
                0x0000000000080da0                ArduinoJson::V721PB22::detail::JsonSerializer<ArduinoJson::V721PB22::detail::StaticStringWriter>::result_type ArduinoJson::V721PB22::detail::VariantData::accept<ArduinoJson::V721PB22::detail::JsonSerializer<ArduinoJson::V721PB22::detail::StaticStringWriter> >(ArduinoJson::V721PB22::detail::JsonSerializer<ArduinoJson::V721PB22::detail::StaticStringWriter>&, ArduinoJson::V721PB22::detail::ResourceManager const*) const
 .text._ZN11ArduinoJson8V721PB226detail16JsonDeserializerINS1_13BoundedReaderIPhvEEE3eatEc
                0x0000000000080f44       0x18 /home/kai/.cache/arduino/sketches/91995AF81130EF872320639892B853FC/sketch/sketch_nov5a.ino.cpp.o
                0x0000000000080f44                ArduinoJson::V721PB22::detail::JsonDeserializer<ArduinoJson::V721PB22::detail::BoundedReader<unsigned char*, void> >::eat(char)
 .text._ZNK11ArduinoJson8V721PB226detail10ObjectData7findKeyINS1_19StaticStringAdapterEEENS1_18CollectionIteratorET_PKNS1_15ResourceManagerE
                0x0000000000080f5c       0xb0 /home/kai/.cache/arduino/sketches/91995AF81130EF872320639892B853FC/sketch/sketch_nov5a.ino.cpp.o
                0x0000000000080f5c                ArduinoJson::V721PB22::detail::CollectionIterator ArduinoJson::V721PB22::detail::ObjectData::findKey<ArduinoJson::V721PB22::detail::StaticStringAdapter>(ArduinoJson::V721PB22::detail::StaticStringAdapter, ArduinoJson::V721PB22::detail::ResourceManager const*) const
 .text._ZN11ArduinoJson8V721PB226detail4Utf815encodeCodepointINS1_13StringBuilderEEEvmRT_
                0x000000000008100c       0x8a /home/kai/.cache/arduino/sketches/91995AF81130EF872320639892B853FC/sketch/sketch_nov5a.ino.cpp.o
                0x000000000008100c                void ArduinoJson::V721PB22::detail::Utf8::encodeCodepoint<ArduinoJson::V721PB22::detail::StringBuilder>(unsigned long, ArduinoJson::V721PB22::detail::StringBuilder&)
 *fill*         0x0000000000081096        0x2 
 .text._ZN11ArduinoJson8V721PB226detail16JsonDeserializerINS1_13BoundedReaderIPhvEEE17parseQuotedStringEv
                0x0000000000081098       0xe4 /home/kai/.cache/arduino/sketches/91995AF81130EF872320639892B853FC/sketch/sketch_nov5a.ino.cpp.o
                0x0000000000081098                ArduinoJson::V721PB22::detail::JsonDeserializer<ArduinoJson::V721PB22::detail::BoundedReader<unsigned char*, void> >::parseQuotedString()
 .text._ZN11ArduinoJson8V721PB226detail16JsonDeserializerINS1_13BoundedReaderIPhvEEE22canBeInNonQuotedStringEc
                0x000000000008117c       0x26 /home/kai/.cache/arduino/sketches/91995AF81130EF872320639892B853FC/sketch/sketch_nov5a.ino.cpp.o
                0x000000000008117c                ArduinoJson::V721PB22::detail::JsonDeserializer<ArduinoJson::V721PB22::detail::BoundedReader<unsigned char*, void> >::canBeInNonQuotedString(char)
 .text._ZN11ArduinoJson8V721PB226detail16JsonDeserializerINS1_13BoundedReaderIPhvEEE8parseKeyEv
                0x00000000000811a2       0x58 /home/kai/.cache/arduino/sketches/91995AF81130EF872320639892B853FC/sketch/sketch_nov5a.ino.cpp.o
                0x00000000000811a2                ArduinoJson::V721PB22::detail::JsonDeserializer<ArduinoJson::V721PB22::detail::BoundedReader<unsigned char*, void> >::parseKey()
 .text._ZN11ArduinoJson8V721PB226detail16JsonDeserializerINS1_13BoundedReaderIPhvEEE11parseObjectINS1_14AllowAllFilterEEENS0_20DeserializationError4CodeERNS1_10ObjectDataET_NS0_21DeserializationOption12NestingLimitE
                0x00000000000811fa      0x136 /home/kai/.cache/arduino/sketches/91995AF81130EF872320639892B853FC/sketch/sketch_nov5a.ino.cpp.o
                0x00000000000811fa                ArduinoJson::V721PB22::DeserializationError::Code ArduinoJson::V721PB22::detail::JsonDeserializer<ArduinoJson::V721PB22::detail::BoundedReader<unsigned char*, void> >::parseObject<ArduinoJson::V721PB22::detail::AllowAllFilter>(ArduinoJson::V721PB22::detail::ObjectData&, ArduinoJson::V721PB22::detail::AllowAllFilter, ArduinoJson::V721PB22::DeserializationOption::NestingLimit)
 .text._ZN11ArduinoJson8V721PB226detail16JsonDeserializerINS1_13BoundedReaderIPhvEEE12parseVariantINS1_14AllowAllFilterEEENS0_20DeserializationError4CodeERNS1_11VariantDataET_NS0_21DeserializationOption12NestingLimitE
                0x0000000000081330       0xcc /home/kai/.cache/arduino/sketches/91995AF81130EF872320639892B853FC/sketch/sketch_nov5a.ino.cpp.o
                0x0000000000081330                ArduinoJson::V721PB22::DeserializationError::Code ArduinoJson::V721PB22::detail::JsonDeserializer<ArduinoJson::V721PB22::detail::BoundedReader<unsigned char*, void> >::parseVariant<ArduinoJson::V721PB22::detail::AllowAllFilter>(ArduinoJson::V721PB22::detail::VariantData&, ArduinoJson::V721PB22::detail::AllowAllFilter, ArduinoJson::V721PB22::DeserializationOption::NestingLimit)
 .text._ZN11ArduinoJson8V721PB226detail16JsonDeserializerINS1_13BoundedReaderIPhvEEE10parseArrayINS1_14AllowAllFilterEEENS0_20DeserializationError4CodeERNS1_9ArrayDataET_NS0_21DeserializationOption12NestingLimitE
                0x00000000000813fc       0x9e /home/kai/.cache/arduino/sketches/91995AF81130EF872320639892B853FC/sketch/sketch_nov5a.ino.cpp.o
                0x00000000000813fc                ArduinoJson::V721PB22::DeserializationError::Code ArduinoJson::V721PB22::detail::JsonDeserializer<ArduinoJson::V721PB22::detail::BoundedReader<unsigned char*, void> >::parseArray<ArduinoJson::V721PB22::detail::AllowAllFilter>(ArduinoJson::V721PB22::detail::ArrayData&, ArduinoJson::V721PB22::detail::AllowAllFilter, ArduinoJson::V721PB22::DeserializationOption::NestingLimit)
 *fill*         0x000000000008149a        0x2 
 .text.setup    0x000000000008149c       0x78 /home/kai/.cache/arduino/sketches/91995AF81130EF872320639892B853FC/sketch/sketch_nov5a.ino.cpp.o
                0x000000000008149c                setup
 .text._Z6parserPhj
                0x0000000000081514      0x16c /home/kai/.cache/arduino/sketches/91995AF81130EF872320639892B853FC/sketch/sketch_nov5a.ino.cpp.o
                0x0000000000081514                parser(unsigned char*, unsigned int)
 .text._Z17serial_read_bytesPhj
                0x0000000000081680       0x4c /home/kai/.cache/arduino/sketches/91995AF81130EF872320639892B853FC/sketch/sketch_nov5a.ino.cpp.o
                0x0000000000081680                serial_read_bytes(unsigned char*, unsigned int)
 .text._Z17TaskCommunicationPv
                0x00000000000816cc       0x5c /home/kai/.cache/arduino/sketches/91995AF81130EF872320639892B853FC/sketch/sketch_nov5a.ino.cpp.o
                0x00000000000816cc                TaskCommunication(void*)
 .text.errorBlink
                0x0000000000081728       0x48 /home/kai/.cache/arduino/sketches/91995AF81130EF872320639892B853FC/libraries/FreeRTOS_ARM/FreeRTOS_ARM.c.o
 .text.assertBlink
                0x0000000000081770        0x8 /home/kai/.cache/arduino/sketches/91995AF81130EF872320639892B853FC/libraries/FreeRTOS_ARM/FreeRTOS_ARM.c.o
                0x0000000000081770                assertBlink
 .text.vApplicationMallocFailedHook
                0x0000000000081778        0x8 /home/kai/.cache/arduino/sketches/91995AF81130EF872320639892B853FC/libraries/FreeRTOS_ARM/FreeRTOS_ARM.c.o
                0x0000000000081778                vApplicationMallocFailedHook
 .text.vApplicationIdleHook
                0x0000000000081780        0x4 /home/kai/.cache/arduino/sketches/91995AF81130EF872320639892B853FC/libraries/FreeRTOS_ARM/FreeRTOS_ARM.c.o
                0x0000000000081780                vApplicationIdleHook
 .text.vApplicationStackOverflowHook
                0x0000000000081784        0x8 /home/kai/.cache/arduino/sketches/91995AF81130EF872320639892B853FC/libraries/FreeRTOS_ARM/FreeRTOS_ARM.c.o
                0x0000000000081784                vApplicationStackOverflowHook
 .text.HardFault_Handler
                0x000000000008178c        0x8 /home/kai/.cache/arduino/sketches/91995AF81130EF872320639892B853FC/libraries/FreeRTOS_ARM/FreeRTOS_ARM.c.o
                0x000000000008178c                HardFault_Handler
 .text.BusFault_Handler
                0x0000000000081794        0x8 /home/kai/.cache/arduino/sketches/91995AF81130EF872320639892B853FC/libraries/FreeRTOS_ARM/FreeRTOS_ARM.c.o
                0x0000000000081794                BusFault_Handler
 .text.UsageFault_Handler
                0x000000000008179c        0x8 /home/kai/.cache/arduino/sketches/91995AF81130EF872320639892B853FC/libraries/FreeRTOS_ARM/FreeRTOS_ARM.c.o
                0x000000000008179c                UsageFault_Handler
 .text.vApplicationTickHook
                0x00000000000817a4        0x2 /home/kai/.cache/arduino/sketches/91995AF81130EF872320639892B853FC/libraries/FreeRTOS_ARM/FreeRTOS_ARM.c.o
                0x00000000000817a4                vApplicationTickHook
 .text.pvPortMalloc
                0x00000000000817a6       0x1e /home/kai/.cache/arduino/sketches/91995AF81130EF872320639892B853FC/libraries/FreeRTOS_ARM/utility/heap_3.c.o
                0x00000000000817a6                pvPortMalloc
 .text.vPortFree
                0x00000000000817c4       0x1a /home/kai/.cache/arduino/sketches/91995AF81130EF872320639892B853FC/libraries/FreeRTOS_ARM/utility/heap_3.c.o
                0x00000000000817c4                vPortFree
 .text.vListInitialise
                0x00000000000817de       0x16 /home/kai/.cache/arduino/sketches/91995AF81130EF872320639892B853FC/libraries/FreeRTOS_ARM/utility/list.c.o
                0x00000000000817de                vListInitialise
 .text.vListInitialiseItem
                0x00000000000817f4        0x6 /home/kai/.cache/arduino/sketches/91995AF81130EF872320639892B853FC/libraries/FreeRTOS_ARM/utility/list.c.o
                0x00000000000817f4                vListInitialiseItem
 .text.vListInsertEnd
                0x00000000000817fa       0x18 /home/kai/.cache/arduino/sketches/91995AF81130EF872320639892B853FC/libraries/FreeRTOS_ARM/utility/list.c.o
                0x00000000000817fa                vListInsertEnd
 .text.vListInsert
                0x0000000000081812       0x30 /home/kai/.cache/arduino/sketches/91995AF81130EF872320639892B853FC/libraries/FreeRTOS_ARM/utility/list.c.o
                0x0000000000081812                vListInsert
 .text.uxListRemove
                0x0000000000081842       0x20 /home/kai/.cache/arduino/sketches/91995AF81130EF872320639892B853FC/libraries/FreeRTOS_ARM/utility/list.c.o
                0x0000000000081842                uxListRemove
 *fill*         0x0000000000081862        0x2 
 .text.prvPortStartFirstTask
                0x0000000000081864       0x20 /home/kai/.cache/arduino/sketches/91995AF81130EF872320639892B853FC/libraries/FreeRTOS_ARM/utility/port.c.o
 .text.pxPortInitialiseStack
                0x0000000000081884       0x1c /home/kai/.cache/arduino/sketches/91995AF81130EF872320639892B853FC/libraries/FreeRTOS_ARM/utility/port.c.o
                0x0000000000081884                pxPortInitialiseStack
 .text.svcHook  0x00000000000818a0       0x28 /home/kai/.cache/arduino/sketches/91995AF81130EF872320639892B853FC/libraries/FreeRTOS_ARM/utility/port.c.o
                0x00000000000818a0                svcHook
 .text.vPortYield
                0x00000000000818c8       0x18 /home/kai/.cache/arduino/sketches/91995AF81130EF872320639892B853FC/libraries/FreeRTOS_ARM/utility/port.c.o
                0x00000000000818c8                vPortYield
 .text.ulPortSetInterruptMask
                0x00000000000818e0       0x10 /home/kai/.cache/arduino/sketches/91995AF81130EF872320639892B853FC/libraries/FreeRTOS_ARM/utility/port.c.o
                0x00000000000818e0                ulPortSetInterruptMask
 .text.prvTaskExitError
                0x00000000000818f0       0x18 /home/kai/.cache/arduino/sketches/91995AF81130EF872320639892B853FC/libraries/FreeRTOS_ARM/utility/port.c.o
 .text.vPortEnterCritical
                0x0000000000081908       0x38 /home/kai/.cache/arduino/sketches/91995AF81130EF872320639892B853FC/libraries/FreeRTOS_ARM/utility/port.c.o
                0x0000000000081908                vPortEnterCritical
 .text.vPortClearInterruptMask
                0x0000000000081940        0x6 /home/kai/.cache/arduino/sketches/91995AF81130EF872320639892B853FC/libraries/FreeRTOS_ARM/utility/port.c.o
                0x0000000000081940                vPortClearInterruptMask
 *fill*         0x0000000000081946        0x2 
 .text.vPortExitCritical
                0x0000000000081948       0x24 /home/kai/.cache/arduino/sketches/91995AF81130EF872320639892B853FC/libraries/FreeRTOS_ARM/utility/port.c.o
                0x0000000000081948                vPortExitCritical
 .text.pendSVHook
                0x000000000008196c       0x48 /home/kai/.cache/arduino/sketches/91995AF81130EF872320639892B853FC/libraries/FreeRTOS_ARM/utility/port.c.o
                0x000000000008196c                pendSVHook
 .text.xPortSysTickHandler
                0x00000000000819b4       0x24 /home/kai/.cache/arduino/sketches/91995AF81130EF872320639892B853FC/libraries/FreeRTOS_ARM/utility/port.c.o
                0x00000000000819b4                xPortSysTickHandler
 .text.sysTickHook
                0x00000000000819d8       0x14 /home/kai/.cache/arduino/sketches/91995AF81130EF872320639892B853FC/libraries/FreeRTOS_ARM/utility/port.c.o
                0x00000000000819d8                sysTickHook
 .text.vPortSetupTimerInterrupt
                0x00000000000819ec        0xc /home/kai/.cache/arduino/sketches/91995AF81130EF872320639892B853FC/libraries/FreeRTOS_ARM/utility/port.c.o
                0x00000000000819ec                vPortSetupTimerInterrupt
 .text.xPortStartScheduler
                0x00000000000819f8       0x8c /home/kai/.cache/arduino/sketches/91995AF81130EF872320639892B853FC/libraries/FreeRTOS_ARM/utility/port.c.o
                0x00000000000819f8                xPortStartScheduler
 .text.vPortValidateInterruptPriority
                0x0000000000081a84        0x2 /home/kai/.cache/arduino/sketches/91995AF81130EF872320639892B853FC/libraries/FreeRTOS_ARM/utility/port.c.o
                0x0000000000081a84                vPortValidateInterruptPriority
 .text.prvCopyDataToQueue
                0x0000000000081a86       0x6a /home/kai/.cache/arduino/sketches/91995AF81130EF872320639892B853FC/libraries/FreeRTOS_ARM/utility/queue.c.o
 .text.prvNotifyQueueSetContainer
                0x0000000000081af0       0x58 /home/kai/.cache/arduino/sketches/91995AF81130EF872320639892B853FC/libraries/FreeRTOS_ARM/utility/queue.c.o
 .text.prvCopyDataFromQueue
                0x0000000000081b48       0x26 /home/kai/.cache/arduino/sketches/91995AF81130EF872320639892B853FC/libraries/FreeRTOS_ARM/utility/queue.c.o
 .text.prvUnlockQueue
                0x0000000000081b6e       0x78 /home/kai/.cache/arduino/sketches/91995AF81130EF872320639892B853FC/libraries/FreeRTOS_ARM/utility/queue.c.o
 .text.xQueueGenericReset
                0x0000000000081be6       0x60 /home/kai/.cache/arduino/sketches/91995AF81130EF872320639892B853FC/libraries/FreeRTOS_ARM/utility/queue.c.o
                0x0000000000081be6                xQueueGenericReset
 .text.xQueueGenericCreate
                0x0000000000081c46       0x48 /home/kai/.cache/arduino/sketches/91995AF81130EF872320639892B853FC/libraries/FreeRTOS_ARM/utility/queue.c.o
                0x0000000000081c46                xQueueGenericCreate
 .text.xQueueGenericSend
                0x0000000000081c8e      0x126 /home/kai/.cache/arduino/sketches/91995AF81130EF872320639892B853FC/libraries/FreeRTOS_ARM/utility/queue.c.o
                0x0000000000081c8e                xQueueGenericSend
 .text.xQueueGenericSendFromISR
                0x0000000000081db4       0x9c /home/kai/.cache/arduino/sketches/91995AF81130EF872320639892B853FC/libraries/FreeRTOS_ARM/utility/queue.c.o
                0x0000000000081db4                xQueueGenericSendFromISR
 .text.xQueueGenericReceive
                0x0000000000081e50      0x12a /home/kai/.cache/arduino/sketches/91995AF81130EF872320639892B853FC/libraries/FreeRTOS_ARM/utility/queue.c.o
                0x0000000000081e50                xQueueGenericReceive
 .text.vQueueWaitForMessageRestricted
                0x0000000000081f7a       0x3e /home/kai/.cache/arduino/sketches/91995AF81130EF872320639892B853FC/libraries/FreeRTOS_ARM/utility/queue.c.o
                0x0000000000081f7a                vQueueWaitForMessageRestricted
 .text.prvResetNextTaskUnblockTime
                0x0000000000081fb8       0x24 /home/kai/.cache/arduino/sketches/91995AF81130EF872320639892B853FC/libraries/FreeRTOS_ARM/utility/tasks.c.o
 .text.prvAddCurrentTaskToDelayedList
                0x0000000000081fdc       0x50 /home/kai/.cache/arduino/sketches/91995AF81130EF872320639892B853FC/libraries/FreeRTOS_ARM/utility/tasks.c.o
 .text.xTaskGenericCreate
                0x000000000008202c      0x1b0 /home/kai/.cache/arduino/sketches/91995AF81130EF872320639892B853FC/libraries/FreeRTOS_ARM/utility/tasks.c.o
                0x000000000008202c                xTaskGenericCreate
 .text.vTaskStartScheduler
                0x00000000000821dc       0x74 /home/kai/.cache/arduino/sketches/91995AF81130EF872320639892B853FC/libraries/FreeRTOS_ARM/utility/tasks.c.o
                0x00000000000821dc                vTaskStartScheduler
 .text.vTaskSuspendAll
                0x0000000000082250       0x10 /home/kai/.cache/arduino/sketches/91995AF81130EF872320639892B853FC/libraries/FreeRTOS_ARM/utility/tasks.c.o
                0x0000000000082250                vTaskSuspendAll
 .text.xTaskGetTickCount
                0x0000000000082260        0xc /home/kai/.cache/arduino/sketches/91995AF81130EF872320639892B853FC/libraries/FreeRTOS_ARM/utility/tasks.c.o
                0x0000000000082260                xTaskGetTickCount
 .text.xTaskIncrementTick
                0x000000000008226c      0x114 /home/kai/.cache/arduino/sketches/91995AF81130EF872320639892B853FC/libraries/FreeRTOS_ARM/utility/tasks.c.o
                0x000000000008226c                xTaskIncrementTick
 .text.xTaskResumeAll
                0x0000000000082380       0xc8 /home/kai/.cache/arduino/sketches/91995AF81130EF872320639892B853FC/libraries/FreeRTOS_ARM/utility/tasks.c.o
                0x0000000000082380                xTaskResumeAll
 .text.vTaskDelay
                0x0000000000082448       0x64 /home/kai/.cache/arduino/sketches/91995AF81130EF872320639892B853FC/libraries/FreeRTOS_ARM/utility/tasks.c.o
                0x0000000000082448                vTaskDelay
 .text.prvIdleTask
                0x00000000000824ac       0x68 /home/kai/.cache/arduino/sketches/91995AF81130EF872320639892B853FC/libraries/FreeRTOS_ARM/utility/tasks.c.o
 .text.vTaskSwitchContext
                0x0000000000082514       0x98 /home/kai/.cache/arduino/sketches/91995AF81130EF872320639892B853FC/libraries/FreeRTOS_ARM/utility/tasks.c.o
                0x0000000000082514                vTaskSwitchContext
 .text.vTaskPlaceOnEventList
                0x00000000000825ac       0x68 /home/kai/.cache/arduino/sketches/91995AF81130EF872320639892B853FC/libraries/FreeRTOS_ARM/utility/tasks.c.o
                0x00000000000825ac                vTaskPlaceOnEventList
 .text.vTaskPlaceOnEventListRestricted
                0x0000000000082614       0x68 /home/kai/.cache/arduino/sketches/91995AF81130EF872320639892B853FC/libraries/FreeRTOS_ARM/utility/tasks.c.o
                0x0000000000082614                vTaskPlaceOnEventListRestricted
 .text.xTaskRemoveFromEventList
                0x000000000008267c       0x74 /home/kai/.cache/arduino/sketches/91995AF81130EF872320639892B853FC/libraries/FreeRTOS_ARM/utility/tasks.c.o
                0x000000000008267c                xTaskRemoveFromEventList
 .text.vTaskSetTimeOutState
                0x00000000000826f0       0x20 /home/kai/.cache/arduino/sketches/91995AF81130EF872320639892B853FC/libraries/FreeRTOS_ARM/utility/tasks.c.o
                0x00000000000826f0                vTaskSetTimeOutState
 .text.xTaskCheckForTimeOut
                0x0000000000082710       0x58 /home/kai/.cache/arduino/sketches/91995AF81130EF872320639892B853FC/libraries/FreeRTOS_ARM/utility/tasks.c.o
                0x0000000000082710                xTaskCheckForTimeOut
 .text.vTaskMissedYield
                0x0000000000082768        0xc /home/kai/.cache/arduino/sketches/91995AF81130EF872320639892B853FC/libraries/FreeRTOS_ARM/utility/tasks.c.o
                0x0000000000082768                vTaskMissedYield
 .text.xTaskGetSchedulerState
                0x0000000000082774       0x20 /home/kai/.cache/arduino/sketches/91995AF81130EF872320639892B853FC/libraries/FreeRTOS_ARM/utility/tasks.c.o
                0x0000000000082774                xTaskGetSchedulerState
 .text.vTaskPriorityInherit
                0x0000000000082794       0x94 /home/kai/.cache/arduino/sketches/91995AF81130EF872320639892B853FC/libraries/FreeRTOS_ARM/utility/tasks.c.o
                0x0000000000082794                vTaskPriorityInherit
 .text.xTaskPriorityDisinherit
                0x0000000000082828       0x88 /home/kai/.cache/arduino/sketches/91995AF81130EF872320639892B853FC/libraries/FreeRTOS_ARM/utility/tasks.c.o
                0x0000000000082828                xTaskPriorityDisinherit
 .text.pvTaskIncrementMutexHeldCount
                0x00000000000828b0       0x18 /home/kai/.cache/arduino/sketches/91995AF81130EF872320639892B853FC/libraries/FreeRTOS_ARM/utility/tasks.c.o
                0x00000000000828b0                pvTaskIncrementMutexHeldCount
 .text.prvCheckForValidListAndQueue
                0x00000000000828c8       0x54 /home/kai/.cache/arduino/sketches/91995AF81130EF872320639892B853FC/libraries/FreeRTOS_ARM/utility/timers.c.o
 .text.prvInsertTimerInActiveList
                0x000000000008291c       0x3c /home/kai/.cache/arduino/sketches/91995AF81130EF872320639892B853FC/libraries/FreeRTOS_ARM/utility/timers.c.o
 .text.xTimerCreateTimerTask
                0x0000000000082958       0x40 /home/kai/.cache/arduino/sketches/91995AF81130EF872320639892B853FC/libraries/FreeRTOS_ARM/utility/timers.c.o
                0x0000000000082958                xTimerCreateTimerTask
 .text.xTimerGenericCommand
                0x0000000000082998       0x54 /home/kai/.cache/arduino/sketches/91995AF81130EF872320639892B853FC/libraries/FreeRTOS_ARM/utility/timers.c.o
                0x0000000000082998                xTimerGenericCommand
 .text.prvSwitchTimerLists
                0x00000000000829ec       0x68 /home/kai/.cache/arduino/sketches/91995AF81130EF872320639892B853FC/libraries/FreeRTOS_ARM/utility/timers.c.o
 .text.prvTimerTask
                0x0000000000082a54      0x194 /home/kai/.cache/arduino/sketches/91995AF81130EF872320639892B853FC/libraries/FreeRTOS_ARM/utility/timers.c.o
 .text._Z11serialEventv
                0x0000000000082be8        0x2 /home/kai/.cache/arduino/sketches/91995AF81130EF872320639892B853FC/core/variant.cpp.o
                0x0000000000082be8                serialEvent()
 *fill*         0x0000000000082bea        0x2 
 .text.UART_Handler
                0x0000000000082bec        0xc /home/kai/.cache/arduino/sketches/91995AF81130EF872320639892B853FC/core/variant.cpp.o
                0x0000000000082bec                UART_Handler
 .text._Z12serialEvent1v
                0x0000000000082bf8        0x2 /home/kai/.cache/arduino/sketches/91995AF81130EF872320639892B853FC/core/variant.cpp.o
                0x0000000000082bf8                serialEvent1()
 .text._Z12serialEvent2v
                0x0000000000082bfa        0x2 /home/kai/.cache/arduino/sketches/91995AF81130EF872320639892B853FC/core/variant.cpp.o
                0x0000000000082bfa                serialEvent2()
 .text._Z12serialEvent3v
                0x0000000000082bfc        0x2 /home/kai/.cache/arduino/sketches/91995AF81130EF872320639892B853FC/core/variant.cpp.o
                0x0000000000082bfc                serialEvent3()
 *fill*         0x0000000000082bfe        0x2 
 .text.USART0_Handler
                0x0000000000082c00        0xc /home/kai/.cache/arduino/sketches/91995AF81130EF872320639892B853FC/core/variant.cpp.o
                0x0000000000082c00                USART0_Handler
 .text.USART1_Handler
                0x0000000000082c0c        0xc /home/kai/.cache/arduino/sketches/91995AF81130EF872320639892B853FC/core/variant.cpp.o
                0x0000000000082c0c                USART1_Handler
 .text.USART3_Handler
                0x0000000000082c18        0xc /home/kai/.cache/arduino/sketches/91995AF81130EF872320639892B853FC/core/variant.cpp.o
                0x0000000000082c18                USART3_Handler
 .text.init     0x0000000000082c24      0x128 /home/kai/.cache/arduino/sketches/91995AF81130EF872320639892B853FC/core/variant.cpp.o
                0x0000000000082c24                init
 .text.startup._GLOBAL__sub_I_g_APinDescription
                0x0000000000082d4c       0xd4 /home/kai/.cache/arduino/sketches/91995AF81130EF872320639892B853FC/core/variant.cpp.o
 .text._Z14serialEventRunv
                0x0000000000082e20       0x44 /home/kai/.cache/arduino/sketches/91995AF81130EF872320639892B853FC/core/variant.cpp.o
                0x0000000000082e20                serialEventRun()
 .text.PIO_PullUp
                0x0000000000082e64        0xa /home/kai/.arduino15/packages/arduino/hardware/sam/1.6.12/variants/arduino_due_x/libsam_sam3x8e_gcc_rel.a(pio.o)
                0x0000000000082e64                PIO_PullUp
 .text.PIO_SetPeripheral
                0x0000000000082e6e       0x26 /home/kai/.arduino15/packages/arduino/hardware/sam/1.6.12/variants/arduino_due_x/libsam_sam3x8e_gcc_rel.a(pio.o)
                0x0000000000082e6e                PIO_SetPeripheral
 .text.PIO_SetInput
                0x0000000000082e94       0x26 /home/kai/.arduino15/packages/arduino/hardware/sam/1.6.12/variants/arduino_due_x/libsam_sam3x8e_gcc_rel.a(pio.o)
                0x0000000000082e94                PIO_SetInput
 .text.PIO_SetOutput
                0x0000000000082eba       0x24 /home/kai/.arduino15/packages/arduino/hardware/sam/1.6.12/variants/arduino_due_x/libsam_sam3x8e_gcc_rel.a(pio.o)
                0x0000000000082eba                PIO_SetOutput
 *fill*         0x0000000000082ede        0x2 
 .text.PIO_Configure
                0x0000000000082ee0       0x64 /home/kai/.arduino15/packages/arduino/hardware/sam/1.6.12/variants/arduino_due_x/libsam_sam3x8e_gcc_rel.a(pio.o)
                0x0000000000082ee0                PIO_Configure
 .text.PIO_GetOutputDataStatus
                0x0000000000082f44       0x14 /home/kai/.arduino15/packages/arduino/hardware/sam/1.6.12/variants/arduino_due_x/libsam_sam3x8e_gcc_rel.a(pio.o)
                0x0000000000082f44                PIO_GetOutputDataStatus
 .text.pmc_enable_upll_clock
                0x0000000000082f58       0x14 /home/kai/.arduino15/packages/arduino/hardware/sam/1.6.12/variants/arduino_due_x/libsam_sam3x8e_gcc_rel.a(pmc.o)
                0x0000000000082f58                pmc_enable_upll_clock
 .text.pmc_enable_periph_clk
                0x0000000000082f6c       0x44 /home/kai/.arduino15/packages/arduino/hardware/sam/1.6.12/variants/arduino_due_x/libsam_sam3x8e_gcc_rel.a(pmc.o)
                0x0000000000082f6c                pmc_enable_periph_clk
 .text.pmc_disable_periph_clk
                0x0000000000082fb0       0x40 /home/kai/.arduino15/packages/arduino/hardware/sam/1.6.12/variants/arduino_due_x/libsam_sam3x8e_gcc_rel.a(pmc.o)
                0x0000000000082fb0                pmc_disable_periph_clk
 .text.pmc_switch_udpck_to_upllck
                0x0000000000082ff0       0x14 /home/kai/.arduino15/packages/arduino/hardware/sam/1.6.12/variants/arduino_due_x/libsam_sam3x8e_gcc_rel.a(pmc.o)
                0x0000000000082ff0                pmc_switch_udpck_to_upllck
 .text.pmc_enable_udpck
                0x0000000000083004        0xc /home/kai/.arduino15/packages/arduino/hardware/sam/1.6.12/variants/arduino_due_x/libsam_sam3x8e_gcc_rel.a(pmc.o)
                0x0000000000083004                pmc_enable_udpck
 .text.SystemInit
                0x0000000000083010       0x88 /home/kai/.arduino15/packages/arduino/hardware/sam/1.6.12/variants/arduino_due_x/libsam_sam3x8e_gcc_rel.a(system_sam3xa.o)
                0x0000000000083010                SystemInit
 .text.Reset_Handler
                0x0000000000083098       0x78 /home/kai/.arduino15/packages/arduino/hardware/sam/1.6.12/variants/arduino_due_x/libsam_sam3x8e_gcc_rel.a(startup_sam3xa.o)
                0x0000000000083098                Reset_Handler
 .text.adc_init
                0x0000000000083110       0x98 /home/kai/.arduino15/packages/arduino/hardware/sam/1.6.12/variants/arduino_due_x/libsam_sam3x8e_gcc_rel.a(adc.o)
                0x0000000000083110                adc_init
 .text.adc_configure_trigger
                0x00000000000831a8        0xe /home/kai/.arduino15/packages/arduino/hardware/sam/1.6.12/variants/arduino_due_x/libsam_sam3x8e_gcc_rel.a(adc.o)
                0x00000000000831a8                adc_configure_trigger
 .text.adc_configure_timing
                0x00000000000831b6       0x1a /home/kai/.arduino15/packages/arduino/hardware/sam/1.6.12/variants/arduino_due_x/libsam_sam3x8e_gcc_rel.a(adc.o)
                0x00000000000831b6                adc_configure_timing
 .text.adc_disable_channel
                0x00000000000831d0        0xa /home/kai/.arduino15/packages/arduino/hardware/sam/1.6.12/variants/arduino_due_x/libsam_sam3x8e_gcc_rel.a(adc.o)
                0x00000000000831d0                adc_disable_channel
 .text.adc_disable_all_channel
                0x00000000000831da        0x8 /home/kai/.arduino15/packages/arduino/hardware/sam/1.6.12/variants/arduino_due_x/libsam_sam3x8e_gcc_rel.a(adc.o)
                0x00000000000831da                adc_disable_all_channel
 .text.adc_disable_interrupt
                0x00000000000831e2        0x4 /home/kai/.arduino15/packages/arduino/hardware/sam/1.6.12/variants/arduino_due_x/libsam_sam3x8e_gcc_rel.a(adc.o)
                0x00000000000831e2                adc_disable_interrupt
 *fill*         0x00000000000831e6        0x2 
 .text.UOTGHS_Handler
                0x00000000000831e8       0x10 /home/kai/.arduino15/packages/arduino/hardware/sam/1.6.12/variants/arduino_due_x/libsam_sam3x8e_gcc_rel.a(uotghs.o)
                0x00000000000831e8                UOTGHS_Handler
 .text._ZN5Print5writeEPKhj
                0x00000000000831f8       0x22 /home/kai/.cache/arduino/sketches/91995AF81130EF872320639892B853FC/../../cores/arduino_sam_arduino_due_x_dbg_963ca06a163693ab16a1c670a7c94728/core.a(Print.cpp.o)
                0x00000000000831f8                Print::write(unsigned char const*, unsigned int)
 .text._ZN5Print5printEmi.part.3
                0x000000000008321a        0xc /home/kai/.cache/arduino/sketches/91995AF81130EF872320639892B853FC/../../cores/arduino_sam_arduino_due_x_dbg_963ca06a163693ab16a1c670a7c94728/core.a(Print.cpp.o)
 .text._ZN5Print5writeEPKc
                0x0000000000083226       0x1e /home/kai/.cache/arduino/sketches/91995AF81130EF872320639892B853FC/../../cores/arduino_sam_arduino_due_x_dbg_963ca06a163693ab16a1c670a7c94728/core.a(Print.cpp.o)
                0x0000000000083226                Print::write(char const*)
 .text._ZN5Print5printEPKc
                0x0000000000083244        0x8 /home/kai/.cache/arduino/sketches/91995AF81130EF872320639892B853FC/../../cores/arduino_sam_arduino_due_x_dbg_963ca06a163693ab16a1c670a7c94728/core.a(Print.cpp.o)
                0x0000000000083244                Print::print(char const*)
 .text._ZN5Print5printEc
                0x000000000008324c        0xa /home/kai/.cache/arduino/sketches/91995AF81130EF872320639892B853FC/../../cores/arduino_sam_arduino_due_x_dbg_963ca06a163693ab16a1c670a7c94728/core.a(Print.cpp.o)
                0x000000000008324c                Print::print(char)
 *fill*         0x0000000000083256        0x2 
 .text._ZN5Print7printlnEv
                0x0000000000083258       0x10 /home/kai/.cache/arduino/sketches/91995AF81130EF872320639892B853FC/../../cores/arduino_sam_arduino_due_x_dbg_963ca06a163693ab16a1c670a7c94728/core.a(Print.cpp.o)
                0x0000000000083258                Print::println()
 .text._ZN5Print7printlnEPKc
                0x0000000000083268       0x14 /home/kai/.cache/arduino/sketches/91995AF81130EF872320639892B853FC/../../cores/arduino_sam_arduino_due_x_dbg_963ca06a163693ab16a1c670a7c94728/core.a(Print.cpp.o)
                0x0000000000083268                Print::println(char const*)
 .text._ZN5Print11printNumberEmh
                0x000000000008327c       0x3e /home/kai/.cache/arduino/sketches/91995AF81130EF872320639892B853FC/../../cores/arduino_sam_arduino_due_x_dbg_963ca06a163693ab16a1c670a7c94728/core.a(Print.cpp.o)
                0x000000000008327c                Print::printNumber(unsigned long, unsigned char)
 .text._ZN5Print5printEmi
                0x00000000000832ba        0xc /home/kai/.cache/arduino/sketches/91995AF81130EF872320639892B853FC/../../cores/arduino_sam_arduino_due_x_dbg_963ca06a163693ab16a1c670a7c94728/core.a(Print.cpp.o)
                0x00000000000832ba                Print::print(unsigned long, int)
 .text._ZN5Print7printlnEmi
                0x00000000000832c6       0x14 /home/kai/.cache/arduino/sketches/91995AF81130EF872320639892B853FC/../../cores/arduino_sam_arduino_due_x_dbg_963ca06a163693ab16a1c670a7c94728/core.a(Print.cpp.o)
                0x00000000000832c6                Print::println(unsigned long, int)
 .text._ZN10RingBufferC2Ev
                0x00000000000832da       0x1a /home/kai/.cache/arduino/sketches/91995AF81130EF872320639892B853FC/../../cores/arduino_sam_arduino_due_x_dbg_963ca06a163693ab16a1c670a7c94728/core.a(RingBuffer.cpp.o)
                0x00000000000832da                RingBuffer::RingBuffer()
                0x00000000000832da                RingBuffer::RingBuffer()
 .text._ZN10RingBuffer10store_charEh
                0x00000000000832f4       0x1e /home/kai/.cache/arduino/sketches/91995AF81130EF872320639892B853FC/../../cores/arduino_sam_arduino_due_x_dbg_963ca06a163693ab16a1c670a7c94728/core.a(RingBuffer.cpp.o)
                0x00000000000832f4                RingBuffer::store_char(unsigned char)
 .text._ZN9UARTClasscvbEv
                0x0000000000083312        0x4 /home/kai/.cache/arduino/sketches/91995AF81130EF872320639892B853FC/../../cores/arduino_sam_arduino_due_x_dbg_963ca06a163693ab16a1c670a7c94728/core.a(UARTClass.cpp.o)
                0x0000000000083312                UARTClass::operator bool()
 .text._ZN9UARTClass9availableEv
                0x0000000000083316       0x12 /home/kai/.cache/arduino/sketches/91995AF81130EF872320639892B853FC/../../cores/arduino_sam_arduino_due_x_dbg_963ca06a163693ab16a1c670a7c94728/core.a(UARTClass.cpp.o)
                0x0000000000083316                UARTClass::available()
 .text._ZN9UARTClass4peekEv
                0x0000000000083328       0x1c /home/kai/.cache/arduino/sketches/91995AF81130EF872320639892B853FC/../../cores/arduino_sam_arduino_due_x_dbg_963ca06a163693ab16a1c670a7c94728/core.a(UARTClass.cpp.o)
                0x0000000000083328                UARTClass::peek()
 .text._ZN9UARTClass4readEv
                0x0000000000083344       0x2a /home/kai/.cache/arduino/sketches/91995AF81130EF872320639892B853FC/../../cores/arduino_sam_arduino_due_x_dbg_963ca06a163693ab16a1c670a7c94728/core.a(UARTClass.cpp.o)
                0x0000000000083344                UARTClass::read()
 .text._ZN9UARTClass5flushEv
                0x000000000008336e       0x18 /home/kai/.cache/arduino/sketches/91995AF81130EF872320639892B853FC/../../cores/arduino_sam_arduino_due_x_dbg_963ca06a163693ab16a1c670a7c94728/core.a(UARTClass.cpp.o)
                0x000000000008336e                UARTClass::flush()
 *fill*         0x0000000000083386        0x2 
 .text._ZN9UARTClass5writeEh
                0x0000000000083388       0x54 /home/kai/.cache/arduino/sketches/91995AF81130EF872320639892B853FC/../../cores/arduino_sam_arduino_due_x_dbg_963ca06a163693ab16a1c670a7c94728/core.a(UARTClass.cpp.o)
                0x0000000000083388                UARTClass::write(unsigned char)
 .text._ZN9UARTClass3endEv
                0x00000000000833dc       0x3c /home/kai/.cache/arduino/sketches/91995AF81130EF872320639892B853FC/../../cores/arduino_sam_arduino_due_x_dbg_963ca06a163693ab16a1c670a7c94728/core.a(UARTClass.cpp.o)
                0x00000000000833dc                UARTClass::end()
 .text._ZN9UARTClassC2EP4Uart4IRQnmP10RingBufferS4_
                0x0000000000083418       0x24 /home/kai/.cache/arduino/sketches/91995AF81130EF872320639892B853FC/../../cores/arduino_sam_arduino_due_x_dbg_963ca06a163693ab16a1c670a7c94728/core.a(UARTClass.cpp.o)
                0x0000000000083418                UARTClass::UARTClass(Uart*, IRQn, unsigned long, RingBuffer*, RingBuffer*)
                0x0000000000083418                UARTClass::UARTClass(Uart*, IRQn, unsigned long, RingBuffer*, RingBuffer*)
 .text._ZN9UARTClass4initEmm
                0x000000000008343c       0x70 /home/kai/.cache/arduino/sketches/91995AF81130EF872320639892B853FC/../../cores/arduino_sam_arduino_due_x_dbg_963ca06a163693ab16a1c670a7c94728/core.a(UARTClass.cpp.o)
                0x000000000008343c                UARTClass::init(unsigned long, unsigned long)
 .text._ZN9UARTClass5beginEm
                0x00000000000834ac        0x8 /home/kai/.cache/arduino/sketches/91995AF81130EF872320639892B853FC/../../cores/arduino_sam_arduino_due_x_dbg_963ca06a163693ab16a1c670a7c94728/core.a(UARTClass.cpp.o)
                0x00000000000834ac                UARTClass::begin(unsigned long)
 .text._ZN9UARTClass10IrqHandlerEv
                0x00000000000834b4       0x5a /home/kai/.cache/arduino/sketches/91995AF81130EF872320639892B853FC/../../cores/arduino_sam_arduino_due_x_dbg_963ca06a163693ab16a1c670a7c94728/core.a(UARTClass.cpp.o)
                0x00000000000834b4                UARTClass::IrqHandler()
 .text._ZN10USARTClass5beginEm
                0x000000000008350e        0x8 /home/kai/.cache/arduino/sketches/91995AF81130EF872320639892B853FC/../../cores/arduino_sam_arduino_due_x_dbg_963ca06a163693ab16a1c670a7c94728/core.a(USARTClass.cpp.o)
                0x000000000008350e                USARTClass::begin(unsigned long)
 *fill*         0x0000000000083516        0x2 
 .text._ZN10USARTClassC2EP5Usart4IRQnmP10RingBufferS4_
                0x0000000000083518       0x24 /home/kai/.cache/arduino/sketches/91995AF81130EF872320639892B853FC/../../cores/arduino_sam_arduino_due_x_dbg_963ca06a163693ab16a1c670a7c94728/core.a(USARTClass.cpp.o)
                0x0000000000083518                USARTClass::USARTClass(Usart*, IRQn, unsigned long, RingBuffer*, RingBuffer*)
                0x0000000000083518                USARTClass::USARTClass(Usart*, IRQn, unsigned long, RingBuffer*, RingBuffer*)
 .text.PIOA_Handler
                0x000000000008353c       0x38 /home/kai/.cache/arduino/sketches/91995AF81130EF872320639892B853FC/../../cores/arduino_sam_arduino_due_x_dbg_963ca06a163693ab16a1c670a7c94728/core.a(WInterrupts.c.o)
                0x000000000008353c                PIOA_Handler
 .text.PIOB_Handler
                0x0000000000083574       0x38 /home/kai/.cache/arduino/sketches/91995AF81130EF872320639892B853FC/../../cores/arduino_sam_arduino_due_x_dbg_963ca06a163693ab16a1c670a7c94728/core.a(WInterrupts.c.o)
                0x0000000000083574                PIOB_Handler
 .text.PIOC_Handler
                0x00000000000835ac       0x38 /home/kai/.cache/arduino/sketches/91995AF81130EF872320639892B853FC/../../cores/arduino_sam_arduino_due_x_dbg_963ca06a163693ab16a1c670a7c94728/core.a(WInterrupts.c.o)
                0x00000000000835ac                PIOC_Handler
 .text.PIOD_Handler
                0x00000000000835e4       0x38 /home/kai/.cache/arduino/sketches/91995AF81130EF872320639892B853FC/../../cores/arduino_sam_arduino_due_x_dbg_963ca06a163693ab16a1c670a7c94728/core.a(WInterrupts.c.o)
                0x00000000000835e4                PIOD_Handler
 .text.__halt   0x000000000008361c        0x2 /home/kai/.cache/arduino/sketches/91995AF81130EF872320639892B853FC/../../cores/arduino_sam_arduino_due_x_dbg_963ca06a163693ab16a1c670a7c94728/core.a(cortex_handlers.c.o)
                0x000000000008361c                DACC_Handler
                0x000000000008361c                DebugMon_Handler
                0x000000000008361c                DMAC_Handler
                0x000000000008361c                TRNG_Handler
                0x000000000008361c                TC2_Handler
                0x000000000008361c                TWI1_Handler
                0x000000000008361c                NMI_Handler
                0x000000000008361c                TC7_Handler
                0x000000000008361c                ADC_Handler
                0x000000000008361c                SMC_Handler
                0x000000000008361c                RTT_Handler
                0x000000000008361c                EFC1_Handler
                0x000000000008361c                RTC_Handler
                0x000000000008361c                TC6_Handler
                0x000000000008361c                WDT_Handler
                0x000000000008361c                CAN0_Handler
                0x000000000008361c                TC4_Handler
                0x000000000008361c                TC1_Handler
                0x000000000008361c                HSMCI_Handler
                0x000000000008361c                TC3_Handler
                0x000000000008361c                TWI0_Handler
                0x000000000008361c                SSC_Handler
                0x000000000008361c                EFC0_Handler
                0x000000000008361c                PMC_Handler
                0x000000000008361c                PWM_Handler
                0x000000000008361c                CAN1_Handler
                0x000000000008361c                MemManage_Handler
                0x000000000008361c                SUPC_Handler
                0x000000000008361c                TC8_Handler
                0x000000000008361c                USART2_Handler
                0x000000000008361c                EMAC_Handler
                0x000000000008361c                RSTC_Handler
                0x000000000008361c                TC0_Handler
                0x000000000008361c                TC5_Handler
                0x000000000008361c                SPI0_Handler
 .text.SVC_Handler
                0x000000000008361e        0x4 /home/kai/.cache/arduino/sketches/91995AF81130EF872320639892B853FC/../../cores/arduino_sam_arduino_due_x_dbg_963ca06a163693ab16a1c670a7c94728/core.a(cortex_handlers.c.o)
                0x000000000008361e                SVC_Handler
 .text.PendSV_Handler
                0x0000000000083622        0x4 /home/kai/.cache/arduino/sketches/91995AF81130EF872320639892B853FC/../../cores/arduino_sam_arduino_due_x_dbg_963ca06a163693ab16a1c670a7c94728/core.a(cortex_handlers.c.o)
                0x0000000000083622                PendSV_Handler
 .text.SysTick_Handler
                0x0000000000083626       0x16 /home/kai/.cache/arduino/sketches/91995AF81130EF872320639892B853FC/../../cores/arduino_sam_arduino_due_x_dbg_963ca06a163693ab16a1c670a7c94728/core.a(cortex_handlers.c.o)
                0x0000000000083626                SysTick_Handler
 .text.initVariant
                0x000000000008363c        0x2 /home/kai/.cache/arduino/sketches/91995AF81130EF872320639892B853FC/../../cores/arduino_sam_arduino_due_x_dbg_963ca06a163693ab16a1c670a7c94728/core.a(main.cpp.o)
                0x000000000008363c                initVariant
 *fill*         0x000000000008363e        0x2 
 .text.startup.main
                0x0000000000083640       0x38 /home/kai/.cache/arduino/sketches/91995AF81130EF872320639892B853FC/../../cores/arduino_sam_arduino_due_x_dbg_963ca06a163693ab16a1c670a7c94728/core.a(main.cpp.o)
                0x0000000000083640                main
 .text._sbrk    0x0000000000083678       0x1c /home/kai/.cache/arduino/sketches/91995AF81130EF872320639892B853FC/../../cores/arduino_sam_arduino_due_x_dbg_963ca06a163693ab16a1c670a7c94728/core.a(syscalls_sam3.c.o)
                0x0000000000083678                _sbrk
 .text.link     0x0000000000083694        0x6 /home/kai/.cache/arduino/sketches/91995AF81130EF872320639892B853FC/../../cores/arduino_sam_arduino_due_x_dbg_963ca06a163693ab16a1c670a7c94728/core.a(syscalls_sam3.c.o)
                0x0000000000083694                link
 .text._close   0x000000000008369a        0x6 /home/kai/.cache/arduino/sketches/91995AF81130EF872320639892B853FC/../../cores/arduino_sam_arduino_due_x_dbg_963ca06a163693ab16a1c670a7c94728/core.a(syscalls_sam3.c.o)
                0x000000000008369a                _close
 .text._fstat   0x00000000000836a0        0xa /home/kai/.cache/arduino/sketches/91995AF81130EF872320639892B853FC/../../cores/arduino_sam_arduino_due_x_dbg_963ca06a163693ab16a1c670a7c94728/core.a(syscalls_sam3.c.o)
                0x00000000000836a0                _fstat
 .text._isatty  0x00000000000836aa        0x4 /home/kai/.cache/arduino/sketches/91995AF81130EF872320639892B853FC/../../cores/arduino_sam_arduino_due_x_dbg_963ca06a163693ab16a1c670a7c94728/core.a(syscalls_sam3.c.o)
                0x00000000000836aa                _isatty
 .text._lseek   0x00000000000836ae        0x4 /home/kai/.cache/arduino/sketches/91995AF81130EF872320639892B853FC/../../cores/arduino_sam_arduino_due_x_dbg_963ca06a163693ab16a1c670a7c94728/core.a(syscalls_sam3.c.o)
                0x00000000000836ae                _lseek
 .text._read    0x00000000000836b2        0x4 /home/kai/.cache/arduino/sketches/91995AF81130EF872320639892B853FC/../../cores/arduino_sam_arduino_due_x_dbg_963ca06a163693ab16a1c670a7c94728/core.a(syscalls_sam3.c.o)
                0x00000000000836b2                _read
 *fill*         0x00000000000836b6        0x2 
 .text._write   0x00000000000836b8       0x24 /home/kai/.cache/arduino/sketches/91995AF81130EF872320639892B853FC/../../cores/arduino_sam_arduino_due_x_dbg_963ca06a163693ab16a1c670a7c94728/core.a(syscalls_sam3.c.o)
                0x00000000000836b8                _write
 .text._exit    0x00000000000836dc        0x2 /home/kai/.cache/arduino/sketches/91995AF81130EF872320639892B853FC/../../cores/arduino_sam_arduino_due_x_dbg_963ca06a163693ab16a1c670a7c94728/core.a(syscalls_sam3.c.o)
                0x00000000000836dc                _exit
 .text._kill    0x00000000000836de        0x2 /home/kai/.cache/arduino/sketches/91995AF81130EF872320639892B853FC/../../cores/arduino_sam_arduino_due_x_dbg_963ca06a163693ab16a1c670a7c94728/core.a(syscalls_sam3.c.o)
                0x00000000000836de                _kill
 .text._getpid  0x00000000000836e0        0x6 /home/kai/.cache/arduino/sketches/91995AF81130EF872320639892B853FC/../../cores/arduino_sam_arduino_due_x_dbg_963ca06a163693ab16a1c670a7c94728/core.a(syscalls_sam3.c.o)
                0x00000000000836e0                _getpid
 *fill*         0x00000000000836e6        0x2 
 .text._watchdogDefaultSetup
                0x00000000000836e8        0xc /home/kai/.cache/arduino/sketches/91995AF81130EF872320639892B853FC/../../cores/arduino_sam_arduino_due_x_dbg_963ca06a163693ab16a1c670a7c94728/core.a(watchdog.cpp.o)
                0x00000000000836e8                watchdogSetup()
                0x00000000000836e8                _watchdogDefaultSetup
 .text.millis   0x00000000000836f4        0x4 /home/kai/.cache/arduino/sketches/91995AF81130EF872320639892B853FC/../../cores/arduino_sam_arduino_due_x_dbg_963ca06a163693ab16a1c670a7c94728/core.a(wiring.c.o)
                0x00000000000836f4                millis
 .text.delay    0x00000000000836f8       0x1c /home/kai/.cache/arduino/sketches/91995AF81130EF872320639892B853FC/../../cores/arduino_sam_arduino_due_x_dbg_963ca06a163693ab16a1c670a7c94728/core.a(wiring.c.o)
                0x00000000000836f8                delay
 .text.analogOutputInit
                0x0000000000083714        0x2 /home/kai/.cache/arduino/sketches/91995AF81130EF872320639892B853FC/../../cores/arduino_sam_arduino_due_x_dbg_963ca06a163693ab16a1c670a7c94728/core.a(wiring_analog.c.o)
                0x0000000000083714                analogOutputInit
 *fill*         0x0000000000083716        0x2 
 .text.pinMode  0x0000000000083718      0x108 /home/kai/.cache/arduino/sketches/91995AF81130EF872320639892B853FC/../../cores/arduino_sam_arduino_due_x_dbg_963ca06a163693ab16a1c670a7c94728/core.a(wiring_digital.c.o)
                0x0000000000083718                pinMode
 .text.digitalWrite
                0x0000000000083820       0x70 /home/kai/.cache/arduino/sketches/91995AF81130EF872320639892B853FC/../../cores/arduino_sam_arduino_due_x_dbg_963ca06a163693ab16a1c670a7c94728/core.a(wiring_digital.c.o)
                0x0000000000083820                digitalWrite
 .text.initiateReset
                0x0000000000083890        0xc /home/kai/.cache/arduino/sketches/91995AF81130EF872320639892B853FC/../../cores/arduino_sam_arduino_due_x_dbg_963ca06a163693ab16a1c670a7c94728/core.a(Reset.cpp.o)
                0x0000000000083890                initiateReset
 .text.cancelReset
                0x000000000008389c       0x10 /home/kai/.cache/arduino/sketches/91995AF81130EF872320639892B853FC/../../cores/arduino_sam_arduino_due_x_dbg_963ca06a163693ab16a1c670a7c94728/core.a(Reset.cpp.o)
                0x000000000008389c                cancelReset
 .text.tickReset
                0x00000000000838ac       0x20 /home/kai/.cache/arduino/sketches/91995AF81130EF872320639892B853FC/../../cores/arduino_sam_arduino_due_x_dbg_963ca06a163693ab16a1c670a7c94728/core.a(Reset.cpp.o)
                0x00000000000838ac                tickReset
 .text.unlikely._ZL11USB_SendZlpv
                0x00000000000838cc       0x20 /home/kai/.cache/arduino/sketches/91995AF81130EF872320639892B853FC/../../cores/arduino_sam_arduino_due_x_dbg_963ca06a163693ab16a1c670a7c94728/core.a(USBCore.cpp.o)
 .text._Z14USBD_Availablem
                0x00000000000838ec       0x2c /home/kai/.cache/arduino/sketches/91995AF81130EF872320639892B853FC/../../cores/arduino_sam_arduino_due_x_dbg_963ca06a163693ab16a1c670a7c94728/core.a(USBCore.cpp.o)
                0x00000000000838ec                USBD_Available(unsigned long)
 .text._Z9USBD_RecvmPvm
                0x0000000000083918       0x7c /home/kai/.cache/arduino/sketches/91995AF81130EF872320639892B853FC/../../cores/arduino_sam_arduino_due_x_dbg_963ca06a163693ab16a1c670a7c94728/core.a(USBCore.cpp.o)
                0x0000000000083918                USBD_Recv(unsigned long, void*, unsigned long)
 .text._Z9USBD_Recvm
                0x0000000000083994       0x22 /home/kai/.cache/arduino/sketches/91995AF81130EF872320639892B853FC/../../cores/arduino_sam_arduino_due_x_dbg_963ca06a163693ab16a1c670a7c94728/core.a(USBCore.cpp.o)
                0x0000000000083994                USBD_Recv(unsigned long)
 *fill*         0x00000000000839b6        0x2 
 .text._Z9USBD_SendmPKvm
                0x00000000000839b8       0x4c /home/kai/.cache/arduino/sketches/91995AF81130EF872320639892B853FC/../../cores/arduino_sam_arduino_due_x_dbg_963ca06a163693ab16a1c670a7c94728/core.a(USBCore.cpp.o)
                0x00000000000839b8                USBD_Send(unsigned long, void const*, unsigned long)
 .text._Z16USBD_SendControlhPKvm
                0x0000000000083a04       0x40 /home/kai/.cache/arduino/sketches/91995AF81130EF872320639892B853FC/../../cores/arduino_sam_arduino_due_x_dbg_963ca06a163693ab16a1c670a7c94728/core.a(USBCore.cpp.o)
                0x0000000000083a04                USBD_SendControl(unsigned char, void const*, unsigned long)
 .text.unlikely._ZL24USB_SendStringDescriptorPKhi
                0x0000000000083a44       0x64 /home/kai/.cache/arduino/sketches/91995AF81130EF872320639892B853FC/../../cores/arduino_sam_arduino_due_x_dbg_963ca06a163693ab16a1c670a7c94728/core.a(USBCore.cpp.o)
 .text._Z16USBD_RecvControlPvm
                0x0000000000083aa8       0x1c /home/kai/.cache/arduino/sketches/91995AF81130EF872320639892B853FC/../../cores/arduino_sam_arduino_due_x_dbg_963ca06a163693ab16a1c670a7c94728/core.a(USBCore.cpp.o)
                0x0000000000083aa8                USBD_RecvControl(void*, unsigned long)
 .text._Z26USBD_ClassInterfaceRequestR8USBSetup
                0x0000000000083ac4       0x1e /home/kai/.cache/arduino/sketches/91995AF81130EF872320639892B853FC/../../cores/arduino_sam_arduino_due_x_dbg_963ca06a163693ab16a1c670a7c94728/core.a(USBCore.cpp.o)
                0x0000000000083ac4                USBD_ClassInterfaceRequest(USBSetup&)
 .text._Z19USBD_SendInterfacesv
                0x0000000000083ae2       0x22 /home/kai/.cache/arduino/sketches/91995AF81130EF872320639892B853FC/../../cores/arduino_sam_arduino_due_x_dbg_963ca06a163693ab16a1c670a7c94728/core.a(USBCore.cpp.o)
                0x0000000000083ae2                USBD_SendInterfaces()
 .text._Z24USBD_SendOtherInterfacesv
                0x0000000000083b04       0x22 /home/kai/.cache/arduino/sketches/91995AF81130EF872320639892B853FC/../../cores/arduino_sam_arduino_due_x_dbg_963ca06a163693ab16a1c670a7c94728/core.a(USBCore.cpp.o)
                0x0000000000083b04                USBD_SendOtherInterfaces()
 .text._Z10USBD_Flushm
                0x0000000000083b26       0x16 /home/kai/.cache/arduino/sketches/91995AF81130EF872320639892B853FC/../../cores/arduino_sam_arduino_due_x_dbg_963ca06a163693ab16a1c670a7c94728/core.a(USBCore.cpp.o)
                0x0000000000083b26                USBD_Flush(unsigned long)
 .text._ZN10USBDevice_C2Ev
                0x0000000000083b3c       0x24 /home/kai/.cache/arduino/sketches/91995AF81130EF872320639892B853FC/../../cores/arduino_sam_arduino_due_x_dbg_963ca06a163693ab16a1c670a7c94728/core.a(USBCore.cpp.o)
                0x0000000000083b3c                USBDevice_::USBDevice_()
                0x0000000000083b3c                USBDevice_::USBDevice_()
 .text._ZN10USBDevice_6attachEv
                0x0000000000083b60       0x20 /home/kai/.cache/arduino/sketches/91995AF81130EF872320639892B853FC/../../cores/arduino_sam_arduino_due_x_dbg_963ca06a163693ab16a1c670a7c94728/core.a(USBCore.cpp.o)
                0x0000000000083b60                USBDevice_::attach()
 .text.startup._GLOBAL__sub_I_EndPoints
                0x0000000000083b80        0xc /home/kai/.cache/arduino/sketches/91995AF81130EF872320639892B853FC/../../cores/arduino_sam_arduino_due_x_dbg_963ca06a163693ab16a1c670a7c94728/core.a(USBCore.cpp.o)
 .text._ZL7USB_ISRv
                0x0000000000083b8c      0x454 /home/kai/.cache/arduino/sketches/91995AF81130EF872320639892B853FC/../../cores/arduino_sam_arduino_due_x_dbg_963ca06a163693ab16a1c670a7c94728/core.a(USBCore.cpp.o)
 .text.__empty  0x0000000000083fe0        0x2 /home/kai/.cache/arduino/sketches/91995AF81130EF872320639892B853FC/../../cores/arduino_sam_arduino_due_x_dbg_963ca06a163693ab16a1c670a7c94728/core.a(hooks.c.o)
                0x0000000000083fe0                yield
 *fill*         0x0000000000083fe2        0x2 
 .text._ZN7Serial_9availableEv
                0x0000000000083fe4       0x18 /home/kai/.cache/arduino/sketches/91995AF81130EF872320639892B853FC/../../cores/arduino_sam_arduino_due_x_dbg_963ca06a163693ab16a1c670a7c94728/core.a(CDC.cpp.o)
                0x0000000000083fe4                Serial_::available()
 .text._ZN7Serial_17availableForWriteEv
                0x0000000000083ffc        0x6 /home/kai/.cache/arduino/sketches/91995AF81130EF872320639892B853FC/../../cores/arduino_sam_arduino_due_x_dbg_963ca06a163693ab16a1c670a7c94728/core.a(CDC.cpp.o)
                0x0000000000083ffc                Serial_::availableForWrite()
 *fill*         0x0000000000084002        0x2 
 .text._ZN7Serial_4peekEv
                0x0000000000084004       0x20 /home/kai/.cache/arduino/sketches/91995AF81130EF872320639892B853FC/../../cores/arduino_sam_arduino_due_x_dbg_963ca06a163693ab16a1c670a7c94728/core.a(CDC.cpp.o)
                0x0000000000084004                Serial_::peek()
 .text._ZN7Serial_5writeEh
                0x0000000000084024       0x16 /home/kai/.cache/arduino/sketches/91995AF81130EF872320639892B853FC/../../cores/arduino_sam_arduino_due_x_dbg_963ca06a163693ab16a1c670a7c94728/core.a(CDC.cpp.o)
                0x0000000000084024                Serial_::write(unsigned char)
 *fill*         0x000000000008403a        0x2 
 .text._ZN7Serial_4readEv
                0x000000000008403c       0x44 /home/kai/.cache/arduino/sketches/91995AF81130EF872320639892B853FC/../../cores/arduino_sam_arduino_due_x_dbg_963ca06a163693ab16a1c670a7c94728/core.a(CDC.cpp.o)
                0x000000000008403c                Serial_::read()
 .text._ZN7Serial_5flushEv
                0x0000000000084080        0x6 /home/kai/.cache/arduino/sketches/91995AF81130EF872320639892B853FC/../../cores/arduino_sam_arduino_due_x_dbg_963ca06a163693ab16a1c670a7c94728/core.a(CDC.cpp.o)
                0x0000000000084080                Serial_::flush()
 *fill*         0x0000000000084086        0x2 
 .text._ZN7Serial_6acceptEv
                0x0000000000084088       0x70 /home/kai/.cache/arduino/sketches/91995AF81130EF872320639892B853FC/../../cores/arduino_sam_arduino_due_x_dbg_963ca06a163693ab16a1c670a7c94728/core.a(CDC.cpp.o)
                0x0000000000084088                Serial_::accept()
 .text._ZN7Serial_5writeEPKhj
                0x00000000000840f8       0x2c /home/kai/.cache/arduino/sketches/91995AF81130EF872320639892B853FC/../../cores/arduino_sam_arduino_due_x_dbg_963ca06a163693ab16a1c670a7c94728/core.a(CDC.cpp.o)
                0x00000000000840f8                Serial_::write(unsigned char const*, unsigned int)
 .text._Z16CDC_GetInterfacePh
                0x0000000000084124       0x14 /home/kai/.cache/arduino/sketches/91995AF81130EF872320639892B853FC/../../cores/arduino_sam_arduino_due_x_dbg_963ca06a163693ab16a1c670a7c94728/core.a(CDC.cpp.o)
                0x0000000000084124                CDC_GetInterface(unsigned char*)
 .text._Z21CDC_GetOtherInterfacePh
                0x0000000000084138       0x14 /home/kai/.cache/arduino/sketches/91995AF81130EF872320639892B853FC/../../cores/arduino_sam_arduino_due_x_dbg_963ca06a163693ab16a1c670a7c94728/core.a(CDC.cpp.o)
                0x0000000000084138                CDC_GetOtherInterface(unsigned char*)
 .text._Z9CDC_SetupR8USBSetup
                0x000000000008414c       0x78 /home/kai/.cache/arduino/sketches/91995AF81130EF872320639892B853FC/../../cores/arduino_sam_arduino_due_x_dbg_963ca06a163693ab16a1c670a7c94728/core.a(CDC.cpp.o)
                0x000000000008414c                CDC_Setup(USBSetup&)
 .text.startup._GLOBAL__sub_I_cdc_rx_buffer
                0x00000000000841c4       0x1c /home/kai/.cache/arduino/sketches/91995AF81130EF872320639892B853FC/../../cores/arduino_sam_arduino_due_x_dbg_963ca06a163693ab16a1c670a7c94728/core.a(CDC.cpp.o)
 .text._ZN13PluggableUSB_12getInterfaceEPh
                0x00000000000841e0       0x28 /home/kai/.cache/arduino/sketches/91995AF81130EF872320639892B853FC/../../cores/arduino_sam_arduino_due_x_dbg_963ca06a163693ab16a1c670a7c94728/core.a(PluggableUSB.cpp.o)
                0x00000000000841e0                PluggableUSB_::getInterface(unsigned char*)
 .text._ZN13PluggableUSB_13getDescriptorER8USBSetup
                0x0000000000084208       0x1c /home/kai/.cache/arduino/sketches/91995AF81130EF872320639892B853FC/../../cores/arduino_sam_arduino_due_x_dbg_963ca06a163693ab16a1c670a7c94728/core.a(PluggableUSB.cpp.o)
                0x0000000000084208                PluggableUSB_::getDescriptor(USBSetup&)
 .text._ZN13PluggableUSB_12getShortNameEPc
                0x0000000000084224       0x1c /home/kai/.cache/arduino/sketches/91995AF81130EF872320639892B853FC/../../cores/arduino_sam_arduino_due_x_dbg_963ca06a163693ab16a1c670a7c94728/core.a(PluggableUSB.cpp.o)
                0x0000000000084224                PluggableUSB_::getShortName(char*)
 .text._ZN13PluggableUSB_5setupER8USBSetup
                0x0000000000084240       0x20 /home/kai/.cache/arduino/sketches/91995AF81130EF872320639892B853FC/../../cores/arduino_sam_arduino_due_x_dbg_963ca06a163693ab16a1c670a7c94728/core.a(PluggableUSB.cpp.o)
                0x0000000000084240                PluggableUSB_::setup(USBSetup&)
 .text._Z12PluggableUSBv
                0x0000000000084260       0x28 /home/kai/.cache/arduino/sketches/91995AF81130EF872320639892B853FC/../../cores/arduino_sam_arduino_due_x_dbg_963ca06a163693ab16a1c670a7c94728/core.a(PluggableUSB.cpp.o)
                0x0000000000084260                PluggableUSB()
 .text.TimeTick_Increment
                0x0000000000084288       0x10 /home/kai/.arduino15/packages/arduino/hardware/sam/1.6.12/variants/arduino_due_x/libsam_sam3x8e_gcc_rel.a(timetick.o)
                0x0000000000084288                TimeTick_Increment
 .text.GetTickCount
                0x0000000000084298        0xc /home/kai/.arduino15/packages/arduino/hardware/sam/1.6.12/variants/arduino_due_x/libsam_sam3x8e_gcc_rel.a(timetick.o)
                0x0000000000084298                GetTickCount
 .text.WDT_Disable
                0x00000000000842a4        0x8 /home/kai/.arduino15/packages/arduino/hardware/sam/1.6.12/variants/arduino_due_x/libsam_sam3x8e_gcc_rel.a(wdt.o)
                0x00000000000842a4                WDT_Disable
 .text.UDD_SetStack
                0x00000000000842ac        0xc /home/kai/.arduino15/packages/arduino/hardware/sam/1.6.12/variants/arduino_due_x/libsam_sam3x8e_gcc_rel.a(uotghs_device.o)
                0x00000000000842ac                UDD_SetStack
 .text.UDD_Init
                0x00000000000842b8       0xd0 /home/kai/.arduino15/packages/arduino/hardware/sam/1.6.12/variants/arduino_due_x/libsam_sam3x8e_gcc_rel.a(uotghs_device.o)
                0x00000000000842b8                UDD_Init
 .text.UDD_Attach
                0x0000000000084388       0x50 /home/kai/.arduino15/packages/arduino/hardware/sam/1.6.12/variants/arduino_due_x/libsam_sam3x8e_gcc_rel.a(uotghs_device.o)
                0x0000000000084388                UDD_Attach
 .text.UDD_InitEP
                0x00000000000843d8       0x2c /home/kai/.arduino15/packages/arduino/hardware/sam/1.6.12/variants/arduino_due_x/libsam_sam3x8e_gcc_rel.a(uotghs_device.o)
                0x00000000000843d8                UDD_InitEP
 .text.UDD_InitEndpoints
                0x0000000000084404       0x3c /home/kai/.arduino15/packages/arduino/hardware/sam/1.6.12/variants/arduino_due_x/libsam_sam3x8e_gcc_rel.a(uotghs_device.o)
                0x0000000000084404                UDD_InitEndpoints
 .text.UDD_WaitIN
                0x0000000000084440       0x10 /home/kai/.arduino15/packages/arduino/hardware/sam/1.6.12/variants/arduino_due_x/libsam_sam3x8e_gcc_rel.a(uotghs_device.o)
                0x0000000000084440                UDD_WaitIN
 .text.UDD_WaitOUT
                0x0000000000084450       0x10 /home/kai/.arduino15/packages/arduino/hardware/sam/1.6.12/variants/arduino_due_x/libsam_sam3x8e_gcc_rel.a(uotghs_device.o)
                0x0000000000084450                UDD_WaitOUT
 .text.UDD_ClearIN
                0x0000000000084460       0x18 /home/kai/.arduino15/packages/arduino/hardware/sam/1.6.12/variants/arduino_due_x/libsam_sam3x8e_gcc_rel.a(uotghs_device.o)
                0x0000000000084460                UDD_ClearIN
 .text.UDD_ClearOUT
                0x0000000000084478       0x18 /home/kai/.arduino15/packages/arduino/hardware/sam/1.6.12/variants/arduino_due_x/libsam_sam3x8e_gcc_rel.a(uotghs_device.o)
                0x0000000000084478                UDD_ClearOUT
 .text.UDD_ReceivedSetupInt
                0x0000000000084490       0x10 /home/kai/.arduino15/packages/arduino/hardware/sam/1.6.12/variants/arduino_due_x/libsam_sam3x8e_gcc_rel.a(uotghs_device.o)
                0x0000000000084490                UDD_ReceivedSetupInt
 .text.UDD_ClearSetupInt
                0x00000000000844a0       0x10 /home/kai/.arduino15/packages/arduino/hardware/sam/1.6.12/variants/arduino_due_x/libsam_sam3x8e_gcc_rel.a(uotghs_device.o)
                0x00000000000844a0                UDD_ClearSetupInt
 .text.UDD_Send
                0x00000000000844b0       0x88 /home/kai/.arduino15/packages/arduino/hardware/sam/1.6.12/variants/arduino_due_x/libsam_sam3x8e_gcc_rel.a(uotghs_device.o)
                0x00000000000844b0                UDD_Send
 .text.UDD_Send8
                0x0000000000084538       0x24 /home/kai/.arduino15/packages/arduino/hardware/sam/1.6.12/variants/arduino_due_x/libsam_sam3x8e_gcc_rel.a(uotghs_device.o)
                0x0000000000084538                UDD_Send8
 .text.UDD_Recv8
                0x000000000008455c       0x28 /home/kai/.arduino15/packages/arduino/hardware/sam/1.6.12/variants/arduino_due_x/libsam_sam3x8e_gcc_rel.a(uotghs_device.o)
                0x000000000008455c                UDD_Recv8
 .text.UDD_Recv
                0x0000000000084584       0x34 /home/kai/.arduino15/packages/arduino/hardware/sam/1.6.12/variants/arduino_due_x/libsam_sam3x8e_gcc_rel.a(uotghs_device.o)
                0x0000000000084584                UDD_Recv
 .text.UDD_Stall
                0x00000000000845b8       0x14 /home/kai/.arduino15/packages/arduino/hardware/sam/1.6.12/variants/arduino_due_x/libsam_sam3x8e_gcc_rel.a(uotghs_device.o)
                0x00000000000845b8                UDD_Stall
 .text.UDD_FifoByteCount
                0x00000000000845cc       0x14 /home/kai/.arduino15/packages/arduino/hardware/sam/1.6.12/variants/arduino_due_x/libsam_sam3x8e_gcc_rel.a(uotghs_device.o)
                0x00000000000845cc                UDD_FifoByteCount
 .text.UDD_ReleaseRX
                0x00000000000845e0       0x28 /home/kai/.arduino15/packages/arduino/hardware/sam/1.6.12/variants/arduino_due_x/libsam_sam3x8e_gcc_rel.a(uotghs_device.o)
                0x00000000000845e0                UDD_ReleaseRX
 .text.UDD_ReleaseTX
                0x0000000000084608       0x28 /home/kai/.arduino15/packages/arduino/hardware/sam/1.6.12/variants/arduino_due_x/libsam_sam3x8e_gcc_rel.a(uotghs_device.o)
                0x0000000000084608                UDD_ReleaseTX
 .text.UDD_SetAddress
                0x0000000000084630       0x20 /home/kai/.arduino15/packages/arduino/hardware/sam/1.6.12/variants/arduino_due_x/libsam_sam3x8e_gcc_rel.a(uotghs_device.o)
                0x0000000000084630                UDD_SetAddress
 .text.__fpclassifyd
                0x0000000000084650       0x50 /home/kai/.arduino15/packages/arduino/tools/arm-none-eabi-gcc/4.8.3-2014q1/bin/../lib/gcc/arm-none-eabi/4.8.3/../../../../arm-none-eabi/lib/armv7-m/libm.a(lib_a-s_fpclassify.o)
                0x0000000000084650                __fpclassifyd
 .text          0x00000000000846a0      0x370 /home/kai/.arduino15/packages/arduino/tools/arm-none-eabi-gcc/4.8.3-2014q1/bin/../lib/gcc/arm-none-eabi/4.8.3/armv7-m/libgcc.a(_arm_addsubdf3.o)
                0x00000000000846a0                __aeabi_drsub
                0x00000000000846a8                __aeabi_dsub
                0x00000000000846a8                __subdf3
                0x00000000000846ac                __adddf3
                0x00000000000846ac                __aeabi_dadd
                0x0000000000084924                __aeabi_ui2d
                0x0000000000084924                __floatunsidf
                0x0000000000084944                __floatsidf
                0x0000000000084944                __aeabi_i2d
                0x0000000000084968                __extendsfdf2
                0x0000000000084968                __aeabi_f2d
                0x00000000000849a4                __aeabi_ul2d
                0x00000000000849a4                __floatundidf
                0x00000000000849b4                __floatdidf
                0x00000000000849b4                __aeabi_l2d
 .text          0x0000000000084a10      0x424 /home/kai/.arduino15/packages/arduino/tools/arm-none-eabi-gcc/4.8.3-2014q1/bin/../lib/gcc/arm-none-eabi/4.8.3/armv7-m/libgcc.a(_arm_muldivdf3.o)
                0x0000000000084a10                __aeabi_dmul
                0x0000000000084a10                __muldf3
                0x0000000000084c64                __aeabi_ddiv
                0x0000000000084c64                __divdf3
 .text          0x0000000000084e34      0x110 /home/kai/.arduino15/packages/arduino/tools/arm-none-eabi-gcc/4.8.3-2014q1/bin/../lib/gcc/arm-none-eabi/4.8.3/armv7-m/libgcc.a(_arm_cmpdf2.o)
                0x0000000000084e34                __gtdf2
                0x0000000000084e34                __gedf2
                0x0000000000084e3c                __ltdf2
                0x0000000000084e3c                __ledf2
                0x0000000000084e44                __cmpdf2
                0x0000000000084e44                __eqdf2
                0x0000000000084e44                __nedf2
                0x0000000000084ec0                __aeabi_cdrcmple
                0x0000000000084ed0                __aeabi_cdcmple
                0x0000000000084ed0                __aeabi_cdcmpeq
                0x0000000000084ee0                __aeabi_dcmpeq
                0x0000000000084ef4                __aeabi_dcmplt
                0x0000000000084f08                __aeabi_dcmple
                0x0000000000084f1c                __aeabi_dcmpge
                0x0000000000084f30                __aeabi_dcmpgt
 .text          0x0000000000084f44       0x40 /home/kai/.arduino15/packages/arduino/tools/arm-none-eabi-gcc/4.8.3-2014q1/bin/../lib/gcc/arm-none-eabi/4.8.3/armv7-m/libgcc.a(_arm_fixunsdfsi.o)
                0x0000000000084f44                __fixunsdfsi
                0x0000000000084f44                __aeabi_d2uiz
 .text          0x0000000000084f84       0xa0 /home/kai/.arduino15/packages/arduino/tools/arm-none-eabi-gcc/4.8.3-2014q1/bin/../lib/gcc/arm-none-eabi/4.8.3/armv7-m/libgcc.a(_arm_truncdfsf2.o)
                0x0000000000084f84                __aeabi_d2f
                0x0000000000084f84                __truncdfsf2
 .text          0x0000000000085024      0x21c /home/kai/.arduino15/packages/arduino/tools/arm-none-eabi-gcc/4.8.3-2014q1/bin/../lib/gcc/arm-none-eabi/4.8.3/armv7-m/libgcc.a(_arm_addsubsf3.o)
                0x0000000000085024                __aeabi_frsub
                0x000000000008502c                __subsf3
                0x000000000008502c                __aeabi_fsub
                0x0000000000085030                __aeabi_fadd
                0x0000000000085030                __addsf3
                0x0000000000085190                __aeabi_ui2f
                0x0000000000085190                __floatunsisf
                0x0000000000085198                __aeabi_i2f
                0x0000000000085198                __floatsisf
                0x00000000000851b4                __floatundisf
                0x00000000000851b4                __aeabi_ul2f
                0x00000000000851c4                __floatdisf
                0x00000000000851c4                __aeabi_l2f
 .text          0x0000000000085240      0x2a0 /home/kai/.arduino15/packages/arduino/tools/arm-none-eabi-gcc/4.8.3-2014q1/bin/../lib/gcc/arm-none-eabi/4.8.3/armv7-m/libgcc.a(_arm_muldivsf3.o)
                0x0000000000085240                __mulsf3
                0x0000000000085240                __aeabi_fmul
                0x00000000000853a8                __divsf3
                0x00000000000853a8                __aeabi_fdiv
 .text          0x00000000000854e0       0x2c /home/kai/.arduino15/packages/arduino/tools/arm-none-eabi-gcc/4.8.3-2014q1/bin/../lib/gcc/arm-none-eabi/4.8.3/armv7-m/libgcc.a(_aeabi_uldivmod.o)
                0x00000000000854e0                __aeabi_uldivmod
 .text          0x000000000008550c       0x60 /home/kai/.arduino15/packages/arduino/tools/arm-none-eabi-gcc/4.8.3-2014q1/bin/../lib/gcc/arm-none-eabi/4.8.3/armv7-m/libgcc.a(bpabi.o)
                0x000000000008550c                __gnu_ldivmod_helper
                0x000000000008553c                __gnu_uldivmod_helper
 .text          0x000000000008556c        0x4 /home/kai/.arduino15/packages/arduino/tools/arm-none-eabi-gcc/4.8.3-2014q1/bin/../lib/gcc/arm-none-eabi/4.8.3/armv7-m/libgcc.a(_dvmd_tls.o)
                0x000000000008556c                __aeabi_ldiv0
                0x000000000008556c                __aeabi_idiv0
 .text          0x0000000000085570      0x2a0 /home/kai/.arduino15/packages/arduino/tools/arm-none-eabi-gcc/4.8.3-2014q1/bin/../lib/gcc/arm-none-eabi/4.8.3/armv7-m/libgcc.a(_divdi3.o)
                0x0000000000085570                __divdi3
 .text          0x0000000000085810      0x290 /home/kai/.arduino15/packages/arduino/tools/arm-none-eabi-gcc/4.8.3-2014q1/bin/../lib/gcc/arm-none-eabi/4.8.3/armv7-m/libgcc.a(_udivdi3.o)
                0x0000000000085810                __udivdi3
 .text.calloc   0x0000000000085aa0       0x10 /home/kai/.arduino15/packages/arduino/tools/arm-none-eabi-gcc/4.8.3-2014q1/bin/../lib/gcc/arm-none-eabi/4.8.3/../../../../arm-none-eabi/lib/armv7-m/libc.a(lib_a-calloc.o)
                0x0000000000085aa0                calloc
 .text._calloc_r
                0x0000000000085ab0       0x60 /home/kai/.arduino15/packages/arduino/tools/arm-none-eabi-gcc/4.8.3-2014q1/bin/../lib/gcc/arm-none-eabi/4.8.3/../../../../arm-none-eabi/lib/armv7-m/libc.a(lib_a-callocr.o)
                0x0000000000085ab0                _calloc_r
 .text.__libc_init_array
                0x0000000000085b10       0x50 /home/kai/.arduino15/packages/arduino/tools/arm-none-eabi-gcc/4.8.3-2014q1/bin/../lib/gcc/arm-none-eabi/4.8.3/../../../../arm-none-eabi/lib/armv7-m/libc.a(lib_a-init.o)
                0x0000000000085b10                __libc_init_array
 .text.malloc   0x0000000000085b60       0x10 /home/kai/.arduino15/packages/arduino/tools/arm-none-eabi-gcc/4.8.3-2014q1/bin/../lib/gcc/arm-none-eabi/4.8.3/../../../../arm-none-eabi/lib/armv7-m/libc.a(lib_a-malloc.o)
                0x0000000000085b60                malloc
 .text.free     0x0000000000085b70       0x10 /home/kai/.arduino15/packages/arduino/tools/arm-none-eabi-gcc/4.8.3-2014q1/bin/../lib/gcc/arm-none-eabi/4.8.3/../../../../arm-none-eabi/lib/armv7-m/libc.a(lib_a-malloc.o)
                0x0000000000085b70                free
 .text._malloc_r
                0x0000000000085b80      0x538 /home/kai/.arduino15/packages/arduino/tools/arm-none-eabi-gcc/4.8.3-2014q1/bin/../lib/gcc/arm-none-eabi/4.8.3/../../../../arm-none-eabi/lib/armv7-m/libc.a(lib_a-mallocr.o)
                0x0000000000085b80                _malloc_r
 .text          0x00000000000860b8       0xec /home/kai/.arduino15/packages/arduino/tools/arm-none-eabi-gcc/4.8.3-2014q1/bin/../lib/gcc/arm-none-eabi/4.8.3/../../../../arm-none-eabi/lib/armv7-m/libc.a(lib_a-memcpy.o)
                0x00000000000860b8                memcpy
 .text.memset   0x00000000000861a4       0x94 /home/kai/.arduino15/packages/arduino/tools/arm-none-eabi-gcc/4.8.3-2014q1/bin/../lib/gcc/arm-none-eabi/4.8.3/../../../../arm-none-eabi/lib/armv7-m/libc.a(lib_a-memset.o)
                0x00000000000861a4                memset
 .text.__malloc_lock
                0x0000000000086238        0x4 /home/kai/.arduino15/packages/arduino/tools/arm-none-eabi-gcc/4.8.3-2014q1/bin/../lib/gcc/arm-none-eabi/4.8.3/../../../../arm-none-eabi/lib/armv7-m/libc.a(lib_a-mlock.o)
                0x0000000000086238                __malloc_lock
 .text.__malloc_unlock
                0x000000000008623c        0x4 /home/kai/.arduino15/packages/arduino/tools/arm-none-eabi-gcc/4.8.3-2014q1/bin/../lib/gcc/arm-none-eabi/4.8.3/../../../../arm-none-eabi/lib/armv7-m/libc.a(lib_a-mlock.o)
                0x000000000008623c                __malloc_unlock
 .text.realloc  0x0000000000086240       0x10 /home/kai/.arduino15/packages/arduino/tools/arm-none-eabi-gcc/4.8.3-2014q1/bin/../lib/gcc/arm-none-eabi/4.8.3/../../../../arm-none-eabi/lib/armv7-m/libc.a(lib_a-realloc.o)
                0x0000000000086240                realloc
 .text._realloc_r
                0x0000000000086250      0x3c0 /home/kai/.arduino15/packages/arduino/tools/arm-none-eabi-gcc/4.8.3-2014q1/bin/../lib/gcc/arm-none-eabi/4.8.3/../../../../arm-none-eabi/lib/armv7-m/libc.a(lib_a-reallocr.o)
                0x0000000000086250                _realloc_r
 .text._sbrk_r  0x0000000000086610       0x24 /home/kai/.arduino15/packages/arduino/tools/arm-none-eabi-gcc/4.8.3-2014q1/bin/../lib/gcc/arm-none-eabi/4.8.3/../../../../arm-none-eabi/lib/armv7-m/libc.a(lib_a-sbrkr.o)
                0x0000000000086610                _sbrk_r
 .text.strlen   0x0000000000086634       0x60 /home/kai/.arduino15/packages/arduino/tools/arm-none-eabi-gcc/4.8.3-2014q1/bin/../lib/gcc/arm-none-eabi/4.8.3/../../../../arm-none-eabi/lib/armv7-m/libc.a(lib_a-strlen.o)
                0x0000000000086634                strlen
 .text.kill     0x0000000000086694       0x10 /home/kai/.arduino15/packages/arduino/tools/arm-none-eabi-gcc/4.8.3-2014q1/bin/../lib/gcc/arm-none-eabi/4.8.3/../../../../arm-none-eabi/lib/armv7-m/libc.a(lib_a-syskill.o)
                0x0000000000086694                kill
 .text.startup.register_fini
                0x00000000000866a4       0x14 /home/kai/.arduino15/packages/arduino/tools/arm-none-eabi-gcc/4.8.3-2014q1/bin/../lib/gcc/arm-none-eabi/4.8.3/../../../../arm-none-eabi/lib/armv7-m/libc.a(lib_a-__call_atexit.o)
 .text.atexit   0x00000000000866b8        0xc /home/kai/.arduino15/packages/arduino/tools/arm-none-eabi-gcc/4.8.3-2014q1/bin/../lib/gcc/arm-none-eabi/4.8.3/../../../../arm-none-eabi/lib/armv7-m/libc.a(lib_a-atexit.o)
                0x00000000000866b8                atexit
 .text.__libc_fini_array
                0x00000000000866c4       0x30 /home/kai/.arduino15/packages/arduino/tools/arm-none-eabi-gcc/4.8.3-2014q1/bin/../lib/gcc/arm-none-eabi/4.8.3/../../../../arm-none-eabi/lib/armv7-m/libc.a(lib_a-fini.o)
                0x00000000000866c4                __libc_fini_array
 .text._malloc_trim_r
                0x00000000000866f4       0x9c /home/kai/.arduino15/packages/arduino/tools/arm-none-eabi-gcc/4.8.3-2014q1/bin/../lib/gcc/arm-none-eabi/4.8.3/../../../../arm-none-eabi/lib/armv7-m/libc.a(lib_a-freer.o)
                0x00000000000866f4                _malloc_trim_r
 .text._free_r  0x0000000000086790      0x198 /home/kai/.arduino15/packages/arduino/tools/arm-none-eabi-gcc/4.8.3-2014q1/bin/../lib/gcc/arm-none-eabi/4.8.3/../../../../arm-none-eabi/lib/armv7-m/libc.a(lib_a-freer.o)
                0x0000000000086790                _free_r